Archive member included to satisfy reference by file (symbol)

E:\Visual Code\EcheckList_Stm32\build\core\core.a(startup_stm32yyxx.S.o)
                              (--whole-archive)
E:\Visual Code\EcheckList_Stm32\build\core\core.a(dtostrf.c.o)
                              (--whole-archive)
E:\Visual Code\EcheckList_Stm32\build\core\core.a(board.c.o)
                              (--whole-archive)
E:\Visual Code\EcheckList_Stm32\build\core\core.a(hooks.c.o)
                              (--whole-archive)
E:\Visual Code\EcheckList_Stm32\build\core\core.a(itoa.c.o)
                              (--whole-archive)
E:\Visual Code\EcheckList_Stm32\build\core\core.a(pins_arduino.c.o)
                              (--whole-archive)
E:\Visual Code\EcheckList_Stm32\build\core\core.a(stm32yyxx_hal.c.o)
                              (--whole-archive)
E:\Visual Code\EcheckList_Stm32\build\core\core.a(stm32yyxx_hal_adc.c.o)
                              (--whole-archive)
E:\Visual Code\EcheckList_Stm32\build\core\core.a(stm32yyxx_hal_adc_ex.c.o)
                              (--whole-archive)
E:\Visual Code\EcheckList_Stm32\build\core\core.a(stm32yyxx_hal_can.c.o)
                              (--whole-archive)
E:\Visual Code\EcheckList_Stm32\build\core\core.a(stm32yyxx_hal_cec.c.o)
                              (--whole-archive)
E:\Visual Code\EcheckList_Stm32\build\core\core.a(stm32yyxx_hal_comp.c.o)
                              (--whole-archive)
E:\Visual Code\EcheckList_Stm32\build\core\core.a(stm32yyxx_hal_comp_ex.c.o)
                              (--whole-archive)
E:\Visual Code\EcheckList_Stm32\build\core\core.a(stm32yyxx_hal_cordic.c.o)
                              (--whole-archive)
E:\Visual Code\EcheckList_Stm32\build\core\core.a(stm32yyxx_hal_cortex.c.o)
                              (--whole-archive)
E:\Visual Code\EcheckList_Stm32\build\core\core.a(stm32yyxx_hal_crc.c.o)
                              (--whole-archive)
E:\Visual Code\EcheckList_Stm32\build\core\core.a(stm32yyxx_hal_crc_ex.c.o)
                              (--whole-archive)
E:\Visual Code\EcheckList_Stm32\build\core\core.a(stm32yyxx_hal_cryp.c.o)
                              (--whole-archive)
E:\Visual Code\EcheckList_Stm32\build\core\core.a(stm32yyxx_hal_cryp_ex.c.o)
                              (--whole-archive)
E:\Visual Code\EcheckList_Stm32\build\core\core.a(stm32yyxx_hal_dac.c.o)
                              (--whole-archive)
E:\Visual Code\EcheckList_Stm32\build\core\core.a(stm32yyxx_hal_dac_ex.c.o)
                              (--whole-archive)
E:\Visual Code\EcheckList_Stm32\build\core\core.a(stm32yyxx_hal_dcmi.c.o)
                              (--whole-archive)
E:\Visual Code\EcheckList_Stm32\build\core\core.a(stm32yyxx_hal_dcmi_ex.c.o)
                              (--whole-archive)
E:\Visual Code\EcheckList_Stm32\build\core\core.a(stm32yyxx_hal_dfsdm.c.o)
                              (--whole-archive)
E:\Visual Code\EcheckList_Stm32\build\core\core.a(stm32yyxx_hal_dfsdm_ex.c.o)
                              (--whole-archive)
E:\Visual Code\EcheckList_Stm32\build\core\core.a(stm32yyxx_hal_dma.c.o)
                              (--whole-archive)
E:\Visual Code\EcheckList_Stm32\build\core\core.a(stm32yyxx_hal_dma2d.c.o)
                              (--whole-archive)
E:\Visual Code\EcheckList_Stm32\build\core\core.a(stm32yyxx_hal_dma_ex.c.o)
                              (--whole-archive)
E:\Visual Code\EcheckList_Stm32\build\core\core.a(stm32yyxx_hal_dsi.c.o)
                              (--whole-archive)
E:\Visual Code\EcheckList_Stm32\build\core\core.a(stm32yyxx_hal_eth.c.o)
                              (--whole-archive)
E:\Visual Code\EcheckList_Stm32\build\core\core.a(stm32yyxx_hal_eth_ex.c.o)
                              (--whole-archive)
E:\Visual Code\EcheckList_Stm32\build\core\core.a(stm32yyxx_hal_exti.c.o)
                              (--whole-archive)
E:\Visual Code\EcheckList_Stm32\build\core\core.a(stm32yyxx_hal_fdcan.c.o)
                              (--whole-archive)
E:\Visual Code\EcheckList_Stm32\build\core\core.a(stm32yyxx_hal_firewall.c.o)
                              (--whole-archive)
E:\Visual Code\EcheckList_Stm32\build\core\core.a(stm32yyxx_hal_flash.c.o)
                              (--whole-archive)
E:\Visual Code\EcheckList_Stm32\build\core\core.a(stm32yyxx_hal_flash_ex.c.o)
                              (--whole-archive)
E:\Visual Code\EcheckList_Stm32\build\core\core.a(stm32yyxx_hal_flash_ramfunc.c.o)
                              (--whole-archive)
E:\Visual Code\EcheckList_Stm32\build\core\core.a(stm32yyxx_hal_fmac.c.o)
                              (--whole-archive)
E:\Visual Code\EcheckList_Stm32\build\core\core.a(stm32yyxx_hal_fmpi2c.c.o)
                              (--whole-archive)
E:\Visual Code\EcheckList_Stm32\build\core\core.a(stm32yyxx_hal_fmpi2c_ex.c.o)
                              (--whole-archive)
[...]
Memory Configuration

Name             Origin             Length             Attributes
RAM              0x20000000         0x00005000         xrw
FLASH            0x08000000         0x00010000         xr
*default*        0x00000000         0xffffffff

Linker script and memory map

LOAD c:/users/dell-pc/appdata/local/arduino15/packages/stm32/tools/arm-none-eabi-gcc/8.2.1-1.7/bin/../lib/gcc/arm-none-eabi/8.2.1/thumb/v7-m/nofp/crti.o
LOAD c:/users/dell-pc/appdata/local/arduino15/packages/stm32/tools/arm-none-eabi-gcc/8.2.1-1.7/bin/../lib/gcc/arm-none-eabi/8.2.1/thumb/v7-m/nofp/crtbegin.o
LOAD c:/users/dell-pc/appdata/local/arduino15/packages/stm32/tools/arm-none-eabi-gcc/8.2.1-1.7/bin/../lib/gcc/arm-none-eabi/8.2.1/../../../../arm-none-eabi/lib/thumb/v7-m/nofp/crt0.o
                0x00000000                LD_FLASH_OFFSET = 0x0
                0x00010000                LD_MAX_SIZE = 0x10000
                0x00005000                LD_MAX_DATA_SIZE = 0x5000
LOAD C:\Users\Dell-PC\AppData\Local\Arduino15\packages\STM32\tools\CMSIS\5.5.1/CMSIS/DSP/Lib/GCC/\libarm_cortexM3l_math.a
START GROUP
LOAD E:\Visual Code\EcheckList_Stm32\build\sketch\ECheckLib.h.cpp.o
LOAD E:\Visual Code\EcheckList_Stm32\build\libraries\Ethernet\Dhcp.cpp.o
LOAD E:\Visual Code\EcheckList_Stm32\build\libraries\Ethernet\Dns.cpp.o
LOAD E:\Visual Code\EcheckList_Stm32\build\libraries\Ethernet\Ethernet.cpp.o
LOAD E:\Visual Code\EcheckList_Stm32\build\libraries\Ethernet\EthernetClient.cpp.o
LOAD E:\Visual Code\EcheckList_Stm32\build\libraries\Ethernet\EthernetServer.cpp.o
LOAD E:\Visual Code\EcheckList_Stm32\build\libraries\Ethernet\EthernetUdp.cpp.o
LOAD E:\Visual Code\EcheckList_Stm32\build\libraries\Ethernet\socket.cpp.o
LOAD E:\Visual Code\EcheckList_Stm32\build\libraries\Ethernet\utility\w5100.cpp.o
LOAD E:\Visual Code\EcheckList_Stm32\build\libraries\SPI\SPI.cpp.o
LOAD E:\Visual Code\EcheckList_Stm32\build\core\PeripheralPins.c.o
LOAD E:\Visual Code\EcheckList_Stm32\build\core\variant.cpp.o
LOAD E:\Visual Code\EcheckList_Stm32\build\core\core.a
LOAD c:/users/dell-pc/appdata/local/arduino15/packages/stm32/tools/arm-none-eabi-gcc/8.2.1-1.7/bin/../lib/gcc/arm-none-eabi/8.2.1/../../../../arm-none-eabi/lib/thumb/v7-m/nofp\libc_nano.a
END GROUP
LOAD c:/users/dell-pc/appdata/local/arduino15/packages/stm32/tools/arm-none-eabi-gcc/8.2.1-1.7/bin/../lib/gcc/arm-none-eabi/8.2.1/../../../../arm-none-eabi/lib/thumb/v7-m/nofp\libm.a
LOAD c:/users/dell-pc/appdata/local/arduino15/packages/stm32/tools/arm-none-eabi-gcc/8.2.1-1.7/bin/../lib/gcc/arm-none-eabi/8.2.1/thumb/v7-m/nofp\libgcc.a
LOAD c:/users/dell-pc/appdata/local/arduino15/packages/stm32/tools/arm-none-eabi-gcc/8.2.1-1.7/bin/../lib/gcc/arm-none-eabi/8.2.1/../../../../arm-none-eabi/lib/thumb/v7-m/nofp\libstdc++_nano.a
START GROUP
LOAD c:/users/dell-pc/appdata/local/arduino15/packages/stm32/tools/arm-none-eabi-gcc/8.2.1-1.7/bin/../lib/gcc/arm-none-eabi/8.2.1/thumb/v7-m/nofp\libgcc.a
LOAD c:/users/dell-pc/appdata/local/arduino15/packages/stm32/tools/arm-none-eabi-gcc/8.2.1-1.7/bin/../lib/gcc/arm-none-eabi/8.2.1/../../../../arm-none-eabi/lib/thumb/v7-m/nofp\libc_nano.a
END GROUP
START GROUP
LOAD c:/users/dell-pc/appdata/local/arduino15/packages/stm32/tools/arm-none-eabi-gcc/8.2.1-1.7/bin/../lib/gcc/arm-none-eabi/8.2.1/thumb/v7-m/nofp\libgcc.a
LOAD c:/users/dell-pc/appdata/local/arduino15/packages/stm32/tools/arm-none-eabi-gcc/8.2.1-1.7/bin/../lib/gcc/arm-none-eabi/8.2.1/../../../../arm-none-eabi/lib/thumb/v7-m/nofp\libc_nano.a
END GROUP
LOAD c:/users/dell-pc/appdata/local/arduino15/packages/stm32/tools/arm-none-eabi-gcc/8.2.1-1.7/bin/../lib/gcc/arm-none-eabi/8.2.1/thumb/v7-m/nofp/crtend.o
LOAD c:/users/dell-pc/appdata/local/arduino15/packages/stm32/tools/arm-none-eabi-gcc/8.2.1-1.7/bin/../lib/gcc/arm-none-eabi/8.2.1/thumb/v7-m/nofp/crtn.o
                0x20005000                _estack = (0x20000000 + LD_MAX_DATA_SIZE)
                0x00000200                _Min_Heap_Size = 0x200
                0x00000400                _Min_Stack_Size = 0x400

.isr_vector     0x08000000      0x10c
                0x08000000                . = ALIGN (0x4)
 *(.isr_vector)
 .isr_vector    0x08000000      0x10c E:\Visual Code\EcheckList_Stm32\build\core\core.a(startup_stm32yyxx.S.o)
                0x08000000                g_pfnVectors
                0x0800010c                . = ALIGN (0x4)

.text           0x0800010c     0xb104
                0x0800010c                . = ALIGN (0x4)
 *(.text)
 .text          0x0800010c       0x14 c:/users/dell-pc/appdata/local/arduino15/packages/stm32/tools/arm-none-eabi-gcc/8.2.1-1.7/bin/../lib/gcc/arm-none-eabi/8.2.1/../../../../arm-none-eabi/lib/thumb/v7-m/nofp\libc_nano.a(lib_a-strcmp.o)
                0x0800010c                strcmp
 .text          0x08000120       0x10 c:/users/dell-pc/appdata/local/arduino15/packages/stm32/tools/arm-none-eabi-gcc/8.2.1-1.7/bin/../lib/gcc/arm-none-eabi/8.2.1/../../../../arm-none-eabi/lib/thumb/v7-m/nofp\libc_nano.a(lib_a-strlen.o)
                0x08000120                strlen
 .text          0x08000130      0x378 c:/users/dell-pc/appdata/local/arduino15/packages/stm32/tools/arm-none-eabi-gcc/8.2.1-1.7/bin/../lib/gcc/arm-none-eabi/8.2.1/thumb/v7-m/nofp\libgcc.a(_arm_addsubdf3.o)
                0x08000130                __aeabi_drsub
                0x08000138                __aeabi_dsub
                0x08000138                __subdf3
                0x0800013c                __aeabi_dadd
                0x0800013c                __adddf3
                0x080003b4                __floatunsidf
                0x080003b4                __aeabi_ui2d
                0x080003d4                __floatsidf
                0x080003d4                __aeabi_i2d
                0x080003f8                __aeabi_f2d
                0x080003f8                __extendsfdf2
                0x0800043c                __floatundidf
                0x0800043c                __aeabi_ul2d
                0x0800044c                __floatdidf
                0x0800044c                __aeabi_l2d
 .text          0x080004a8      0x110 c:/users/dell-pc/appdata/local/arduino15/packages/stm32/tools/arm-none-eabi-gcc/8.2.1-1.7/bin/../lib/gcc/arm-none-eabi/8.2.1/thumb/v7-m/nofp\libgcc.a(_arm_cmpdf2.o)
                0x080004a8                __gtdf2
                0x080004a8                __gedf2
                0x080004b0                __ltdf2
                0x080004b0                __ledf2
                0x080004b8                __nedf2
                0x080004b8                __eqdf2
                0x080004b8                __cmpdf2
                0x08000534                __aeabi_cdrcmple
                0x08000544                __aeabi_cdcmpeq
                0x08000544                __aeabi_cdcmple
                0x08000554                __aeabi_dcmpeq
                0x08000568                __aeabi_dcmplt
                0x0800057c                __aeabi_dcmple
                0x08000590                __aeabi_dcmpge
                0x080005a4                __aeabi_dcmpgt
 .text          0x080005b8      0x21c c:/users/dell-pc/appdata/local/arduino15/packages/stm32/tools/arm-none-eabi-gcc/8.2.1-1.7/bin/../lib/gcc/arm-none-eabi/8.2.1/thumb/v7-m/nofp\libgcc.a(_arm_addsubsf3.o)
                0x080005b8                __aeabi_frsub
                0x080005c0                __subsf3
                0x080005c0                __aeabi_fsub
                0x080005c4                __aeabi_fadd
                0x080005c4                __addsf3
                0x08000724                __aeabi_ui2f
                0x08000724                __floatunsisf
                0x0800072c                __aeabi_i2f
                0x0800072c                __floatsisf
                0x08000748                __aeabi_ul2f
                0x08000748                __floatundisf
                0x08000758                __aeabi_l2f
                0x08000758                __floatdisf
 .text          0x080007d4      0x2a0 c:/users/dell-pc/appdata/local/arduino15/packages/stm32/tools/arm-none-eabi-gcc/8.2.1-1.7/bin/../lib/gcc/arm-none-eabi/8.2.1/thumb/v7-m/nofp\libgcc.a(_arm_muldivsf3.o)
                0x080007d4                __mulsf3
                0x080007d4                __aeabi_fmul
                0x0800093c                __aeabi_fdiv
                0x0800093c                __divsf3
 .text          0x08000a74       0xec c:/users/dell-pc/appdata/local/arduino15/packages/stm32/tools/arm-none-eabi-gcc/8.2.1-1.7/bin/../lib/gcc/arm-none-eabi/8.2.1/thumb/v7-m/nofp\libgcc.a(_arm_cmpsf2.o)
                0x08000a74                __gesf2
                0x08000a74                __gtsf2
                0x08000a7c                __lesf2
                0x08000a7c                __ltsf2
                0x08000a84                __nesf2
                0x08000a84                __eqsf2
                0x08000a84                __cmpsf2
                0x08000ae4                __aeabi_cfrcmple
                0x08000aec                __aeabi_cfcmpeq
                0x08000aec                __aeabi_cfcmple
                0x08000afc                __aeabi_fcmpeq
                0x08000b10                __aeabi_fcmplt
                0x08000b24                __aeabi_fcmple
                0x08000b38                __aeabi_fcmpge
                0x08000b4c                __aeabi_fcmpgt
 .text          0x08000b60       0x40 c:/users/dell-pc/appdata/local/arduino15/packages/stm32/tools/arm-none-eabi-gcc/8.2.1-1.7/bin/../lib/gcc/arm-none-eabi/8.2.1/thumb/v7-m/nofp\libgcc.a(_arm_fixunssfsi.o)
                0x08000b60                __fixunssfsi
                0x08000b60                __aeabi_f2uiz
 *(.text*)
 .text.deregister_tm_clones
                0x08000ba0       0x1c c:/users/dell-pc/appdata/local/arduino15/packages/stm32/tools/arm-none-eabi-gcc/8.2.1-1.7/bin/../lib/gcc/arm-none-eabi/8.2.1/thumb/v7-m/nofp/crtbegin.o
 .text.register_tm_clones
                0x08000bbc       0x24 c:/users/dell-pc/appdata/local/arduino15/packages/stm32/tools/arm-none-eabi-gcc/8.2.1-1.7/bin/../lib/gcc/arm-none-eabi/8.2.1/thumb/v7-m/nofp/crtbegin.o
 .text.__do_global_dtors_aux
                0x08000be0       0x28 c:/users/dell-pc/appdata/local/arduino15/packages/stm32/tools/arm-none-eabi-gcc/8.2.1-1.7/bin/../lib/gcc/arm-none-eabi/8.2.1/thumb/v7-m/nofp/crtbegin.o
 .text.frame_dummy
                0x08000c08       0x24 c:/users/dell-pc/appdata/local/arduino15/packages/stm32/tools/arm-none-eabi-gcc/8.2.1-1.7/bin/../lib/gcc/arm-none-eabi/8.2.1/thumb/v7-m/nofp/crtbegin.o
 .text.__NVIC_SystemReset
                0x08000c2c       0x24 E:\Visual Code\EcheckList_Stm32\build\sketch\ECheckLib.h.cpp.o
 .text._Z21CheckingTimerCallbackP13HardwareTimer
                0x08000c50        0x2 E:\Visual Code\EcheckList_Stm32\build\sketch\ECheckLib.h.cpp.o
                0x08000c50                CheckingTimerCallback(HardwareTimer*)
 .text._Z21FlashLedTimerCallbackP13HardwareTimer
                0x08000c52       0x18 E:\Visual Code\EcheckList_Stm32\build\sketch\ECheckLib.h.cpp.o
                0x08000c52                FlashLedTimerCallback(HardwareTimer*)
 .text._ZN11EEPROMClass5writeEih.isra.6
                0x08000c6a        0x4 E:\Visual Code\EcheckList_Stm32\build\sketch\ECheckLib.h.cpp.o
 *fill*         0x08000c6e        0x2 
 .text._Z10HC595_holdh
                0x08000c70       0x20 E:\Visual Code\EcheckList_Stm32\build\sketch\ECheckLib.h.cpp.o
                0x08000c70                HC595_hold(unsigned char)
 .text._Z11HC595_shifthh
                0x08000c90       0x4c E:\Visual Code\EcheckList_Stm32\build\sketch\ECheckLib.h.cpp.o
                0x08000c90                HC595_shift(unsigned char, unsigned char)
 .text._Z15HC595_shiftBytehh
                0x08000cdc       0x74 E:\Visual Code\EcheckList_Stm32\build\sketch\ECheckLib.h.cpp.o
                0x08000cdc                HC595_shiftByte(unsigned char, unsigned char)
 .text._Z16HC595_writeBytesPhjh
                0x08000d50       0x3c E:\Visual Code\EcheckList_Stm32\build\sketch\ECheckLib.h.cpp.o
                0x08000d50                HC595_writeBytes(unsigned char*, unsigned int, unsigned char)
 .text._ZN7EClient25alarm_check_item_note_offEv.isra.30
                0x08000d8c       0x1a E:\Visual Code\EcheckList_Stm32\build\sketch\ECheckLib.h.cpp.o
 .text._ZN7EClient22alarm_enable_check_offEv.isra.31
                0x08000da6       0x2a E:\Visual Code\EcheckList_Stm32\build\sketch\ECheckLib.h.cpp.o
 .text._Z7IO_initv
                0x08000dd0      0x170 E:\Visual Code\EcheckList_Stm32\build\sketch\ECheckLib.h.cpp.o
                0x08000dd0                IO_init()
 .text._ZN22ArduinoJson6130_00000125variantSetUnsignedIntegerEPNS_11VariantDataEm
                0x08000f40       0x14 E:\Visual Code\EcheckList_Stm32\build\sketch\ECheckLib.h.cpp.o
                0x08000f40                ArduinoJson6130_000001::variantSetUnsignedInteger(ArduinoJson6130_000001::VariantData*, unsigned long)
 .text._ZN22ArduinoJson6130_00000114CollectionData7addSlotEPNS_10MemoryPoolE
                0x08000f54       0x3c E:\Visual Code\EcheckList_Stm32\build\sketch\ECheckLib.h.cpp.o
                0x08000f54                ArduinoJson6130_000001::CollectionData::addSlot(ArduinoJson6130_000001::MemoryPool*)
 .text._ZN22ArduinoJson6130_00000118StaticStringWriter5writeEPKhj
                0x08000f90       0x28 E:\Visual Code\EcheckList_Stm32\build\sketch\ECheckLib.h.cpp.o
                0x08000f90                ArduinoJson6130_000001::StaticStringWriter::write(unsigned char const*, unsigned int)
 .text._ZN7EClient22alarm_but_submit_clickEv
                0x08000fb8       0x1c E:\Visual Code\EcheckList_Stm32\build\sketch\ECheckLib.h.cpp.o
                0x08000fb8                EClient::alarm_but_submit_click()
 .text._ZN7EClient20alarm_submit_successEb
                0x08000fd4       0x5c E:\Visual Code\EcheckList_Stm32\build\sketch\ECheckLib.h.cpp.o
                0x08000fd4                EClient::alarm_submit_success(bool)
 .text._ZN7EClient26get_ethernet_module_statusEv
                0x08001030       0x4c E:\Visual Code\EcheckList_Stm32\build\sketch\ECheckLib.h.cpp.o
                0x08001030                EClient::get_ethernet_module_status()
 .text._ZN7EClient13ethernet_initEv
                0x0800107c       0xd8 E:\Visual Code\EcheckList_Stm32\build\sketch\ECheckLib.h.cpp.o
                0x0800107c                EClient::ethernet_init()
 .text._ZN7EClient24ethernet_checking_moduleEv
                0x08001154       0x20 E:\Visual Code\EcheckList_Stm32\build\sketch\ECheckLib.h.cpp.o
                0x08001154                EClient::ethernet_checking_module()
 .text._ZN7EClient23start_connect_to_serverEm
                0x08001174       0x9c E:\Visual Code\EcheckList_Stm32\build\sketch\ECheckLib.h.cpp.o
                0x08001174                EClient::start_connect_to_server(unsigned long)
 .text._ZN7EClient18ethernet_post_dataEv
                0x08001210       0xb4 E:\Visual Code\EcheckList_Stm32\build\sketch\ECheckLib.h.cpp.o
                0x08001210                EClient::ethernet_post_data()
 .text._ZN7EClient30alarm_enable_select_check_itemEb
                0x080012c4       0x28 E:\Visual Code\EcheckList_Stm32\build\sketch\ECheckLib.h.cpp.o
                0x080012c4                EClient::alarm_enable_select_check_item(bool)
 .text._ZN7EClient32alarm_enable_select_check_personEb
                0x080012ec       0x28 E:\Visual Code\EcheckList_Stm32\build\sketch\ECheckLib.h.cpp.o
                0x080012ec                EClient::alarm_enable_select_check_person(bool)
 .text._ZN7EClient22alarm_check_item_indexEi
                0x08001314       0x2c E:\Visual Code\EcheckList_Stm32\build\sketch\ECheckLib.h.cpp.o
                0x08001314                EClient::alarm_check_item_index(int)
 .text._ZN7EClient24alarm_check_person_indexEi
                0x08001340       0x2c E:\Visual Code\EcheckList_Stm32\build\sketch\ECheckLib.h.cpp.o
                0x08001340                EClient::alarm_check_person_index(int)
 .text._ZN7EClient27alarm_check_item_note_indexEi
                0x0800136c       0x2c E:\Visual Code\EcheckList_Stm32\build\sketch\ECheckLib.h.cpp.o
                0x0800136c                EClient::alarm_check_item_note_index(int)
 .text._ZN7EClient23alarm_check_item_statusEv
                0x08001398       0x88 E:\Visual Code\EcheckList_Stm32\build\sketch\ECheckLib.h.cpp.o
                0x08001398                EClient::alarm_check_item_status()
 .text._ZN7EClient29station_select_new_check_itemEbRi
                0x08001420       0x7c E:\Visual Code\EcheckList_Stm32\build\sketch\ECheckLib.h.cpp.o
                0x08001420                EClient::station_select_new_check_item(bool, int&)
 .text._ZN7EClient25station_select_new_personEbRi
                0x0800149c       0x70 E:\Visual Code\EcheckList_Stm32\build\sketch\ECheckLib.h.cpp.o
                0x0800149c                EClient::station_select_new_person(bool, int&)
 .text._ZN7EClient34station_enable_select_check_personEb
                0x0800150c       0x60 E:\Visual Code\EcheckList_Stm32\build\sketch\ECheckLib.h.cpp.o
                0x0800150c                EClient::station_enable_select_check_person(bool)
 .text._ZN7EClient32station_enable_select_check_itemEb
                0x0800156c       0x88 E:\Visual Code\EcheckList_Stm32\build\sketch\ECheckLib.h.cpp.o
                0x0800156c                EClient::station_enable_select_check_item(bool)
 .text._ZN7EClient31station_select_check_item_notesEbRi
                0x080015f4       0x5c E:\Visual Code\EcheckList_Stm32\build\sketch\ECheckLib.h.cpp.o
                0x080015f4                EClient::station_select_check_item_notes(bool, int&)
 .text._ZN7EClient24alarm_enable_select_noteEv
                0x08001650       0x5c E:\Visual Code\EcheckList_Stm32\build\sketch\ECheckLib.h.cpp.o
                0x08001650                EClient::alarm_enable_select_note()
 .text._ZN7EClient37station_enable_select_check_item_noteEb
                0x080016ac       0x54 E:\Visual Code\EcheckList_Stm32\build\sketch\ECheckLib.h.cpp.o
                0x080016ac                EClient::station_enable_select_check_item_note(bool)
 .text._ZN7EClient28station_set_check_item_stateEh
                0x08001700       0xc0 E:\Visual Code\EcheckList_Stm32\build\sketch\ECheckLib.h.cpp.o
                0x08001700                EClient::station_set_check_item_state(unsigned char)
 .text._ZN7EClient26station_pick_current_notesERiS0_
                0x080017c0       0xc0 E:\Visual Code\EcheckList_Stm32\build\sketch\ECheckLib.h.cpp.o
                0x080017c0                EClient::station_pick_current_notes(int&, int&)
 .text._Z10Timer_Initv
                0x08001880       0x98 E:\Visual Code\EcheckList_Stm32\build\sketch\ECheckLib.h.cpp.o
                0x08001880                Timer_Init()
 .text._Z10hex_to_intc
                0x08001918       0x3a E:\Visual Code\EcheckList_Stm32\build\sketch\ECheckLib.h.cpp.o
                0x08001918                hex_to_int(char)
 *fill*         0x08001952        0x2 
 .text._Z19get_mac_from_stringPKc
                0x08001954       0x30 E:\Visual Code\EcheckList_Stm32\build\sketch\ECheckLib.h.cpp.o
                0x08001954                get_mac_from_string(char const*)
 .text._ZN22ArduinoJson6130_00000114CollectionData3addINS_21ConstRamStringAdapterEEEPNS_11VariantDataET_PNS_10MemoryPoolE
                0x08001984       0x18 E:\Visual Code\EcheckList_Stm32\build\sketch\ECheckLib.h.cpp.o
                0x08001984                ArduinoJson6130_000001::VariantData* ArduinoJson6130_000001::CollectionData::add<ArduinoJson6130_000001::ConstRamStringAdapter>(ArduinoJson6130_000001::ConstRamStringAdapter, ArduinoJson6130_000001::MemoryPool*)
 .text._ZNK22ArduinoJson6130_00000114CollectionData3getINS_21ConstRamStringAdapterEEEPNS_11VariantDataET_
                0x0800199c       0x2e E:\Visual Code\EcheckList_Stm32\build\sketch\ECheckLib.h.cpp.o
                0x0800199c                ArduinoJson6130_000001::VariantData* ArduinoJson6130_000001::CollectionData::get<ArduinoJson6130_000001::ConstRamStringAdapter>(ArduinoJson6130_000001::ConstRamStringAdapter) const
 .text._ZN22ArduinoJson6130_00000117BasicJsonDocumentINS_16DefaultAllocatorEEC2EjS1_
                0x080019ca       0x2c E:\Visual Code\EcheckList_Stm32\build\sketch\ECheckLib.h.cpp.o
                0x080019ca                ArduinoJson6130_000001::BasicJsonDocument<ArduinoJson6130_000001::DefaultAllocator>::BasicJsonDocument(unsigned int, ArduinoJson6130_000001::DefaultAllocator)
                0x080019ca                ArduinoJson6130_000001::BasicJsonDocument<ArduinoJson6130_000001::DefaultAllocator>::BasicJsonDocument(unsigned int, ArduinoJson6130_000001::DefaultAllocator)
 *fill*         0x080019f6        0x2 
 .text._ZNSt6vectorI12ECheckItem_tSaIS0_EE17_M_realloc_insertIJRKS0_EEEvN9__gnu_cxx17__normal_iteratorIPS0_S2_EEDpOT_
                0x080019f8       0x94 E:\Visual Code\EcheckList_Stm32\build\sketch\ECheckLib.h.cpp.o
                0x080019f8                void std::vector<ECheckItem_t, std::allocator<ECheckItem_t> >::_M_realloc_insert<ECheckItem_t const&>(__gnu_cxx::__normal_iterator<ECheckItem_t*, std::vector<ECheckItem_t, std::allocator<ECheckItem_t> > >, ECheckItem_t const&)
 .text._ZN15ECheckStation_t9seting_upEi
                0x08001a8c       0x8c E:\Visual Code\EcheckList_Stm32\build\sketch\ECheckLib.h.cpp.o
                0x08001a8c                ECheckStation_t::seting_up(int)
 .text._ZN15ECheckStation_t22EEPROM_read_local_dataEv
                0x08001b18       0x8c E:\Visual Code\EcheckList_Stm32\build\sketch\ECheckLib.h.cpp.o
                0x08001b18                ECheckStation_t::EEPROM_read_local_data()
 .text._ZN7EClient12station_initEv
                0x08001ba4       0x60 E:\Visual Code\EcheckList_Stm32\build\sketch\ECheckLib.h.cpp.o
                0x08001ba4                EClient::station_init()
 .text.setup    0x08001c04       0x34 E:\Visual Code\EcheckList_Stm32\build\sketch\ECheckLib.h.cpp.o
                0x08001c04                setup
 .text._ZN22ArduinoJson6130_00000111VariantData14getOrAddMemberINS_21ConstRamStringAdapterEEEPS0_T_PNS_10MemoryPoolE
                0x08001c38       0x3c E:\Visual Code\EcheckList_Stm32\build\sketch\ECheckLib.h.cpp.o
                0x08001c38                ArduinoJson6130_000001::VariantData* ArduinoJson6130_000001::VariantData::getOrAddMember<ArduinoJson6130_000001::ConstRamStringAdapter>(ArduinoJson6130_000001::ConstRamStringAdapter, ArduinoJson6130_000001::MemoryPool*)
 .text._ZN22ArduinoJson6130_00000116JsonDeserializerINS_6ReaderIPcvEENS_11StringMoverEE7currentEv
                0x08001c74       0x16 E:\Visual Code\EcheckList_Stm32\build\sketch\ECheckLib.h.cpp.o
                0x08001c74                ArduinoJson6130_000001::JsonDeserializer<ArduinoJson6130_000001::Reader<char*, void>, ArduinoJson6130_000001::StringMover>::current()
 .text._ZN22ArduinoJson6130_00000116JsonDeserializerINS_6ReaderIPcvEENS_11StringMoverEE21skipSpacesAndCommentsEv
                0x08001c8a       0x7a E:\Visual Code\EcheckList_Stm32\build\sketch\ECheckLib.h.cpp.o
                0x08001c8a                ArduinoJson6130_000001::JsonDeserializer<ArduinoJson6130_000001::Reader<char*, void>, ArduinoJson6130_000001::StringMover>::skipSpacesAndComments()
 .text._ZN22ArduinoJson6130_00000117objectGetOrCreateINS_21ConstRamStringAdapterEEEPNS_11VariantDataEPNS_14CollectionDataET_PNS_10MemoryPoolE
                0x08001d04       0x22 E:\Visual Code\EcheckList_Stm32\build\sketch\ECheckLib.h.cpp.o
                0x08001d04                ArduinoJson6130_000001::VariantData* ArduinoJson6130_000001::objectGetOrCreate<ArduinoJson6130_000001::ConstRamStringAdapter>(ArduinoJson6130_000001::CollectionData*, ArduinoJson6130_000001::ConstRamStringAdapter, ArduinoJson6130_000001::MemoryPool*)
 *fill*         0x08001d26        0x2 
 .text._ZN22ArduinoJson6130_00000116JsonDeserializerINS_6ReaderIPcvEENS_11StringMoverEE17parseQuotedStringERPKc
                0x08001d28       0x84 E:\Visual Code\EcheckList_Stm32\build\sketch\ECheckLib.h.cpp.o
                0x08001d28                ArduinoJson6130_000001::JsonDeserializer<ArduinoJson6130_000001::Reader<char*, void>, ArduinoJson6130_000001::StringMover>::parseQuotedString(char const*&)
 .text._ZN22ArduinoJson6130_00000116JsonDeserializerINS_6ReaderIPcvEENS_11StringMoverEE22canBeInNonQuotedStringEc
                0x08001dac       0x2e E:\Visual Code\EcheckList_Stm32\build\sketch\ECheckLib.h.cpp.o
                0x08001dac                ArduinoJson6130_000001::JsonDeserializer<ArduinoJson6130_000001::Reader<char*, void>, ArduinoJson6130_000001::StringMover>::canBeInNonQuotedString(char)
 .text._ZN22ArduinoJson6130_00000116JsonDeserializerINS_6ReaderIPcvEENS_11StringMoverEE8parseKeyERPKc
                0x08001dda       0x70 E:\Visual Code\EcheckList_Stm32\build\sketch\ECheckLib.h.cpp.o
                0x08001dda                ArduinoJson6130_000001::JsonDeserializer<ArduinoJson6130_000001::Reader<char*, void>, ArduinoJson6130_000001::StringMover>::parseKey(char const*&)
 *fill*         0x08001e4a        0x2 
 .text._ZN22ArduinoJson6130_00000111parseNumberIfmEENS_12ParsedNumberIT_T0_EEPKc
                0x08001e4c      0x1a4 E:\Visual Code\EcheckList_Stm32\build\sketch\ECheckLib.h.cpp.o
                0x08001e4c                ArduinoJson6130_000001::ParsedNumber<float, unsigned long> ArduinoJson6130_000001::parseNumber<float, unsigned long>(char const*)
 .text._ZN22ArduinoJson6130_00000116JsonDeserializerINS_6ReaderIPcvEENS_11StringMoverEE17parseNumericValueERNS_11VariantDataE
                0x08001ff0       0xd4 E:\Visual Code\EcheckList_Stm32\build\sketch\ECheckLib.h.cpp.o
                0x08001ff0                ArduinoJson6130_000001::JsonDeserializer<ArduinoJson6130_000001::Reader<char*, void>, ArduinoJson6130_000001::StringMover>::parseNumericValue(ArduinoJson6130_000001::VariantData&)
 .text._ZN22ArduinoJson6130_00000116JsonDeserializerINS_6ReaderIPcvEENS_11StringMoverEE12parseVariantERNS_11VariantDataE
                0x080020c4       0x88 E:\Visual Code\EcheckList_Stm32\build\sketch\ECheckLib.h.cpp.o
                0x080020c4                ArduinoJson6130_000001::JsonDeserializer<ArduinoJson6130_000001::Reader<char*, void>, ArduinoJson6130_000001::StringMover>::parseVariant(ArduinoJson6130_000001::VariantData&)
 .text._ZN7EClient16ethernet_runningEv
                0x0800214c      0x13c E:\Visual Code\EcheckList_Stm32\build\sketch\ECheckLib.h.cpp.o
                0x0800214c                EClient::ethernet_running()
 .text._ZN22ArduinoJson6130_00000116JsonDeserializerINS_6ReaderIPcvEENS_11StringMoverEE10parseArrayERNS_14CollectionDataE
                0x08002288       0x8e E:\Visual Code\EcheckList_Stm32\build\sketch\ECheckLib.h.cpp.o
                0x08002288                ArduinoJson6130_000001::JsonDeserializer<ArduinoJson6130_000001::Reader<char*, void>, ArduinoJson6130_000001::StringMover>::parseArray(ArduinoJson6130_000001::CollectionData&)
 .text._ZN22ArduinoJson6130_00000116JsonDeserializerINS_6ReaderIPcvEENS_11StringMoverEE11parseObjectERNS_14CollectionDataE
                0x08002316       0xdc E:\Visual Code\EcheckList_Stm32\build\sketch\ECheckLib.h.cpp.o
                0x08002316                ArduinoJson6130_000001::JsonDeserializer<ArduinoJson6130_000001::Reader<char*, void>, ArduinoJson6130_000001::StringMover>::parseObject(ArduinoJson6130_000001::CollectionData&)
 .text._ZN22ArduinoJson6130_00000113TextFormatterINS_18StaticStringWriterEE8writeRawEPKc
                0x080023f2       0x1e E:\Visual Code\EcheckList_Stm32\build\sketch\ECheckLib.h.cpp.o
                0x080023f2                ArduinoJson6130_000001::TextFormatter<ArduinoJson6130_000001::StaticStringWriter>::writeRaw(char const*)
 .text._ZN22ArduinoJson6130_00000113TextFormatterINS_18StaticStringWriterEE8writeRawEc
                0x08002410       0x22 E:\Visual Code\EcheckList_Stm32\build\sketch\ECheckLib.h.cpp.o
                0x08002410                ArduinoJson6130_000001::TextFormatter<ArduinoJson6130_000001::StaticStringWriter>::writeRaw(char)
 *fill*         0x08002432        0x2 
 .text._ZN22ArduinoJson6130_00000113TextFormatterINS_18StaticStringWriterEE11writeStringEPKc
                0x08002434       0x54 E:\Visual Code\EcheckList_Stm32\build\sketch\ECheckLib.h.cpp.o
                0x08002434                ArduinoJson6130_000001::TextFormatter<ArduinoJson6130_000001::StaticStringWriter>::writeString(char const*)
 .text._ZN22ArduinoJson6130_00000110FloatPartsIfEC2Ef
                0x08002488      0x16c E:\Visual Code\EcheckList_Stm32\build\sketch\ECheckLib.h.cpp.o
                0x08002488                ArduinoJson6130_000001::FloatParts<float>::FloatParts(float)
                0x08002488                ArduinoJson6130_000001::FloatParts<float>::FloatParts(float)
 .text._ZN22ArduinoJson6130_00000113TextFormatterINS_18StaticStringWriterEE8writeRawEPKcS4_
                0x080025f4       0x12 E:\Visual Code\EcheckList_Stm32\build\sketch\ECheckLib.h.cpp.o
                0x080025f4                ArduinoJson6130_000001::TextFormatter<ArduinoJson6130_000001::StaticStringWriter>::writeRaw(char const*, char const*)
 .text._ZN22ArduinoJson6130_00000113TextFormatterINS_18StaticStringWriterEE20writePositiveIntegerImEEvT_
                0x08002606       0x2e E:\Visual Code\EcheckList_Stm32\build\sketch\ECheckLib.h.cpp.o
                0x08002606                void ArduinoJson6130_000001::TextFormatter<ArduinoJson6130_000001::StaticStringWriter>::writePositiveInteger<unsigned long>(unsigned long)
 .text._ZN22ArduinoJson6130_00000113TextFormatterINS_18StaticStringWriterEE10writeFloatIfEEvT_
                0x08002634      0x118 E:\Visual Code\EcheckList_Stm32\build\sketch\ECheckLib.h.cpp.o
                0x08002634                void ArduinoJson6130_000001::TextFormatter<ArduinoJson6130_000001::StaticStringWriter>::writeFloat<float>(float)
 .text._ZNK22ArduinoJson6130_00000111VariantData6acceptINS_14JsonSerializerINS_18StaticStringWriterEEEEEvRT_
                0x0800274c      0x104 E:\Visual Code\EcheckList_Stm32\build\sketch\ECheckLib.h.cpp.o
                0x0800274c                void ArduinoJson6130_000001::VariantData::accept<ArduinoJson6130_000001::JsonSerializer<ArduinoJson6130_000001::StaticStringWriter> >(ArduinoJson6130_000001::JsonSerializer<ArduinoJson6130_000001::StaticStringWriter>&) const
 .text._ZN7EClient20serialize_local_dataEv
                0x08002850      0x178 E:\Visual Code\EcheckList_Stm32\build\sketch\ECheckLib.h.cpp.o
                0x08002850                EClient::serialize_local_data()
 .text._ZN7EClient14station_submitEv
                0x080029c8       0x78 E:\Visual Code\EcheckList_Stm32\build\sketch\ECheckLib.h.cpp.o
                0x080029c8                EClient::station_submit()
 .text.startup._GLOBAL__sub_I__Z10HC595_holdh
                0x08002a40       0xe0 E:\Visual Code\EcheckList_Stm32\build\sketch\ECheckLib.h.cpp.o
 .text.exit._GLOBAL__sub_D__Z10HC595_holdh
                0x08002b20       0x20 E:\Visual Code\EcheckList_Stm32\build\sketch\ECheckLib.h.cpp.o
 .text._Z25debug_port_receiving_datav
                0x08002b40      0x248 E:\Visual Code\EcheckList_Stm32\build\sketch\ECheckLib.h.cpp.o
                0x08002b40                debug_port_receiving_data()
 .text.loop     0x08002d88      0x3e8 E:\Visual Code\EcheckList_Stm32\build\sketch\ECheckLib.h.cpp.o
                0x08002d88                loop
 .text._ZN9DhcpClass16reset_DHCP_leaseEv
                0x08003170        0xa E:\Visual Code\EcheckList_Stm32\build\libraries\Ethernet\Dhcp.cpp.o
                0x08003170                DhcpClass::reset_DHCP_lease()
 .text._ZN9DhcpClass10getLocalIpEv
                0x0800317a        0xe E:\Visual Code\EcheckList_Stm32\build\libraries\Ethernet\Dhcp.cpp.o
                0x0800317a                DhcpClass::getLocalIp()
 .text._ZN9DhcpClass13getSubnetMaskEv
                0x08003188        0xe E:\Visual Code\EcheckList_Stm32\build\libraries\Ethernet\Dhcp.cpp.o
                0x08003188                DhcpClass::getSubnetMask()
 .text._ZN9DhcpClass12getGatewayIpEv
                0x08003196        0xe E:\Visual Code\EcheckList_Stm32\build\libraries\Ethernet\Dhcp.cpp.o
                0x08003196                DhcpClass::getGatewayIp()
 .text._ZN9DhcpClass14getDnsServerIpEv
                0x080031a4        0xe E:\Visual Code\EcheckList_Stm32\build\libraries\Ethernet\Dhcp.cpp.o
                0x080031a4                DhcpClass::getDnsServerIp()
 .text._ZN9DhcpClass9printByteEPch
                0x080031b2       0x24 E:\Visual Code\EcheckList_Stm32\build\libraries\Ethernet\Dhcp.cpp.o
                0x080031b2                DhcpClass::printByte(char*, unsigned char)
 *fill*         0x080031d6        0x2 
 .text.startup._GLOBAL__sub_I__ZN9DhcpClass13beginWithDHCPEPhmm
                0x080031d8       0x1c E:\Visual Code\EcheckList_Stm32\build\libraries\Ethernet\Dhcp.cpp.o
 .text._ZN9DhcpClass17send_DHCP_MESSAGEEht
                0x080031f4      0x170 E:\Visual Code\EcheckList_Stm32\build\libraries\Ethernet\Dhcp.cpp.o
                0x080031f4                DhcpClass::send_DHCP_MESSAGE(unsigned char, unsigned short)
 .text._ZN9DhcpClass17parseDHCPResponseEmRm
                0x08003364      0x1d0 E:\Visual Code\EcheckList_Stm32\build\libraries\Ethernet\Dhcp.cpp.o
                0x08003364                DhcpClass::parseDHCPResponse(unsigned long, unsigned long&)
 .text._ZN9DhcpClass18request_DHCP_leaseEv
                0x08003534      0x150 E:\Visual Code\EcheckList_Stm32\build\libraries\Ethernet\Dhcp.cpp.o
                0x08003534                DhcpClass::request_DHCP_lease()
 .text._ZN9DhcpClass13beginWithDHCPEPhmm
                0x08003684       0x30 E:\Visual Code\EcheckList_Stm32\build\libraries\Ethernet\Dhcp.cpp.o
                0x08003684                DhcpClass::beginWithDHCP(unsigned char*, unsigned long, unsigned long)
 .text._ZN9DNSClient5beginERK9IPAddress
                0x080036b4        0xa E:\Visual Code\EcheckList_Stm32\build\libraries\Ethernet\Dns.cpp.o
                0x080036b4                DNSClient::begin(IPAddress const&)
 .text._ZN9DNSClient9inet_atonEPKcR9IPAddress
                0x080036be       0x48 E:\Visual Code\EcheckList_Stm32\build\libraries\Ethernet\Dns.cpp.o
                0x080036be                DNSClient::inet_aton(char const*, IPAddress&)
 *fill*         0x08003706        0x2 
 .text.startup._GLOBAL__sub_I__ZN9DNSClient5beginERK9IPAddress
                0x08003708       0x1c E:\Visual Code\EcheckList_Stm32\build\libraries\Ethernet\Dns.cpp.o
 .text._ZN9DNSClient12BuildRequestEPKc
                0x08003724       0xea E:\Visual Code\EcheckList_Stm32\build\libraries\Ethernet\Dns.cpp.o
                0x08003724                DNSClient::BuildRequest(char const*)
 .text._ZN9DNSClient15ProcessResponseEtR9IPAddress
                0x0800380e      0x1d0 E:\Visual Code\EcheckList_Stm32\build\libraries\Ethernet\Dns.cpp.o
                0x0800380e                DNSClient::ProcessResponse(unsigned short, IPAddress&)
 *fill*         0x080039de        0x2 
 .text._ZN9DNSClient13getHostByNameEPKcR9IPAddresst
                0x080039e0       0x8c E:\Visual Code\EcheckList_Stm32\build\libraries\Ethernet\Dns.cpp.o
                0x080039e0                DNSClient::getHostByName(char const*, IPAddress&, unsigned short)
 .text._ZN11SPISettingsC2Em8BitOrderh
                0x08003a6c       0x26 E:\Visual Code\EcheckList_Stm32\build\libraries\Ethernet\Ethernet.cpp.o
                0x08003a6c                SPISettings::SPISettings(unsigned long, BitOrder, unsigned char)
                0x08003a6c                SPISettings::SPISettings(unsigned long, BitOrder, unsigned char)
 .text._ZN8SPIClass16beginTransactionE11SPISettings
                0x08003a92       0x1c E:\Visual Code\EcheckList_Stm32\build\libraries\Ethernet\Ethernet.cpp.o
                0x08003a92                SPIClass::beginTransaction(SPISettings)
 .text._ZN8SPIClass14endTransactionEv
                0x08003aae        0x6 E:\Visual Code\EcheckList_Stm32\build\libraries\Ethernet\Ethernet.cpp.o
                0x08003aae                SPIClass::endTransaction()
 .text._ZN10W5100Class8writeGAREPKh
                0x08003ab4        0xa E:\Visual Code\EcheckList_Stm32\build\libraries\Ethernet\Ethernet.cpp.o
                0x08003ab4                W5100Class::writeGAR(unsigned char const*)
 .text._ZN10W5100Class9writeSUBREPKh
                0x08003abe        0xa E:\Visual Code\EcheckList_Stm32\build\libraries\Ethernet\Ethernet.cpp.o
                0x08003abe                W5100Class::writeSUBR(unsigned char const*)
 .text._ZN10W5100Class9writeSHAREPKh
                0x08003ac8        0xa E:\Visual Code\EcheckList_Stm32\build\libraries\Ethernet\Ethernet.cpp.o
                0x08003ac8                W5100Class::writeSHAR(unsigned char const*)
 .text._ZN10W5100Class9writeSIPREPKh
                0x08003ad2        0xa E:\Visual Code\EcheckList_Stm32\build\libraries\Ethernet\Ethernet.cpp.o
                0x08003ad2                W5100Class::writeSIPR(unsigned char const*)
 .text._ZN13EthernetClass5beginEPhmm
                0x08003adc      0x114 E:\Visual Code\EcheckList_Stm32\build\libraries\Ethernet\Ethernet.cpp.o
                0x08003adc                EthernetClass::begin(unsigned char*, unsigned long, unsigned long)
 .text._ZN13EthernetClass4initEh
                0x08003bf0        0xc E:\Visual Code\EcheckList_Stm32\build\libraries\Ethernet\Ethernet.cpp.o
                0x08003bf0                EthernetClass::init(unsigned char)
 .text._ZN13EthernetClass10linkStatusEv
                0x08003bfc       0x14 E:\Visual Code\EcheckList_Stm32\build\libraries\Ethernet\Ethernet.cpp.o
                0x08003bfc                EthernetClass::linkStatus()
 .text._ZN13EthernetClass14hardwareStatusEv
                0x08003c10       0x1c E:\Visual Code\EcheckList_Stm32\build\libraries\Ethernet\Ethernet.cpp.o
                0x08003c10                EthernetClass::hardwareStatus()
 .text._ZN13EthernetClass7localIPEv
                0x08003c2c       0x40 E:\Visual Code\EcheckList_Stm32\build\libraries\Ethernet\Ethernet.cpp.o
                0x08003c2c                EthernetClass::localIP()
 .text.startup._GLOBAL__sub_I__ZN13EthernetClass17_dnsServerAddressE
                0x08003c6c       0x24 E:\Visual Code\EcheckList_Stm32\build\libraries\Ethernet\Ethernet.cpp.o
 .text._ZN14EthernetClientcvbEv
                0x08003c90        0xc E:\Visual Code\EcheckList_Stm32\build\libraries\Ethernet\EthernetClient.cpp.o
                0x08003c90                EthernetClient::operator bool()
 .text._ZN14EthernetClienteqEb
                0x08003c9c        0x6 E:\Visual Code\EcheckList_Stm32\build\libraries\Ethernet\EthernetClient.cpp.o
                0x08003c9c                EthernetClient::operator==(bool)
 .text._ZN14EthernetClientneEb
                0x08003ca2        0x4 E:\Visual Code\EcheckList_Stm32\build\libraries\Ethernet\EthernetClient.cpp.o
                0x08003ca2                EthernetClient::operator!=(bool)
 .text._ZN14EthernetClientneERKS_
                0x08003ca6       0x10 E:\Visual Code\EcheckList_Stm32\build\libraries\Ethernet\EthernetClient.cpp.o
                0x08003ca6                EthernetClient::operator!=(EthernetClient const&)
 .text._ZN14EthernetClient20setConnectionTimeoutEt
                0x08003cb6        0x4 E:\Visual Code\EcheckList_Stm32\build\libraries\Ethernet\EthernetClient.cpp.o
                0x08003cb6                EthernetClient::setConnectionTimeout(unsigned short)
 .text._ZN14EthernetClient5writeEh
                0x08003cba       0x18 E:\Visual Code\EcheckList_Stm32\build\libraries\Ethernet\EthernetClient.cpp.o
                0x08003cba                EthernetClient::write(unsigned char)
 .text._ZN14EthernetClienteqERKS_
                0x08003cd2       0x16 E:\Visual Code\EcheckList_Stm32\build\libraries\Ethernet\EthernetClient.cpp.o
                0x08003cd2                EthernetClient::operator==(EthernetClient const&)
 .text._ZN14EthernetClient9connectedEv
                0x08003ce8       0x40 E:\Visual Code\EcheckList_Stm32\build\libraries\Ethernet\EthernetClient.cpp.o
                0x08003ce8                EthernetClient::connected()
 .text._ZN14EthernetClient7connectEPKct
                0x08003d28       0x8c E:\Visual Code\EcheckList_Stm32\build\libraries\Ethernet\EthernetClient.cpp.o
                0x08003d28                EthernetClient::connect(char const*, unsigned short)
 .text._ZN14EthernetClient17availableForWriteEv
                0x08003db4       0x12 E:\Visual Code\EcheckList_Stm32\build\libraries\Ethernet\EthernetClient.cpp.o
                0x08003db4                EthernetClient::availableForWrite()
 .text._ZN14EthernetClient5flushEv
                0x08003dc6       0x24 E:\Visual Code\EcheckList_Stm32\build\libraries\Ethernet\EthernetClient.cpp.o
                0x08003dc6                EthernetClient::flush()
 .text._ZN14EthernetClient5writeEPKhj
                0x08003dea       0x1e E:\Visual Code\EcheckList_Stm32\build\libraries\Ethernet\EthernetClient.cpp.o
                0x08003dea                EthernetClient::write(unsigned char const*, unsigned int)
 .text._ZN14EthernetClient9availableEv
                0x08003e08       0x12 E:\Visual Code\EcheckList_Stm32\build\libraries\Ethernet\EthernetClient.cpp.o
                0x08003e08                EthernetClient::available()
 .text._ZN14EthernetClient4readEPhj
                0x08003e1a       0x10 E:\Visual Code\EcheckList_Stm32\build\libraries\Ethernet\EthernetClient.cpp.o
                0x08003e1a                EthernetClient::read(unsigned char*, unsigned int)
 .text._ZN14EthernetClient4readEv
                0x08003e2a       0x20 E:\Visual Code\EcheckList_Stm32\build\libraries\Ethernet\EthernetClient.cpp.o
                0x08003e2a                EthernetClient::read()
 .text._ZN14EthernetClient4peekEv
                0x08003e4a       0x22 E:\Visual Code\EcheckList_Stm32\build\libraries\Ethernet\EthernetClient.cpp.o
                0x08003e4a                EthernetClient::peek()
 .text._ZN14EthernetClient4stopEv
                0x08003e6c       0x3c E:\Visual Code\EcheckList_Stm32\build\libraries\Ethernet\EthernetClient.cpp.o
                0x08003e6c                EthernetClient::stop()
 .text._ZN14EthernetClient7connectE9IPAddresst
                0x08003ea8       0x98 E:\Visual Code\EcheckList_Stm32\build\libraries\Ethernet\EthernetClient.cpp.o
                0x08003ea8                EthernetClient::connect(IPAddress, unsigned short)
 .text._ZN10W5100Class6readSnEhtPht
                0x08003f40       0x20 E:\Visual Code\EcheckList_Stm32\build\libraries\Ethernet\EthernetClient.cpp.o
                0x08003f40                W5100Class::readSn(unsigned char, unsigned short, unsigned char*, unsigned short)
 .text._ZN14EthernetClient9localPortEv
                0x08003f60       0x68 E:\Visual Code\EcheckList_Stm32\build\libraries\Ethernet\EthernetClient.cpp.o
                0x08003f60                EthernetClient::localPort()
 .text._ZN14EthernetClient8remoteIPEv
                0x08003fc8       0x68 E:\Visual Code\EcheckList_Stm32\build\libraries\Ethernet\EthernetClient.cpp.o
                0x08003fc8                EthernetClient::remoteIP()
 .text._ZN14EthernetClient10remotePortEv
                0x08004030       0x68 E:\Visual Code\EcheckList_Stm32\build\libraries\Ethernet\EthernetClient.cpp.o
                0x08004030                EthernetClient::remotePort()
 .text.startup._GLOBAL__sub_I__ZN14EthernetClient7connectEPKct
                0x08004098       0x1c E:\Visual Code\EcheckList_Stm32\build\libraries\Ethernet\EthernetClient.cpp.o
 .text.startup._GLOBAL__sub_I__ZN14EthernetServer11server_portE
                0x080040b4       0x1c E:\Visual Code\EcheckList_Stm32\build\libraries\Ethernet\EthernetServer.cpp.o
 .text._ZN11EthernetUDP4readEPcj
                0x080040d0        0x6 E:\Visual Code\EcheckList_Stm32\build\libraries\Ethernet\EthernetUdp.cpp.o
                0x080040d0                EthernetUDP::read(char*, unsigned int)
 *fill*         0x080040d6        0x2 
 .text._ZN11EthernetUDP8remoteIPEv
                0x080040d8       0x10 E:\Visual Code\EcheckList_Stm32\build\libraries\Ethernet\EthernetUdp.cpp.o
                0x080040d8                EthernetUDP::remoteIP()
 .text._ZN11EthernetUDP10remotePortEv
                0x080040e8        0x4 E:\Visual Code\EcheckList_Stm32\build\libraries\Ethernet\EthernetUdp.cpp.o
                0x080040e8                EthernetUDP::remotePort()
 .text._ZN11EthernetUDP9localPortEv
                0x080040ec        0x4 E:\Visual Code\EcheckList_Stm32\build\libraries\Ethernet\EthernetUdp.cpp.o
                0x080040ec                EthernetUDP::localPort()
 .text._ZN11EthernetUDP9availableEv
                0x080040f0        0x4 E:\Visual Code\EcheckList_Stm32\build\libraries\Ethernet\EthernetUdp.cpp.o
                0x080040f0                EthernetUDP::available()
 .text._ZN11EthernetUDP5writeEh
                0x080040f4       0x18 E:\Visual Code\EcheckList_Stm32\build\libraries\Ethernet\EthernetUdp.cpp.o
                0x080040f4                EthernetUDP::write(unsigned char)
 .text._ZN11EthernetUDP5flushEv
                0x0800410c        0x2 E:\Visual Code\EcheckList_Stm32\build\libraries\Ethernet\EthernetUdp.cpp.o
                0x0800410c                EthernetUDP::flush()
 .text._ZN11EthernetUDP4stopEv
                0x0800410e       0x18 E:\Visual Code\EcheckList_Stm32\build\libraries\Ethernet\EthernetUdp.cpp.o
                0x0800410e                EthernetUDP::stop()
 .text._ZN11EthernetUDP5beginEt
                0x08004126       0x2e E:\Visual Code\EcheckList_Stm32\build\libraries\Ethernet\EthernetUdp.cpp.o
                0x08004126                EthernetUDP::begin(unsigned short)
 .text._ZN11EthernetUDP11beginPacketEPKct
                0x08004154       0x78 E:\Visual Code\EcheckList_Stm32\build\libraries\Ethernet\EthernetUdp.cpp.o
                0x08004154                EthernetUDP::beginPacket(char const*, unsigned short)
 .text._ZN11EthernetUDP11beginPacketE9IPAddresst
                0x080041cc       0x12 E:\Visual Code\EcheckList_Stm32\build\libraries\Ethernet\EthernetUdp.cpp.o
                0x080041cc                EthernetUDP::beginPacket(IPAddress, unsigned short)
 .text._ZN11EthernetUDP9endPacketEv
                0x080041de        0xc E:\Visual Code\EcheckList_Stm32\build\libraries\Ethernet\EthernetUdp.cpp.o
                0x080041de                EthernetUDP::endPacket()
 .text._ZN11EthernetUDP5writeEPKhj
                0x080041ea       0x1a E:\Visual Code\EcheckList_Stm32\build\libraries\Ethernet\EthernetUdp.cpp.o
                0x080041ea                EthernetUDP::write(unsigned char const*, unsigned int)
 .text._ZN11EthernetUDP4readEv
                0x08004204       0x2e E:\Visual Code\EcheckList_Stm32\build\libraries\Ethernet\EthernetUdp.cpp.o
                0x08004204                EthernetUDP::read()
 .text._ZN11EthernetUDP4readEPhj
                0x08004232       0x2a E:\Visual Code\EcheckList_Stm32\build\libraries\Ethernet\EthernetUdp.cpp.o
                0x08004232                EthernetUDP::read(unsigned char*, unsigned int)
 .text._ZN11EthernetUDP4peekEv
                0x0800425c       0x1c E:\Visual Code\EcheckList_Stm32\build\libraries\Ethernet\EthernetUdp.cpp.o
                0x0800425c                EthernetUDP::peek()
 .text._ZN11EthernetUDP14beginMulticastE9IPAddresst
                0x08004278       0x40 E:\Visual Code\EcheckList_Stm32\build\libraries\Ethernet\EthernetUdp.cpp.o
                0x08004278                EthernetUDP::beginMulticast(IPAddress, unsigned short)
 .text._ZN11EthernetUDP11parsePacketEv
                0x080042b8       0x5a E:\Visual Code\EcheckList_Stm32\build\libraries\Ethernet\EthernetUdp.cpp.o
                0x080042b8                EthernetUDP::parsePacket()
 *fill*         0x08004312        0x2 
 .text.startup._GLOBAL__sub_I__ZN11EthernetUDP5beginEt
                0x08004314       0x1c E:\Visual Code\EcheckList_Stm32\build\libraries\Ethernet\EthernetUdp.cpp.o
 .text._ZN10W5100Class6readSnEht
                0x08004330       0x28 E:\Visual Code\EcheckList_Stm32\build\libraries\Ethernet\socket.cpp.o
                0x08004330                W5100Class::readSn(unsigned char, unsigned short)
 .text._ZN10W5100Class7writeSnEhth
                0x08004358       0x2c E:\Visual Code\EcheckList_Stm32\build\libraries\Ethernet\socket.cpp.o
                0x08004358                W5100Class::writeSn(unsigned char, unsigned short, unsigned char)
 .text._ZN10W5100Class7writeSnEhtPht
                0x08004384       0x20 E:\Visual Code\EcheckList_Stm32\build\libraries\Ethernet\socket.cpp.o
                0x08004384                W5100Class::writeSn(unsigned char, unsigned short, unsigned char*, unsigned short)
 .text._ZL10write_datahtPKht
                0x080043a4       0xa8 E:\Visual Code\EcheckList_Stm32\build\libraries\Ethernet\socket.cpp.o
 .text._ZN10W5100Class8readSnSREh
                0x0800444c        0xa E:\Visual Code\EcheckList_Stm32\build\libraries\Ethernet\socket.cpp.o
                0x0800444c                W5100Class::readSnSR(unsigned char)
 .text._ZN10W5100Class11writeSnPORTEht
                0x08004456       0x18 E:\Visual Code\EcheckList_Stm32\build\libraries\Ethernet\socket.cpp.o
                0x08004456                W5100Class::writeSnPORT(unsigned char, unsigned short)
 .text._ZN10W5100Class11writeSnDIPREhPh
                0x0800446e        0xe E:\Visual Code\EcheckList_Stm32\build\libraries\Ethernet\socket.cpp.o
                0x0800446e                W5100Class::writeSnDIPR(unsigned char, unsigned char*)
 .text._ZN10W5100Class12writeSnDPORTEht
                0x0800447c       0x18 E:\Visual Code\EcheckList_Stm32\build\libraries\Ethernet\socket.cpp.o
                0x0800447c                W5100Class::writeSnDPORT(unsigned char, unsigned short)
 .text._ZN10W5100Class12readSnTX_FSREh
                0x08004494       0x1e E:\Visual Code\EcheckList_Stm32\build\libraries\Ethernet\socket.cpp.o
                0x08004494                W5100Class::readSnTX_FSR(unsigned char)
 *fill*         0x080044b2        0x2 
 .text._ZL11getSnTX_FSRh
                0x080044b4       0x28 E:\Visual Code\EcheckList_Stm32\build\libraries\Ethernet\socket.cpp.o
 .text._ZN10W5100Class12readSnRX_RSREh
                0x080044dc       0x1e E:\Visual Code\EcheckList_Stm32\build\libraries\Ethernet\socket.cpp.o
                0x080044dc                W5100Class::readSnRX_RSR(unsigned char)
 .text._ZN10W5100Class11readSnRX_RDEh
                0x080044fa       0x1e E:\Visual Code\EcheckList_Stm32\build\libraries\Ethernet\socket.cpp.o
                0x080044fa                W5100Class::readSnRX_RD(unsigned char)
 .text._ZN10W5100Class5RBASEEh
                0x08004518       0x18 E:\Visual Code\EcheckList_Stm32\build\libraries\Ethernet\socket.cpp.o
                0x08004518                W5100Class::RBASE(unsigned char)
 .text._ZN13EthernetClass14socketPortRandEt
                0x08004530       0x14 E:\Visual Code\EcheckList_Stm32\build\libraries\Ethernet\socket.cpp.o
                0x08004530                EthernetClass::socketPortRand(unsigned short)
 .text._ZN13EthernetClass11socketBeginEht
                0x08004544      0x134 E:\Visual Code\EcheckList_Stm32\build\libraries\Ethernet\socket.cpp.o
                0x08004544                EthernetClass::socketBegin(unsigned char, unsigned short)
 .text._ZN13EthernetClass20socketBeginMulticastEh9IPAddresst
                0x08004678      0x178 E:\Visual Code\EcheckList_Stm32\build\libraries\Ethernet\socket.cpp.o
                0x08004678                EthernetClass::socketBeginMulticast(unsigned char, IPAddress, unsigned short)
 .text._ZN13EthernetClass12socketStatusEh
                0x080047f0       0x3c E:\Visual Code\EcheckList_Stm32\build\libraries\Ethernet\socket.cpp.o
                0x080047f0                EthernetClass::socketStatus(unsigned char)
 .text._ZN13EthernetClass11socketCloseEh
                0x0800482c       0x38 E:\Visual Code\EcheckList_Stm32\build\libraries\Ethernet\socket.cpp.o
                0x0800482c                EthernetClass::socketClose(unsigned char)
 .text._ZN13EthernetClass13socketConnectEhPht
                0x08004864       0x50 E:\Visual Code\EcheckList_Stm32\build\libraries\Ethernet\socket.cpp.o
                0x08004864                EthernetClass::socketConnect(unsigned char, unsigned char*, unsigned short)
 .text._ZN13EthernetClass16socketDisconnectEh
                0x080048b4       0x38 E:\Visual Code\EcheckList_Stm32\build\libraries\Ethernet\socket.cpp.o
                0x080048b4                EthernetClass::socketDisconnect(unsigned char)
 .text._ZN13EthernetClass10socketRecvEhPhs
                0x080048ec      0x134 E:\Visual Code\EcheckList_Stm32\build\libraries\Ethernet\socket.cpp.o
                0x080048ec                EthernetClass::socketRecv(unsigned char, unsigned char*, short)
 .text._ZN13EthernetClass19socketRecvAvailableEh
                0x08004a20       0x5c E:\Visual Code\EcheckList_Stm32\build\libraries\Ethernet\socket.cpp.o
                0x08004a20                EthernetClass::socketRecvAvailable(unsigned char)
 .text._ZN13EthernetClass10socketPeekEh
                0x08004a7c       0x58 E:\Visual Code\EcheckList_Stm32\build\libraries\Ethernet\socket.cpp.o
                0x08004a7c                EthernetClass::socketPeek(unsigned char)
 .text._ZN13EthernetClass10socketSendEhPKht
                0x08004ad4       0xf8 E:\Visual Code\EcheckList_Stm32\build\libraries\Ethernet\socket.cpp.o
                0x08004ad4                EthernetClass::socketSend(unsigned char, unsigned char const*, unsigned short)
 .text._ZN13EthernetClass19socketSendAvailableEh
                0x08004bcc       0x4c E:\Visual Code\EcheckList_Stm32\build\libraries\Ethernet\socket.cpp.o
                0x08004bcc                EthernetClass::socketSendAvailable(unsigned char)
 .text._ZN13EthernetClass16socketBufferDataEhtPKht
                0x08004c18       0x58 E:\Visual Code\EcheckList_Stm32\build\libraries\Ethernet\socket.cpp.o
                0x08004c18                EthernetClass::socketBufferData(unsigned char, unsigned short, unsigned char const*, unsigned short)
 .text._ZN13EthernetClass14socketStartUDPEhPht
                0x08004c70       0x5c E:\Visual Code\EcheckList_Stm32\build\libraries\Ethernet\socket.cpp.o
                0x08004c70                EthernetClass::socketStartUDP(unsigned char, unsigned char*, unsigned short)
 .text._ZN13EthernetClass13socketSendUDPEh
                0x08004ccc       0xa0 E:\Visual Code\EcheckList_Stm32\build\libraries\Ethernet\socket.cpp.o
                0x08004ccc                EthernetClass::socketSendUDP(unsigned char)
 .text.startup._GLOBAL__sub_I__ZN13EthernetClass14socketPortRandEt
                0x08004d6c       0x1c E:\Visual Code\EcheckList_Stm32\build\libraries\Ethernet\socket.cpp.o
 .text._ZN8SPIClass8transferEh15SPITransferMode
                0x08004d88        0xa E:\Visual Code\EcheckList_Stm32\build\libraries\Ethernet\utility\w5100.cpp.o
                0x08004d88                SPIClass::transfer(unsigned char, SPITransferMode)
 *fill*         0x08004d92        0x2 
 .text._ZN10W5100Class5setSSEv
                0x08004d94       0x10 E:\Visual Code\EcheckList_Stm32\build\libraries\Ethernet\utility\w5100.cpp.o
                0x08004d94                W5100Class::setSS()
 .text._ZN10W5100Class7resetSSEv
                0x08004da4       0x10 E:\Visual Code\EcheckList_Stm32\build\libraries\Ethernet\utility\w5100.cpp.o
                0x08004da4                W5100Class::resetSS()
 .text._ZN10W5100Class5writeEtPKht
                0x08004db4      0x15c E:\Visual Code\EcheckList_Stm32\build\libraries\Ethernet\utility\w5100.cpp.o
                0x08004db4                W5100Class::write(unsigned short, unsigned char const*, unsigned short)
 .text._ZN10W5100Class5writeEth
                0x08004f10       0x18 E:\Visual Code\EcheckList_Stm32\build\libraries\Ethernet\utility\w5100.cpp.o
                0x08004f10                W5100Class::write(unsigned short, unsigned char)
 .text._ZN10W5100Class7writeMREh
                0x08004f28        0xc E:\Visual Code\EcheckList_Stm32\build\libraries\Ethernet\utility\w5100.cpp.o
                0x08004f28                W5100Class::writeMR(unsigned char)
 .text._ZN10W5100Class4readEtPht
                0x08004f34      0x110 E:\Visual Code\EcheckList_Stm32\build\libraries\Ethernet\utility\w5100.cpp.o
                0x08004f34                W5100Class::read(unsigned short, unsigned char*, unsigned short)
 .text._ZN10W5100Class4readEt
                0x08005044       0x16 E:\Visual Code\EcheckList_Stm32\build\libraries\Ethernet\utility\w5100.cpp.o
                0x08005044                W5100Class::read(unsigned short)
 .text._ZN10W5100Class6readMREv
                0x0800505a        0xa E:\Visual Code\EcheckList_Stm32\build\libraries\Ethernet\utility\w5100.cpp.o
                0x0800505a                W5100Class::readMR()
 .text._ZN10W5100Class9softResetEv
                0x08005064       0x26 E:\Visual Code\EcheckList_Stm32\build\libraries\Ethernet\utility\w5100.cpp.o
                0x08005064                W5100Class::softReset()
 *fill*         0x0800508a        0x2 
 .text._ZN10W5100Class7isW5100Ev
                0x0800508c       0x44 E:\Visual Code\EcheckList_Stm32\build\libraries\Ethernet\utility\w5100.cpp.o
                0x0800508c                W5100Class::isW5100()
 .text._ZN10W5100Class7isW5200Ev
                0x080050d0       0x50 E:\Visual Code\EcheckList_Stm32\build\libraries\Ethernet\utility\w5100.cpp.o
                0x080050d0                W5100Class::isW5200()
 .text._ZN10W5100Class7isW5500Ev
                0x08005120       0x50 E:\Visual Code\EcheckList_Stm32\build\libraries\Ethernet\utility\w5100.cpp.o
                0x08005120                W5100Class::isW5500()
 .text._ZN10W5100Class4initEv
                0x08005170       0xe4 E:\Visual Code\EcheckList_Stm32\build\libraries\Ethernet\utility\w5100.cpp.o
                0x08005170                W5100Class::init()
 .text._ZN10W5100Class13getLinkStatusEv
                0x08005254       0xa8 E:\Visual Code\EcheckList_Stm32\build\libraries\Ethernet\utility\w5100.cpp.o
                0x08005254                W5100Class::getLinkStatus()
 .text._ZN10W5100Class9execCmdSnEh7SockCMD
                0x080052fc       0x28 E:\Visual Code\EcheckList_Stm32\build\libraries\Ethernet\utility\w5100.cpp.o
                0x080052fc                W5100Class::execCmdSn(unsigned char, SockCMD)
 .text.startup._GLOBAL__sub_I__ZN10W5100Class4chipE
                0x08005324       0x1c E:\Visual Code\EcheckList_Stm32\build\libraries\Ethernet\utility\w5100.cpp.o
 .text._ZN8SPIClass6pinIdxEhNS_12pin_option_tE
                0x08005340       0x44 E:\Visual Code\EcheckList_Stm32\build\libraries\SPI\SPI.cpp.o
                0x08005340                SPIClass::pinIdx(unsigned char, SPIClass::pin_option_t)
 .text._ZN8SPIClassC2Ev
                0x08005384       0x48 E:\Visual Code\EcheckList_Stm32\build\libraries\SPI\SPI.cpp.o
                0x08005384                SPIClass::SPIClass()
                0x08005384                SPIClass::SPIClass()
 .text._ZN8SPIClass5beginEh
                0x080053cc       0x50 E:\Visual Code\EcheckList_Stm32\build\libraries\SPI\SPI.cpp.o
                0x080053cc                SPIClass::begin(unsigned char)
 .text._ZN8SPIClass16beginTransactionEh11SPISettings
                0x0800541c       0x74 E:\Visual Code\EcheckList_Stm32\build\libraries\SPI\SPI.cpp.o
                0x0800541c                SPIClass::beginTransaction(unsigned char, SPISettings)
 .text._ZN8SPIClass14endTransactionEh
                0x08005490       0x3c E:\Visual Code\EcheckList_Stm32\build\libraries\SPI\SPI.cpp.o
                0x08005490                SPIClass::endTransaction(unsigned char)
 .text._ZN8SPIClass8transferEhh15SPITransferMode
                0x080054cc       0x90 E:\Visual Code\EcheckList_Stm32\build\libraries\SPI\SPI.cpp.o
                0x080054cc                SPIClass::transfer(unsigned char, unsigned char, SPITransferMode)
 .text._ZN8SPIClass8transferEhPvj15SPITransferMode
                0x0800555c       0x92 E:\Visual Code\EcheckList_Stm32\build\libraries\SPI\SPI.cpp.o
                0x0800555c                SPIClass::transfer(unsigned char, void*, unsigned int, SPITransferMode)
 *fill*         0x080055ee        0x2 
 .text.startup._GLOBAL__sub_I_SPI
                0x080055f0        0xc E:\Visual Code\EcheckList_Stm32\build\libraries\SPI\SPI.cpp.o
 .text.SystemClock_Config
                0x080055fc       0x60 E:\Visual Code\EcheckList_Stm32\build\core\variant.cpp.o
                0x080055fc                SystemClock_Config
 .text.Reset_Handler
                0x0800565c       0x48 E:\Visual Code\EcheckList_Stm32\build\core\core.a(startup_stm32yyxx.S.o)
                0x0800565c                Reset_Handler
 .text.Default_Handler
                0x080056a4        0x2 E:\Visual Code\EcheckList_Stm32\build\core\core.a(startup_stm32yyxx.S.o)
                0x080056a4                DebugMon_Handler
                0x080056a4                HardFault_Handler
                0x080056a4                PVD_IRQHandler
                0x080056a4                PendSV_Handler
                0x080056a4                NMI_Handler
                0x080056a4                UsageFault_Handler
                0x080056a4                ADC1_2_IRQHandler
                0x080056a4                SPI1_IRQHandler
                0x080056a4                TAMPER_IRQHandler
                0x080056a4                DMA1_Channel4_IRQHandler
                0x080056a4                RTC_IRQHandler
                0x080056a4                DMA1_Channel7_IRQHandler
                0x080056a4                CAN1_RX1_IRQHandler
                0x080056a4                DMA1_Channel6_IRQHandler
                0x080056a4                RCC_IRQHandler
                0x080056a4                TIM1_TRG_COM_IRQHandler
                0x080056a4                DMA1_Channel1_IRQHandler
                0x080056a4                Default_Handler
                0x080056a4                SPI2_IRQHandler
                0x080056a4                MemManage_Handler
                0x080056a4                SVC_Handler
                0x080056a4                DMA1_Channel5_IRQHandler
                0x080056a4                USB_LP_CAN1_RX0_IRQHandler
                0x080056a4                USB_HP_CAN1_TX_IRQHandler
                0x080056a4                DMA1_Channel3_IRQHandler
                0x080056a4                WWDG_IRQHandler
                0x080056a4                TIM1_BRK_IRQHandler
                0x080056a4                DMA1_Channel2_IRQHandler
                0x080056a4                CAN1_SCE_IRQHandler
                0x080056a4                FLASH_IRQHandler
                0x080056a4                BusFault_Handler
                0x080056a4                USBWakeUp_IRQHandler
 .text.init     0x080056a6        0x4 E:\Visual Code\EcheckList_Stm32\build\core\core.a(board.c.o)
                0x080056a6                init
 .text.__empty  0x080056aa        0x2 E:\Visual Code\EcheckList_Stm32\build\core\core.a(hooks.c.o)
                0x080056aa                yield
 .text.HAL_MspInit
                0x080056ac        0x2 E:\Visual Code\EcheckList_Stm32\build\core\core.a(stm32yyxx_hal.c.o)
                0x080056ac                HAL_MspInit
 *fill*         0x080056ae        0x2 
 .text.HAL_InitTick
                0x080056b0       0x48 E:\Visual Code\EcheckList_Stm32\build\core\core.a(stm32yyxx_hal.c.o)
                0x080056b0                HAL_InitTick
 .text.HAL_Init
                0x080056f8       0x24 E:\Visual Code\EcheckList_Stm32\build\core\core.a(stm32yyxx_hal.c.o)
                0x080056f8                HAL_Init
 .text.HAL_IncTick
                0x0800571c       0x18 E:\Visual Code\EcheckList_Stm32\build\core\core.a(stm32yyxx_hal.c.o)
                0x0800571c                HAL_IncTick
 .text.HAL_GetTick
                0x08005734        0xc E:\Visual Code\EcheckList_Stm32\build\core\core.a(stm32yyxx_hal.c.o)
                0x08005734                HAL_GetTick
 .text.HAL_NVIC_SetPriorityGrouping
                0x08005740       0x24 E:\Visual Code\EcheckList_Stm32\build\core\core.a(stm32yyxx_hal_cortex.c.o)
                0x08005740                HAL_NVIC_SetPriorityGrouping
 .text.HAL_NVIC_SetPriority
                0x08005764       0x68 E:\Visual Code\EcheckList_Stm32\build\core\core.a(stm32yyxx_hal_cortex.c.o)
                0x08005764                HAL_NVIC_SetPriority
 .text.HAL_NVIC_EnableIRQ
                0x080057cc       0x1c E:\Visual Code\EcheckList_Stm32\build\core\core.a(stm32yyxx_hal_cortex.c.o)
                0x080057cc                HAL_NVIC_EnableIRQ
 .text.HAL_NVIC_DisableIRQ
                0x080057e8       0x28 E:\Visual Code\EcheckList_Stm32\build\core\core.a(stm32yyxx_hal_cortex.c.o)
                0x080057e8                HAL_NVIC_DisableIRQ
 .text.HAL_SYSTICK_Config
                0x08005810       0x2c E:\Visual Code\EcheckList_Stm32\build\core\core.a(stm32yyxx_hal_cortex.c.o)
                0x08005810                HAL_SYSTICK_Config
 .text.HAL_NVIC_ClearPendingIRQ
                0x0800583c       0x20 E:\Visual Code\EcheckList_Stm32\build\core\core.a(stm32yyxx_hal_cortex.c.o)
                0x0800583c                HAL_NVIC_ClearPendingIRQ
 .text.HAL_SYSTICK_Callback
                0x0800585c        0x2 E:\Visual Code\EcheckList_Stm32\build\core\core.a(stm32yyxx_hal_cortex.c.o)
                0x0800585c                HAL_SYSTICK_Callback
 .text.HAL_SYSTICK_IRQHandler
                0x0800585e        0x8 E:\Visual Code\EcheckList_Stm32\build\core\core.a(stm32yyxx_hal_cortex.c.o)
                0x0800585e                HAL_SYSTICK_IRQHandler
 *fill*         0x08005866        0x2 
 .text.HAL_DMA_Abort_IT
                0x08005868       0x8c E:\Visual Code\EcheckList_Stm32\build\core\core.a(stm32yyxx_hal_dma.c.o)
                0x08005868                HAL_DMA_Abort_IT
 .text.HAL_DMA_GetState
                0x080058f4        0x6 E:\Visual Code\EcheckList_Stm32\build\core\core.a(stm32yyxx_hal_dma.c.o)
                0x080058f4                HAL_DMA_GetState
 *fill*         0x080058fa        0x2 
 .text.FLASH_SetErrorCode
                0x080058fc       0x50 E:\Visual Code\EcheckList_Stm32\build\core\core.a(stm32yyxx_hal_flash.c.o)
 .text.HAL_FLASH_Unlock
                0x0800594c       0x24 E:\Visual Code\EcheckList_Stm32\build\core\core.a(stm32yyxx_hal_flash.c.o)
                0x0800594c                HAL_FLASH_Unlock
 .text.HAL_FLASH_Lock
                0x08005970       0x14 E:\Visual Code\EcheckList_Stm32\build\core\core.a(stm32yyxx_hal_flash.c.o)
                0x08005970                HAL_FLASH_Lock
 .text.FLASH_WaitForLastOperation
                0x08005984       0x54 E:\Visual Code\EcheckList_Stm32\build\core\core.a(stm32yyxx_hal_flash.c.o)
                0x08005984                FLASH_WaitForLastOperation
 .text.HAL_FLASH_Program
                0x080059d8       0xa0 E:\Visual Code\EcheckList_Stm32\build\core\core.a(stm32yyxx_hal_flash.c.o)
                0x080059d8                HAL_FLASH_Program
 .text.FLASH_MassErase.isra.0
                0x08005a78       0x24 E:\Visual Code\EcheckList_Stm32\build\core\core.a(stm32yyxx_hal_flash_ex.c.o)
 .text.FLASH_PageErase
                0x08005a9c       0x24 E:\Visual Code\EcheckList_Stm32\build\core\core.a(stm32yyxx_hal_flash_ex.c.o)
                0x08005a9c                FLASH_PageErase
 .text.HAL_FLASHEx_Erase
                0x08005ac0       0x98 E:\Visual Code\EcheckList_Stm32\build\core\core.a(stm32yyxx_hal_flash_ex.c.o)
                0x08005ac0                HAL_FLASHEx_Erase
 .text.HAL_GPIO_EXTI_IRQHandler
                0x08005b58       0x18 E:\Visual Code\EcheckList_Stm32\build\core\core.a(stm32yyxx_hal_gpio.c.o)
                0x08005b58                HAL_GPIO_EXTI_IRQHandler
 .text.HAL_I2C_Slave_Seq_Transmit_IT
                0x08005b70       0x7c E:\Visual Code\EcheckList_Stm32\build\core\core.a(stm32yyxx_hal_i2c.c.o)
                0x08005b70                HAL_I2C_Slave_Seq_Transmit_IT
 .text.HAL_I2C_Slave_Seq_Receive_IT
                0x08005bec       0x7c E:\Visual Code\EcheckList_Stm32\build\core\core.a(stm32yyxx_hal_i2c.c.o)
                0x08005bec                HAL_I2C_Slave_Seq_Receive_IT
 .text.HAL_I2C_EnableListen_IT
                0x08005c68       0x36 E:\Visual Code\EcheckList_Stm32\build\core\core.a(stm32yyxx_hal_i2c.c.o)
                0x08005c68                HAL_I2C_EnableListen_IT
 .text.HAL_I2C_MasterTxCpltCallback
                0x08005c9e        0x2 E:\Visual Code\EcheckList_Stm32\build\core\core.a(stm32yyxx_hal_i2c.c.o)
                0x08005c9e                HAL_I2C_MasterTxCpltCallback
 .text.HAL_I2C_MasterRxCpltCallback
                0x08005ca0        0x2 E:\Visual Code\EcheckList_Stm32\build\core\core.a(stm32yyxx_hal_i2c.c.o)
                0x08005ca0                HAL_I2C_MasterRxCpltCallback
 .text.HAL_I2C_MemTxCpltCallback
                0x08005ca2        0x2 E:\Visual Code\EcheckList_Stm32\build\core\core.a(stm32yyxx_hal_i2c.c.o)
                0x08005ca2                HAL_I2C_MemTxCpltCallback
 .text.HAL_I2C_MemRxCpltCallback
                0x08005ca4        0x2 E:\Visual Code\EcheckList_Stm32\build\core\core.a(stm32yyxx_hal_i2c.c.o)
                0x08005ca4                HAL_I2C_MemRxCpltCallback
 .text.HAL_I2C_AbortCpltCallback
                0x08005ca6        0x2 E:\Visual Code\EcheckList_Stm32\build\core\core.a(stm32yyxx_hal_i2c.c.o)
                0x08005ca6                HAL_I2C_AbortCpltCallback
 .text.I2C_DMAAbort
                0x08005ca8       0x76 E:\Visual Code\EcheckList_Stm32\build\core\core.a(stm32yyxx_hal_i2c.c.o)
 *fill*         0x08005d1e        0x2 
 .text.I2C_ITError
                0x08005d20      0x144 E:\Visual Code\EcheckList_Stm32\build\core\core.a(stm32yyxx_hal_i2c.c.o)
 .text.HAL_I2C_EV_IRQHandler
                0x08005e64      0x850 E:\Visual Code\EcheckList_Stm32\build\core\core.a(stm32yyxx_hal_i2c.c.o)
                0x08005e64                HAL_I2C_EV_IRQHandler
 .text.HAL_I2C_ER_IRQHandler
                0x080066b4      0x134 E:\Visual Code\EcheckList_Stm32\build\core\core.a(stm32yyxx_hal_i2c.c.o)
                0x080066b4                HAL_I2C_ER_IRQHandler
 .text.HAL_RCC_OscConfig
                0x080067e8      0x33c E:\Visual Code\EcheckList_Stm32\build\core\core.a(stm32yyxx_hal_rcc.c.o)
                0x080067e8                HAL_RCC_OscConfig
 .text.HAL_RCC_GetSysClockFreq
                0x08006b24       0x74 E:\Visual Code\EcheckList_Stm32\build\core\core.a(stm32yyxx_hal_rcc.c.o)
                0x08006b24                HAL_RCC_GetSysClockFreq
 .text.HAL_RCC_ClockConfig
                0x08006b98      0x138 E:\Visual Code\EcheckList_Stm32\build\core\core.a(stm32yyxx_hal_rcc.c.o)
                0x08006b98                HAL_RCC_ClockConfig
 .text.HAL_RCC_GetPCLK1Freq
                0x08006cd0       0x20 E:\Visual Code\EcheckList_Stm32\build\core\core.a(stm32yyxx_hal_rcc.c.o)
                0x08006cd0                HAL_RCC_GetPCLK1Freq
 .text.HAL_RCC_GetPCLK2Freq
                0x08006cf0       0x20 E:\Visual Code\EcheckList_Stm32\build\core\core.a(stm32yyxx_hal_rcc.c.o)
                0x08006cf0                HAL_RCC_GetPCLK2Freq
 .text.HAL_RCC_GetClockConfig
                0x08006d10       0x3c E:\Visual Code\EcheckList_Stm32\build\core\core.a(stm32yyxx_hal_rcc.c.o)
                0x08006d10                HAL_RCC_GetClockConfig
 .text.HAL_RCCEx_PeriphCLKConfig
                0x08006d4c       0xf0 E:\Visual Code\EcheckList_Stm32\build\core\core.a(stm32yyxx_hal_rcc_ex.c.o)
                0x08006d4c                HAL_RCCEx_PeriphCLKConfig
 .text.HAL_RTC_AlarmIRQHandler
                0x08006e3c       0x30 E:\Visual Code\EcheckList_Stm32\build\core\core.a(stm32yyxx_hal_rtc.c.o)
                0x08006e3c                HAL_RTC_AlarmIRQHandler
 .text.SPI_WaitFlagStateUntilTimeout.constprop.5
                0x08006e6c       0x76 E:\Visual Code\EcheckList_Stm32\build\core\core.a(stm32yyxx_hal_spi.c.o)
 .text.SPI_EndRxTxTransaction
                0x08006ee2       0x1c E:\Visual Code\EcheckList_Stm32\build\core\core.a(stm32yyxx_hal_spi.c.o)
 .text.HAL_SPI_MspInit
                0x08006efe        0x2 E:\Visual Code\EcheckList_Stm32\build\core\core.a(stm32yyxx_hal_spi.c.o)
                0x08006efe                HAL_SPI_MspInit
 .text.HAL_SPI_Init
                0x08006f00       0x76 E:\Visual Code\EcheckList_Stm32\build\core\core.a(stm32yyxx_hal_spi.c.o)
                0x08006f00                HAL_SPI_Init
 .text.HAL_SPI_TransmitReceive
                0x08006f76      0x1d8 E:\Visual Code\EcheckList_Stm32\build\core\core.a(stm32yyxx_hal_spi.c.o)
                0x08006f76                HAL_SPI_TransmitReceive
 *fill*         0x0800714e        0x2 
 .text.TIM_OC1_SetConfig
                0x08007150       0x50 E:\Visual Code\EcheckList_Stm32\build\core\core.a(stm32yyxx_hal_tim.c.o)
 .text.TIM_OC3_SetConfig
                0x080071a0       0x54 E:\Visual Code\EcheckList_Stm32\build\core\core.a(stm32yyxx_hal_tim.c.o)
 .text.TIM_OC4_SetConfig
                0x080071f4       0x44 E:\Visual Code\EcheckList_Stm32\build\core\core.a(stm32yyxx_hal_tim.c.o)
 .text.HAL_TIM_Base_Start
                0x08007238       0x24 E:\Visual Code\EcheckList_Stm32\build\core\core.a(stm32yyxx_hal_tim.c.o)
                0x08007238                HAL_TIM_Base_Start
 .text.HAL_TIM_Base_Start_IT
                0x0800725c       0x20 E:\Visual Code\EcheckList_Stm32\build\core\core.a(stm32yyxx_hal_tim.c.o)
                0x0800725c                HAL_TIM_Base_Start_IT
 .text.HAL_TIM_PWM_PulseFinishedCallback
                0x0800727c        0x2 E:\Visual Code\EcheckList_Stm32\build\core\core.a(stm32yyxx_hal_tim.c.o)
                0x0800727c                HAL_TIM_PWM_PulseFinishedCallback
 .text.HAL_TIM_TriggerCallback
                0x0800727e        0x2 E:\Visual Code\EcheckList_Stm32\build\core\core.a(stm32yyxx_hal_tim.c.o)
                0x0800727e                HAL_TIM_TriggerCallback
 .text.HAL_TIM_IRQHandler
                0x08007280      0x144 E:\Visual Code\EcheckList_Stm32\build\core\core.a(stm32yyxx_hal_tim.c.o)
                0x08007280                HAL_TIM_IRQHandler
 .text.TIM_Base_SetConfig
                0x080073c4       0x70 E:\Visual Code\EcheckList_Stm32\build\core\core.a(stm32yyxx_hal_tim.c.o)
                0x080073c4                TIM_Base_SetConfig
 .text.HAL_TIM_Base_Init
                0x08007434       0x34 E:\Visual Code\EcheckList_Stm32\build\core\core.a(stm32yyxx_hal_tim.c.o)
                0x08007434                HAL_TIM_Base_Init
 .text.TIM_OC2_SetConfig
                0x08007468       0x58 E:\Visual Code\EcheckList_Stm32\build\core\core.a(stm32yyxx_hal_tim.c.o)
                0x08007468                TIM_OC2_SetConfig
 .text.HAL_TIM_OC_ConfigChannel
                0x080074c0       0x5c E:\Visual Code\EcheckList_Stm32\build\core\core.a(stm32yyxx_hal_tim.c.o)
                0x080074c0                HAL_TIM_OC_ConfigChannel
 .text.HAL_TIM_PWM_ConfigChannel
                0x0800751c       0xc4 E:\Visual Code\EcheckList_Stm32\build\core\core.a(stm32yyxx_hal_tim.c.o)
                0x0800751c                HAL_TIM_PWM_ConfigChannel
 .text.TIM_TI1_SetConfig
                0x080075e0       0x54 E:\Visual Code\EcheckList_Stm32\build\core\core.a(stm32yyxx_hal_tim.c.o)
                0x080075e0                TIM_TI1_SetConfig
 .text.HAL_TIM_IC_ConfigChannel
                0x08007634      0x112 E:\Visual Code\EcheckList_Stm32\build\core\core.a(stm32yyxx_hal_tim.c.o)
                0x08007634                HAL_TIM_IC_ConfigChannel
 .text.TIM_CCxChannelCmd
                0x08007746       0x1c E:\Visual Code\EcheckList_Stm32\build\core\core.a(stm32yyxx_hal_tim.c.o)
                0x08007746                TIM_CCxChannelCmd
 *fill*         0x08007762        0x2 
 .text.HAL_TIM_OC_Start
                0x08007764       0x38 E:\Visual Code\EcheckList_Stm32\build\core\core.a(stm32yyxx_hal_tim.c.o)
                0x08007764                HAL_TIM_OC_Start
 .text.HAL_TIM_PWM_Start
                0x0800779c        0x4 E:\Visual Code\EcheckList_Stm32\build\core\core.a(stm32yyxx_hal_tim.c.o)
                0x0800779c                HAL_TIM_PWM_Start
 .text.HAL_TIM_OC_Start_IT
                0x080077a0       0x6c E:\Visual Code\EcheckList_Stm32\build\core\core.a(stm32yyxx_hal_tim.c.o)
                0x080077a0                HAL_TIM_OC_Start_IT
 .text.HAL_TIM_PWM_Start_IT
                0x0800780c        0x4 E:\Visual Code\EcheckList_Stm32\build\core\core.a(stm32yyxx_hal_tim.c.o)
                0x0800780c                HAL_TIM_PWM_Start_IT
 .text.HAL_TIM_IC_Start
                0x08007810       0x24 E:\Visual Code\EcheckList_Stm32\build\core\core.a(stm32yyxx_hal_tim.c.o)
                0x08007810                HAL_TIM_IC_Start
 .text.HAL_TIM_IC_Start_IT
                0x08007834       0x5a E:\Visual Code\EcheckList_Stm32\build\core\core.a(stm32yyxx_hal_tim.c.o)
                0x08007834                HAL_TIM_IC_Start_IT
 .text.TIM_CCxNChannelCmd
                0x0800788e       0x1c E:\Visual Code\EcheckList_Stm32\build\core\core.a(stm32yyxx_hal_tim_ex.c.o)
 .text.HAL_TIMEx_OCN_Start
                0x080078aa       0x2c E:\Visual Code\EcheckList_Stm32\build\core\core.a(stm32yyxx_hal_tim_ex.c.o)
                0x080078aa                HAL_TIMEx_OCN_Start
 .text.HAL_TIMEx_OCN_Start_IT
                0x080078d6       0x56 E:\Visual Code\EcheckList_Stm32\build\core\core.a(stm32yyxx_hal_tim_ex.c.o)
                0x080078d6                HAL_TIMEx_OCN_Start_IT
 .text.HAL_TIMEx_PWMN_Start
                0x0800792c        0x4 E:\Visual Code\EcheckList_Stm32\build\core\core.a(stm32yyxx_hal_tim_ex.c.o)
                0x0800792c                HAL_TIMEx_PWMN_Start
 .text.HAL_TIMEx_PWMN_Start_IT
                0x08007930        0x4 E:\Visual Code\EcheckList_Stm32\build\core\core.a(stm32yyxx_hal_tim_ex.c.o)
                0x08007930                HAL_TIMEx_PWMN_Start_IT
 .text.HAL_TIMEx_CommutCallback
                0x08007934        0x2 E:\Visual Code\EcheckList_Stm32\build\core\core.a(stm32yyxx_hal_tim_ex.c.o)
                0x08007934                HAL_TIMEx_CommutCallback
 .text.HAL_TIMEx_BreakCallback
                0x08007936        0x2 E:\Visual Code\EcheckList_Stm32\build\core\core.a(stm32yyxx_hal_tim_ex.c.o)
                0x08007936                HAL_TIMEx_BreakCallback
 .text.UART_EndRxTransfer
                0x08007938       0x1a E:\Visual Code\EcheckList_Stm32\build\core\core.a(stm32yyxx_hal_uart.c.o)
 *fill*         0x08007952        0x2 
 .text.UART_SetConfig
                0x08007954       0x74 E:\Visual Code\EcheckList_Stm32\build\core\core.a(stm32yyxx_hal_uart.c.o)
 .text.UART_WaitOnFlagUntilTimeout.constprop.3
                0x080079c8       0x50 E:\Visual Code\EcheckList_Stm32\build\core\core.a(stm32yyxx_hal_uart.c.o)
 .text.HAL_UART_MspInit
                0x08007a18        0x2 E:\Visual Code\EcheckList_Stm32\build\core\core.a(stm32yyxx_hal_uart.c.o)
                0x08007a18                HAL_UART_MspInit
 .text.HAL_UART_Init
                0x08007a1a       0x5c E:\Visual Code\EcheckList_Stm32\build\core\core.a(stm32yyxx_hal_uart.c.o)
                0x08007a1a                HAL_UART_Init
 .text.HAL_UART_Transmit
                0x08007a76       0xb6 E:\Visual Code\EcheckList_Stm32\build\core\core.a(stm32yyxx_hal_uart.c.o)
                0x08007a76                HAL_UART_Transmit
 .text.HAL_UART_Transmit_IT
                0x08007b2c       0x3e E:\Visual Code\EcheckList_Stm32\build\core\core.a(stm32yyxx_hal_uart.c.o)
                0x08007b2c                HAL_UART_Transmit_IT
 .text.HAL_UART_Receive_IT
                0x08007b6a       0x4e E:\Visual Code\EcheckList_Stm32\build\core\core.a(stm32yyxx_hal_uart.c.o)
                0x08007b6a                HAL_UART_Receive_IT
 .text.UART_Receive_IT
                0x08007bb8       0x76 E:\Visual Code\EcheckList_Stm32\build\core\core.a(stm32yyxx_hal_uart.c.o)
 *fill*         0x08007c2e        0x2 
 .text.HAL_UART_IRQHandler
                0x08007c30      0x140 E:\Visual Code\EcheckList_Stm32\build\core\core.a(stm32yyxx_hal_uart.c.o)
                0x08007c30                HAL_UART_IRQHandler
 .text.UART_DMAAbortOnError
                0x08007d70       0x10 E:\Visual Code\EcheckList_Stm32\build\core\core.a(stm32yyxx_hal_uart.c.o)
 .text.HAL_UART_GetState
                0x08007d80        0xc E:\Visual Code\EcheckList_Stm32\build\core\core.a(stm32yyxx_hal_uart.c.o)
                0x08007d80                HAL_UART_GetState
 .text.set_GPIO_Port_Clock
                0x08007d8c       0xa8 E:\Visual Code\EcheckList_Stm32\build\core\core.a(PortNames.c.o)
                0x08007d8c                set_GPIO_Port_Clock
 .text.getCurrentMicros
                0x08007e34       0x3c E:\Visual Code\EcheckList_Stm32\build\core\core.a(clock.c.o)
                0x08007e34                getCurrentMicros
 .text.getCurrentMillis
                0x08007e70        0x4 E:\Visual Code\EcheckList_Stm32\build\core\core.a(clock.c.o)
                0x08007e70                getCurrentMillis
 .text.noOsSystickHandler
                0x08007e74        0x2 E:\Visual Code\EcheckList_Stm32\build\core\core.a(clock.c.o)
                0x08007e74                osSystickHandler
                0x08007e74                noOsSystickHandler
 .text.SysTick_Handler
                0x08007e76       0x10 E:\Visual Code\EcheckList_Stm32\build\core\core.a(clock.c.o)
                0x08007e76                SysTick_Handler
 *fill*         0x08007e86        0x2 
 .text.dwt_init
                0x08007e88       0x38 E:\Visual Code\EcheckList_Stm32\build\core\core.a(dwt.c.o)
                0x08007e88                dwt_init
 .text.hw_config_init
                0x08007ec0       0x12 E:\Visual Code\EcheckList_Stm32\build\core\core.a(hw_config.c.o)
                0x08007ec0                hw_config_init
 .text.LL_GPIO_SetPinMode
                0x08007ed2       0x2c E:\Visual Code\EcheckList_Stm32\build\core\core.a(pinmap.c.o)
 .text.LL_GPIO_SetPinOutputType
                0x08007efe       0x2c E:\Visual Code\EcheckList_Stm32\build\core\core.a(pinmap.c.o)
 .text.pin_in_pinmap
                0x08007f2a       0x1e E:\Visual Code\EcheckList_Stm32\build\core\core.a(pinmap.c.o)
                0x08007f2a                pin_in_pinmap
 .text.pin_function
                0x08007f48      0x39c E:\Visual Code\EcheckList_Stm32\build\core\core.a(pinmap.c.o)
                0x08007f48                pin_function
 .text.pinmap_pinout
                0x080082e4       0x28 E:\Visual Code\EcheckList_Stm32\build\core\core.a(pinmap.c.o)
                0x080082e4                pinmap_pinout
 .text.pinmap_find_peripheral
                0x0800830c       0x18 E:\Visual Code\EcheckList_Stm32\build\core\core.a(pinmap.c.o)
                0x0800830c                pinmap_find_peripheral
 .text.pinmap_peripheral
                0x08008324        0xc E:\Visual Code\EcheckList_Stm32\build\core\core.a(pinmap.c.o)
                0x08008324                pinmap_peripheral
 .text.pinmap_find_pin
                0x08008330       0x18 E:\Visual Code\EcheckList_Stm32\build\core\core.a(pinmap.c.o)
                0x08008330                pinmap_find_pin
 .text.pinmap_pin
                0x08008348        0xc E:\Visual Code\EcheckList_Stm32\build\core\core.a(pinmap.c.o)
                0x08008348                pinmap_pin
 .text.pinmap_merge_peripheral
                0x08008354       0x12 E:\Visual Code\EcheckList_Stm32\build\core\core.a(pinmap.c.o)
                0x08008354                pinmap_merge_peripheral
 *fill*         0x08008366        0x2 
 .text.HAL_RTC_AlarmAEventCallback
                0x08008368       0x18 E:\Visual Code\EcheckList_Stm32\build\core\core.a(rtc.c.o)
                0x08008368                HAL_RTC_AlarmAEventCallback
 .text.RTC_Alarm_IRQHandler
                0x08008380        0xc E:\Visual Code\EcheckList_Stm32\build\core\core.a(rtc.c.o)
                0x08008380                RTC_Alarm_IRQHandler
 .text.LL_GPIO_SetPinMode
                0x0800838c       0x2c E:\Visual Code\EcheckList_Stm32\build\core\core.a(spi_com.c.o)
 .text.spi_getClkFreqInst
                0x080083b8       0x28 E:\Visual Code\EcheckList_Stm32\build\core\core.a(spi_com.c.o)
                0x080083b8                spi_getClkFreqInst
 .text.spi_init
                0x080083e0      0x248 E:\Visual Code\EcheckList_Stm32\build\core\core.a(spi_com.c.o)
                0x080083e0                spi_init
 .text.spi_transfer
                0x08008628       0x1e E:\Visual Code\EcheckList_Stm32\build\core\core.a(spi_com.c.o)
                0x08008628                spi_transfer
 .text._Error_Handler
                0x08008646        0x2 E:\Visual Code\EcheckList_Stm32\build\core\core.a(stm32_def.c.o)
                0x08008646                _Error_Handler
 .text.eeprom_buffer_fill
                0x08008648       0x18 E:\Visual Code\EcheckList_Stm32\build\core\core.a(stm32_eeprom.c.o)
                0x08008648                eeprom_buffer_fill
 .text.eeprom_read_byte
                0x08008660       0x14 E:\Visual Code\EcheckList_Stm32\build\core\core.a(stm32_eeprom.c.o)
                0x08008660                eeprom_read_byte
 .text.eeprom_buffer_flush
                0x08008674       0x60 E:\Visual Code\EcheckList_Stm32\build\core\core.a(stm32_eeprom.c.o)
                0x08008674                eeprom_buffer_flush
 .text.eeprom_write_byte
                0x080086d4        0xc E:\Visual Code\EcheckList_Stm32\build\core\core.a(stm32_eeprom.c.o)
                0x080086d4                eeprom_write_byte
 .text.SystemInit
                0x080086e0       0x4c E:\Visual Code\EcheckList_Stm32\build\core\core.a(system_stm32yyxx.c.o)
                0x080086e0                SystemInit
 .text.enableTimerClock
                0x0800872c       0x88 E:\Visual Code\EcheckList_Stm32\build\core\core.a(timer.c.o)
                0x0800872c                enableTimerClock
 .text.getTimerUpIrq
                0x080087b4       0x4c E:\Visual Code\EcheckList_Stm32\build\core\core.a(timer.c.o)
                0x080087b4                getTimerUpIrq
 .text.getTimerCCIrq
                0x08008800       0x4c E:\Visual Code\EcheckList_Stm32\build\core\core.a(timer.c.o)
                0x08008800                getTimerCCIrq
 .text.HAL_TIM_Base_MspInit
                0x0800884c       0x50 E:\Visual Code\EcheckList_Stm32\build\core\core.a(timer.c.o)
                0x0800884c                HAL_TIM_Base_MspInit
 .text.getTimerClkSrc
                0x0800889c       0x44 E:\Visual Code\EcheckList_Stm32\build\core\core.a(timer.c.o)
                0x0800889c                getTimerClkSrc
 .text.HAL_I2C_AddrCallback
                0x080088e0       0x46 E:\Visual Code\EcheckList_Stm32\build\core\core.a(twi.c.o)
                0x080088e0                HAL_I2C_AddrCallback
 .text.HAL_I2C_ListenCpltCallback
                0x08008926       0x2e E:\Visual Code\EcheckList_Stm32\build\core\core.a(twi.c.o)
                0x08008926                HAL_I2C_ListenCpltCallback
 .text.HAL_I2C_SlaveRxCpltCallback
                0x08008954       0x24 E:\Visual Code\EcheckList_Stm32\build\core\core.a(twi.c.o)
                0x08008954                HAL_I2C_SlaveRxCpltCallback
 .text.HAL_I2C_SlaveTxCpltCallback
                0x08008978        0x8 E:\Visual Code\EcheckList_Stm32\build\core\core.a(twi.c.o)
                0x08008978                HAL_I2C_SlaveTxCpltCallback
 .text.HAL_I2C_ErrorCallback
                0x08008980        0xc E:\Visual Code\EcheckList_Stm32\build\core\core.a(twi.c.o)
                0x08008980                HAL_I2C_ErrorCallback
 .text.I2C1_EV_IRQHandler
                0x0800898c        0xc E:\Visual Code\EcheckList_Stm32\build\core\core.a(twi.c.o)
                0x0800898c                I2C1_EV_IRQHandler
 .text.I2C1_ER_IRQHandler
                0x08008998        0xc E:\Visual Code\EcheckList_Stm32\build\core\core.a(twi.c.o)
                0x08008998                I2C1_ER_IRQHandler
 .text.I2C2_EV_IRQHandler
                0x080089a4        0xc E:\Visual Code\EcheckList_Stm32\build\core\core.a(twi.c.o)
                0x080089a4                I2C2_EV_IRQHandler
 .text.I2C2_ER_IRQHandler
                0x080089b0        0xc E:\Visual Code\EcheckList_Stm32\build\core\core.a(twi.c.o)
                0x080089b0                I2C2_ER_IRQHandler
 .text.uart_init.part.0
                0x080089bc      0x138 E:\Visual Code\EcheckList_Stm32\build\core\core.a(uart.c.o)
 .text.uart_init
                0x08008af4        0x8 E:\Visual Code\EcheckList_Stm32\build\core\core.a(uart.c.o)
                0x08008af4                uart_init
 .text.uart_debug_init
                0x08008afc       0x50 E:\Visual Code\EcheckList_Stm32\build\core\core.a(uart.c.o)
                0x08008afc                uart_debug_init
 .text.uart_debug_write
                0x08008b4c       0xe8 E:\Visual Code\EcheckList_Stm32\build\core\core.a(uart.c.o)
                0x08008b4c                uart_debug_write
 .text.serial_rx_active
                0x08008c34       0x24 E:\Visual Code\EcheckList_Stm32\build\core\core.a(uart.c.o)
                0x08008c34                serial_rx_active
 .text.serial_tx_active
                0x08008c58       0x24 E:\Visual Code\EcheckList_Stm32\build\core\core.a(uart.c.o)
                0x08008c58                serial_tx_active
 .text.uart_getc
                0x08008c7c       0x38 E:\Visual Code\EcheckList_Stm32\build\core\core.a(uart.c.o)
                0x08008c7c                uart_getc
 .text.uart_attach_rx_callback
                0x08008cb4       0x4c E:\Visual Code\EcheckList_Stm32\build\core\core.a(uart.c.o)
                0x08008cb4                uart_attach_rx_callback
 .text.uart_attach_tx_callback
                0x08008d00       0x48 E:\Visual Code\EcheckList_Stm32\build\core\core.a(uart.c.o)
                0x08008d00                uart_attach_tx_callback
 .text.HAL_UART_RxCpltCallback
                0x08008d48        0xc E:\Visual Code\EcheckList_Stm32\build\core\core.a(uart.c.o)
                0x08008d48                HAL_UART_RxCpltCallback
 .text.HAL_UART_TxCpltCallback
                0x08008d54       0x26 E:\Visual Code\EcheckList_Stm32\build\core\core.a(uart.c.o)
                0x08008d54                HAL_UART_TxCpltCallback
 .text.HAL_UART_ErrorCallback
                0x08008d7a       0x7c E:\Visual Code\EcheckList_Stm32\build\core\core.a(uart.c.o)
                0x08008d7a                HAL_UART_ErrorCallback
 *fill*         0x08008df6        0x2 
 .text.USART1_IRQHandler
                0x08008df8       0x18 E:\Visual Code\EcheckList_Stm32\build\core\core.a(uart.c.o)
                0x08008df8                USART1_IRQHandler
 .text.USART2_IRQHandler
                0x08008e10       0x18 E:\Visual Code\EcheckList_Stm32\build\core\core.a(uart.c.o)
                0x08008e10                USART2_IRQHandler
 .text.USART3_IRQHandler
                0x08008e28       0x1c E:\Visual Code\EcheckList_Stm32\build\core\core.a(uart.c.o)
                0x08008e28                USART3_IRQHandler
 .text._sbrk    0x08008e44       0x3c E:\Visual Code\EcheckList_Stm32\build\core\core.a(syscalls.c.o)
                0x08008e44                _sbrk
 .text._close   0x08008e80        0x6 E:\Visual Code\EcheckList_Stm32\build\core\core.a(syscalls.c.o)
                0x08008e80                _close
 .text._fstat   0x08008e86        0xa E:\Visual Code\EcheckList_Stm32\build\core\core.a(syscalls.c.o)
                0x08008e86                _fstat
 .text._isatty  0x08008e90        0x4 E:\Visual Code\EcheckList_Stm32\build\core\core.a(syscalls.c.o)
                0x08008e90                _isatty
 .text._lseek   0x08008e94        0x4 E:\Visual Code\EcheckList_Stm32\build\core\core.a(syscalls.c.o)
                0x08008e94                _lseek
 .text._read    0x08008e98        0x4 E:\Visual Code\EcheckList_Stm32\build\core\core.a(syscalls.c.o)
                0x08008e98                _read
 .text._write   0x08008e9c        0x8 E:\Visual Code\EcheckList_Stm32\build\core\core.a(syscalls.c.o)
                0x08008e9c                _write
 .text.pinMode  0x08008ea4       0x9c E:\Visual Code\EcheckList_Stm32\build\core\core.a(wiring_digital.c.o)
                0x08008ea4                pinMode
 .text.digitalWrite
                0x08008f40       0x48 E:\Visual Code\EcheckList_Stm32\build\core\core.a(wiring_digital.c.o)
                0x08008f40                digitalWrite
 .text.digitalRead
                0x08008f88       0x4c E:\Visual Code\EcheckList_Stm32\build\core\core.a(wiring_digital.c.o)
                0x08008f88                digitalRead
 .text.millis   0x08008fd4        0x4 E:\Visual Code\EcheckList_Stm32\build\core\core.a(wiring_time.c.o)
                0x08008fd4                millis
 .text.micros   0x08008fd8        0x4 E:\Visual Code\EcheckList_Stm32\build\core\core.a(wiring_time.c.o)
                0x08008fd8                micros
 .text.delay    0x08008fdc       0x1c E:\Visual Code\EcheckList_Stm32\build\core\core.a(wiring_time.c.o)
                0x08008fdc                delay
 .text._ZN14HardwareSerial16_tx_complete_irqEP8serial_s
                0x08008ff8       0x22 E:\Visual Code\EcheckList_Stm32\build\core\core.a(HardwareSerial.cpp.o)
                0x08008ff8                HardwareSerial::_tx_complete_irq(serial_s*)
 .text._ZN14HardwareSerial9availableEv
                0x0800901a       0x10 E:\Visual Code\EcheckList_Stm32\build\core\core.a(HardwareSerial.cpp.o)
                0x0800901a                HardwareSerial::available()
 .text._ZN14HardwareSerial4peekEv
                0x0800902a       0x18 E:\Visual Code\EcheckList_Stm32\build\core\core.a(HardwareSerial.cpp.o)
                0x0800902a                HardwareSerial::peek()
 .text._ZN14HardwareSerial4readEv