Archive member included to satisfy reference by file (symbol)

E:\Visual Code\EcheckList_Stm32\build\core\core.a(startup_stm32yyxx.S.o)
                              (--whole-archive)
E:\Visual Code\EcheckList_Stm32\build\core\core.a(dtostrf.c.o)
                              (--whole-archive)
E:\Visual Code\EcheckList_Stm32\build\core\core.a(board.c.o)
                              (--whole-archive)
E:\Visual Code\EcheckList_Stm32\build\core\core.a(hooks.c.o)
                              (--whole-archive)
E:\Visual Code\EcheckList_Stm32\build\core\core.a(itoa.c.o)
                              (--whole-archive)
E:\Visual Code\EcheckList_Stm32\build\core\core.a(pins_arduino.c.o)
                              (--whole-archive)
E:\Visual Code\EcheckList_Stm32\build\core\core.a(stm32yyxx_hal.c.o)
                              (--whole-archive)
E:\Visual Code\EcheckList_Stm32\build\core\core.a(stm32yyxx_hal_adc.c.o)
                              (--whole-archive)
E:\Visual Code\EcheckList_Stm32\build\core\core.a(stm32yyxx_hal_adc_ex.c.o)
                              (--whole-archive)
E:\Visual Code\EcheckList_Stm32\build\core\core.a(stm32yyxx_hal_can.c.o)
                              (--whole-archive)
E:\Visual Code\EcheckList_Stm32\build\core\core.a(stm32yyxx_hal_cec.c.o)
                              (--whole-archive)
E:\Visual Code\EcheckList_Stm32\build\core\core.a(stm32yyxx_hal_comp.c.o)
                              (--whole-archive)
E:\Visual Code\EcheckList_Stm32\build\core\core.a(stm32yyxx_hal_comp_ex.c.o)
                              (--whole-archive)
E:\Visual Code\EcheckList_Stm32\build\core\core.a(stm32yyxx_hal_cordic.c.o)
                              (--whole-archive)
E:\Visual Code\EcheckList_Stm32\build\core\core.a(stm32yyxx_hal_cortex.c.o)
                              (--whole-archive)
E:\Visual Code\EcheckList_Stm32\build\core\core.a(stm32yyxx_hal_crc.c.o)
                              (--whole-archive)
E:\Visual Code\EcheckList_Stm32\build\core\core.a(stm32yyxx_hal_crc_ex.c.o)
                              (--whole-archive)
E:\Visual Code\EcheckList_Stm32\build\core\core.a(stm32yyxx_hal_cryp.c.o)
                              (--whole-archive)
E:\Visual Code\EcheckList_Stm32\build\core\core.a(stm32yyxx_hal_cryp_ex.c.o)
                              (--whole-archive)
E:\Visual Code\EcheckList_Stm32\build\core\core.a(stm32yyxx_hal_dac.c.o)
                              (--whole-archive)
E:\Visual Code\EcheckList_Stm32\build\core\core.a(stm32yyxx_hal_dac_ex.c.o)
                              (--whole-archive)
E:\Visual Code\EcheckList_Stm32\build\core\core.a(stm32yyxx_hal_dcmi.c.o)
                              (--whole-archive)
E:\Visual Code\EcheckList_Stm32\build\core\core.a(stm32yyxx_hal_dcmi_ex.c.o)
                              (--whole-archive)
E:\Visual Code\EcheckList_Stm32\build\core\core.a(stm32yyxx_hal_dfsdm.c.o)
                              (--whole-archive)
E:\Visual Code\EcheckList_Stm32\build\core\core.a(stm32yyxx_hal_dfsdm_ex.c.o)
                              (--whole-archive)
E:\Visual Code\EcheckList_Stm32\build\core\core.a(stm32yyxx_hal_dma.c.o)
                              (--whole-archive)
E:\Visual Code\EcheckList_Stm32\build\core\core.a(stm32yyxx_hal_dma2d.c.o)
                              (--whole-archive)
E:\Visual Code\EcheckList_Stm32\build\core\core.a(stm32yyxx_hal_dma_ex.c.o)
                              (--whole-archive)
E:\Visual Code\EcheckList_Stm32\build\core\core.a(stm32yyxx_hal_dsi.c.o)
                              (--whole-archive)
E:\Visual Code\EcheckList_Stm32\build\core\core.a(stm32yyxx_hal_eth.c.o)
                              (--whole-archive)
E:\Visual Code\EcheckList_Stm32\build\core\core.a(stm32yyxx_hal_eth_ex.c.o)
                              (--whole-archive)
E:\Visual Code\EcheckList_Stm32\build\core\core.a(stm32yyxx_hal_exti.c.o)
                              (--whole-archive)
E:\Visual Code\EcheckList_Stm32\build\core\core.a(stm32yyxx_hal_fdcan.c.o)
                              (--whole-archive)
E:\Visual Code\EcheckList_Stm32\build\core\core.a(stm32yyxx_hal_firewall.c.o)
                              (--whole-archive)
E:\Visual Code\EcheckList_Stm32\build\core\core.a(stm32yyxx_hal_flash.c.o)
                              (--whole-archive)
E:\Visual Code\EcheckList_Stm32\build\core\core.a(stm32yyxx_hal_flash_ex.c.o)
                              (--whole-archive)
E:\Visual Code\EcheckList_Stm32\build\core\core.a(stm32yyxx_hal_flash_ramfunc.c.o)
                              (--whole-archive)
E:\Visual Code\EcheckList_Stm32\build\core\core.a(stm32yyxx_hal_fmac.c.o)
                              (--whole-archive)
E:\Visual Code\EcheckList_Stm32\build\core\core.a(stm32yyxx_hal_fmpi2c.c.o)
                              (--whole-archive)
E:\Visual Code\EcheckList_Stm32\build\core\core.a(stm32yyxx_hal_fmpi2c_ex.c.o)
                              (--whole-archive)
[...]
Memory Configuration

Name             Origin             Length             Attributes
RAM              0x20000000         0x00005000         xrw
FLASH            0x08000000         0x00010000         xr
*default*        0x00000000         0xffffffff

Linker script and memory map

LOAD c:/users/dell-pc/appdata/local/arduino15/packages/stm32/tools/arm-none-eabi-gcc/8.2.1-1.7/bin/../lib/gcc/arm-none-eabi/8.2.1/thumb/v7-m/nofp/crti.o
LOAD c:/users/dell-pc/appdata/local/arduino15/packages/stm32/tools/arm-none-eabi-gcc/8.2.1-1.7/bin/../lib/gcc/arm-none-eabi/8.2.1/thumb/v7-m/nofp/crtbegin.o
LOAD c:/users/dell-pc/appdata/local/arduino15/packages/stm32/tools/arm-none-eabi-gcc/8.2.1-1.7/bin/../lib/gcc/arm-none-eabi/8.2.1/../../../../arm-none-eabi/lib/thumb/v7-m/nofp/crt0.o
                0x00000000                LD_FLASH_OFFSET = 0x0
                0x00010000                LD_MAX_SIZE = 0x10000
                0x00005000                LD_MAX_DATA_SIZE = 0x5000
LOAD C:\Users\Dell-PC\AppData\Local\Arduino15\packages\STM32\tools\CMSIS\5.5.1/CMSIS/DSP/Lib/GCC/\libarm_cortexM3l_math.a
START GROUP
LOAD E:\Visual Code\EcheckList_Stm32\build\sketch\ECheckLib.h.cpp.o
LOAD E:\Visual Code\EcheckList_Stm32\build\libraries\Ethernet\Dhcp.cpp.o
LOAD E:\Visual Code\EcheckList_Stm32\build\libraries\Ethernet\Dns.cpp.o
LOAD E:\Visual Code\EcheckList_Stm32\build\libraries\Ethernet\Ethernet.cpp.o
LOAD E:\Visual Code\EcheckList_Stm32\build\libraries\Ethernet\EthernetClient.cpp.o
LOAD E:\Visual Code\EcheckList_Stm32\build\libraries\Ethernet\EthernetServer.cpp.o
LOAD E:\Visual Code\EcheckList_Stm32\build\libraries\Ethernet\EthernetUdp.cpp.o
LOAD E:\Visual Code\EcheckList_Stm32\build\libraries\Ethernet\socket.cpp.o
LOAD E:\Visual Code\EcheckList_Stm32\build\libraries\Ethernet\utility\w5100.cpp.o
LOAD E:\Visual Code\EcheckList_Stm32\build\libraries\SPI\SPI.cpp.o
LOAD E:\Visual Code\EcheckList_Stm32\build\core\PeripheralPins.c.o
LOAD E:\Visual Code\EcheckList_Stm32\build\core\variant.cpp.o
LOAD E:\Visual Code\EcheckList_Stm32\build\core\core.a
LOAD c:/users/dell-pc/appdata/local/arduino15/packages/stm32/tools/arm-none-eabi-gcc/8.2.1-1.7/bin/../lib/gcc/arm-none-eabi/8.2.1/../../../../arm-none-eabi/lib/thumb/v7-m/nofp\libc_nano.a
END GROUP
LOAD c:/users/dell-pc/appdata/local/arduino15/packages/stm32/tools/arm-none-eabi-gcc/8.2.1-1.7/bin/../lib/gcc/arm-none-eabi/8.2.1/../../../../arm-none-eabi/lib/thumb/v7-m/nofp\libm.a
LOAD c:/users/dell-pc/appdata/local/arduino15/packages/stm32/tools/arm-none-eabi-gcc/8.2.1-1.7/bin/../lib/gcc/arm-none-eabi/8.2.1/thumb/v7-m/nofp\libgcc.a
LOAD c:/users/dell-pc/appdata/local/arduino15/packages/stm32/tools/arm-none-eabi-gcc/8.2.1-1.7/bin/../lib/gcc/arm-none-eabi/8.2.1/../../../../arm-none-eabi/lib/thumb/v7-m/nofp\libstdc++_nano.a
START GROUP
LOAD c:/users/dell-pc/appdata/local/arduino15/packages/stm32/tools/arm-none-eabi-gcc/8.2.1-1.7/bin/../lib/gcc/arm-none-eabi/8.2.1/thumb/v7-m/nofp\libgcc.a
LOAD c:/users/dell-pc/appdata/local/arduino15/packages/stm32/tools/arm-none-eabi-gcc/8.2.1-1.7/bin/../lib/gcc/arm-none-eabi/8.2.1/../../../../arm-none-eabi/lib/thumb/v7-m/nofp\libc_nano.a
END GROUP
START GROUP
LOAD c:/users/dell-pc/appdata/local/arduino15/packages/stm32/tools/arm-none-eabi-gcc/8.2.1-1.7/bin/../lib/gcc/arm-none-eabi/8.2.1/thumb/v7-m/nofp\libgcc.a
LOAD c:/users/dell-pc/appdata/local/arduino15/packages/stm32/tools/arm-none-eabi-gcc/8.2.1-1.7/bin/../lib/gcc/arm-none-eabi/8.2.1/../../../../arm-none-eabi/lib/thumb/v7-m/nofp\libc_nano.a
END GROUP
LOAD c:/users/dell-pc/appdata/local/arduino15/packages/stm32/tools/arm-none-eabi-gcc/8.2.1-1.7/bin/../lib/gcc/arm-none-eabi/8.2.1/thumb/v7-m/nofp/crtend.o
LOAD c:/users/dell-pc/appdata/local/arduino15/packages/stm32/tools/arm-none-eabi-gcc/8.2.1-1.7/bin/../lib/gcc/arm-none-eabi/8.2.1/thumb/v7-m/nofp/crtn.o
                0x20005000                _estack = (0x20000000 + LD_MAX_DATA_SIZE)
                0x00000200                _Min_Heap_Size = 0x200
                0x00000400                _Min_Stack_Size = 0x400

.isr_vector     0x08000000      0x10c
                0x08000000                . = ALIGN (0x4)
 *(.isr_vector)
 .isr_vector    0x08000000      0x10c E:\Visual Code\EcheckList_Stm32\build\core\core.a(startup_stm32yyxx.S.o)
                0x08000000                g_pfnVectors
                0x0800010c                . = ALIGN (0x4)

.text           0x0800010c     0xa62c
                0x0800010c                . = ALIGN (0x4)
 *(.text)
 .text          0x0800010c       0x14 c:/users/dell-pc/appdata/local/arduino15/packages/stm32/tools/arm-none-eabi-gcc/8.2.1-1.7/bin/../lib/gcc/arm-none-eabi/8.2.1/../../../../arm-none-eabi/lib/thumb/v7-m/nofp\libc_nano.a(lib_a-strcmp.o)
                0x0800010c                strcmp
 .text          0x08000120       0x10 c:/users/dell-pc/appdata/local/arduino15/packages/stm32/tools/arm-none-eabi-gcc/8.2.1-1.7/bin/../lib/gcc/arm-none-eabi/8.2.1/../../../../arm-none-eabi/lib/thumb/v7-m/nofp\libc_nano.a(lib_a-strlen.o)
                0x08000120                strlen
 .text          0x08000130      0x378 c:/users/dell-pc/appdata/local/arduino15/packages/stm32/tools/arm-none-eabi-gcc/8.2.1-1.7/bin/../lib/gcc/arm-none-eabi/8.2.1/thumb/v7-m/nofp\libgcc.a(_arm_addsubdf3.o)
                0x08000130                __aeabi_drsub
                0x08000138                __aeabi_dsub
                0x08000138                __subdf3
                0x0800013c                __aeabi_dadd
                0x0800013c                __adddf3
                0x080003b4                __floatunsidf
                0x080003b4                __aeabi_ui2d
                0x080003d4                __floatsidf
                0x080003d4                __aeabi_i2d
                0x080003f8                __aeabi_f2d
                0x080003f8                __extendsfdf2
                0x0800043c                __floatundidf
                0x0800043c                __aeabi_ul2d
                0x0800044c                __floatdidf
                0x0800044c                __aeabi_l2d
 .text          0x080004a8      0x110 c:/users/dell-pc/appdata/local/arduino15/packages/stm32/tools/arm-none-eabi-gcc/8.2.1-1.7/bin/../lib/gcc/arm-none-eabi/8.2.1/thumb/v7-m/nofp\libgcc.a(_arm_cmpdf2.o)
                0x080004a8                __gtdf2
                0x080004a8                __gedf2
                0x080004b0                __ltdf2
                0x080004b0                __ledf2
                0x080004b8                __nedf2
                0x080004b8                __eqdf2
                0x080004b8                __cmpdf2
                0x08000534                __aeabi_cdrcmple
                0x08000544                __aeabi_cdcmpeq
                0x08000544                __aeabi_cdcmple
                0x08000554                __aeabi_dcmpeq
                0x08000568                __aeabi_dcmplt
                0x0800057c                __aeabi_dcmple
                0x08000590                __aeabi_dcmpge
                0x080005a4                __aeabi_dcmpgt
 .text          0x080005b8      0x21c c:/users/dell-pc/appdata/local/arduino15/packages/stm32/tools/arm-none-eabi-gcc/8.2.1-1.7/bin/../lib/gcc/arm-none-eabi/8.2.1/thumb/v7-m/nofp\libgcc.a(_arm_addsubsf3.o)
                0x080005b8                __aeabi_frsub
                0x080005c0                __subsf3
                0x080005c0                __aeabi_fsub
                0x080005c4                __aeabi_fadd
                0x080005c4                __addsf3
                0x08000724                __aeabi_ui2f
                0x08000724                __floatunsisf
                0x0800072c                __aeabi_i2f
                0x0800072c                __floatsisf
                0x08000748                __aeabi_ul2f
                0x08000748                __floatundisf
                0x08000758                __aeabi_l2f
                0x08000758                __floatdisf
 .text          0x080007d4      0x2a0 c:/users/dell-pc/appdata/local/arduino15/packages/stm32/tools/arm-none-eabi-gcc/8.2.1-1.7/bin/../lib/gcc/arm-none-eabi/8.2.1/thumb/v7-m/nofp\libgcc.a(_arm_muldivsf3.o)
                0x080007d4                __mulsf3
                0x080007d4                __aeabi_fmul
                0x0800093c                __aeabi_fdiv
                0x0800093c                __divsf3
 .text          0x08000a74       0xec c:/users/dell-pc/appdata/local/arduino15/packages/stm32/tools/arm-none-eabi-gcc/8.2.1-1.7/bin/../lib/gcc/arm-none-eabi/8.2.1/thumb/v7-m/nofp\libgcc.a(_arm_cmpsf2.o)
                0x08000a74                __gesf2
                0x08000a74                __gtsf2
                0x08000a7c                __lesf2
                0x08000a7c                __ltsf2
                0x08000a84                __nesf2
                0x08000a84                __eqsf2
                0x08000a84                __cmpsf2
                0x08000ae4                __aeabi_cfrcmple
                0x08000aec                __aeabi_cfcmpeq
                0x08000aec                __aeabi_cfcmple
                0x08000afc                __aeabi_fcmpeq
                0x08000b10                __aeabi_fcmplt
                0x08000b24                __aeabi_fcmple
                0x08000b38                __aeabi_fcmpge
                0x08000b4c                __aeabi_fcmpgt
 .text          0x08000b60       0x40 c:/users/dell-pc/appdata/local/arduino15/packages/stm32/tools/arm-none-eabi-gcc/8.2.1-1.7/bin/../lib/gcc/arm-none-eabi/8.2.1/thumb/v7-m/nofp\libgcc.a(_arm_fixunssfsi.o)
                0x08000b60                __fixunssfsi
                0x08000b60                __aeabi_f2uiz
 *(.text*)
 .text.deregister_tm_clones
                0x08000ba0       0x1c c:/users/dell-pc/appdata/local/arduino15/packages/stm32/tools/arm-none-eabi-gcc/8.2.1-1.7/bin/../lib/gcc/arm-none-eabi/8.2.1/thumb/v7-m/nofp/crtbegin.o
 .text.register_tm_clones
                0x08000bbc       0x24 c:/users/dell-pc/appdata/local/arduino15/packages/stm32/tools/arm-none-eabi-gcc/8.2.1-1.7/bin/../lib/gcc/arm-none-eabi/8.2.1/thumb/v7-m/nofp/crtbegin.o
 .text.__do_global_dtors_aux
                0x08000be0       0x28 c:/users/dell-pc/appdata/local/arduino15/packages/stm32/tools/arm-none-eabi-gcc/8.2.1-1.7/bin/../lib/gcc/arm-none-eabi/8.2.1/thumb/v7-m/nofp/crtbegin.o
 .text.frame_dummy
                0x08000c08       0x24 c:/users/dell-pc/appdata/local/arduino15/packages/stm32/tools/arm-none-eabi-gcc/8.2.1-1.7/bin/../lib/gcc/arm-none-eabi/8.2.1/thumb/v7-m/nofp/crtbegin.o
 .text.__NVIC_SystemReset
                0x08000c2c       0x24 E:\Visual Code\EcheckList_Stm32\build\sketch\ECheckLib.h.cpp.o
 .text._Z21CheckingTimerCallbackP13HardwareTimer
                0x08000c50        0x2 E:\Visual Code\EcheckList_Stm32\build\sketch\ECheckLib.h.cpp.o
                0x08000c50                CheckingTimerCallback(HardwareTimer*)
 .text._Z21FlashLedTimerCallbackP13HardwareTimer
                0x08000c52       0x18 E:\Visual Code\EcheckList_Stm32\build\sketch\ECheckLib.h.cpp.o
                0x08000c52                FlashLedTimerCallback(HardwareTimer*)
 .text._ZN11EEPROMClass5writeEih.isra.5
                0x08000c6a        0x4 E:\Visual Code\EcheckList_Stm32\build\sketch\ECheckLib.h.cpp.o
 *fill*         0x08000c6e        0x2 
 .text._Z10HC595_holdh
                0x08000c70       0x20 E:\Visual Code\EcheckList_Stm32\build\sketch\ECheckLib.h.cpp.o
                0x08000c70                HC595_hold(unsigned char)
 .text._Z11HC595_shifthh
                0x08000c90       0x4c E:\Visual Code\EcheckList_Stm32\build\sketch\ECheckLib.h.cpp.o
                0x08000c90                HC595_shift(unsigned char, unsigned char)
 .text._Z15HC595_shiftBytehh
                0x08000cdc       0x74 E:\Visual Code\EcheckList_Stm32\build\sketch\ECheckLib.h.cpp.o
                0x08000cdc                HC595_shiftByte(unsigned char, unsigned char)
 .text._Z16HC595_writeBytesPhjh
                0x08000d50       0x3c E:\Visual Code\EcheckList_Stm32\build\sketch\ECheckLib.h.cpp.o
                0x08000d50                HC595_writeBytes(unsigned char*, unsigned int, unsigned char)
 .text._Z7IO_initv
                0x08000d8c      0x168 E:\Visual Code\EcheckList_Stm32\build\sketch\ECheckLib.h.cpp.o
                0x08000d8c                IO_init()
 .text._ZN22ArduinoJson6130_00000125variantSetUnsignedIntegerEPNS_11VariantDataEm
                0x08000ef4       0x14 E:\Visual Code\EcheckList_Stm32\build\sketch\ECheckLib.h.cpp.o
                0x08000ef4                ArduinoJson6130_000001::variantSetUnsignedInteger(ArduinoJson6130_000001::VariantData*, unsigned long)
 .text._ZN22ArduinoJson6130_00000114CollectionData7addSlotEPNS_10MemoryPoolE
                0x08000f08       0x3c E:\Visual Code\EcheckList_Stm32\build\sketch\ECheckLib.h.cpp.o
                0x08000f08                ArduinoJson6130_000001::CollectionData::addSlot(ArduinoJson6130_000001::MemoryPool*)
 .text._ZN22ArduinoJson6130_00000118StaticStringWriter5writeEPKhj
                0x08000f44       0x28 E:\Visual Code\EcheckList_Stm32\build\sketch\ECheckLib.h.cpp.o
                0x08000f44                ArduinoJson6130_000001::StaticStringWriter::write(unsigned char const*, unsigned int)
 .text._ZN7EClient22alarm_but_submit_clickEv
                0x08000f6c       0x1c E:\Visual Code\EcheckList_Stm32\build\sketch\ECheckLib.h.cpp.o
                0x08000f6c                EClient::alarm_but_submit_click()
 .text._ZN7EClient20alarm_submit_successEb
                0x08000f88       0x5c E:\Visual Code\EcheckList_Stm32\build\sketch\ECheckLib.h.cpp.o
                0x08000f88                EClient::alarm_submit_success(bool)
 .text._ZN7EClient26get_ethernet_module_statusEv
                0x08000fe4       0x4c E:\Visual Code\EcheckList_Stm32\build\sketch\ECheckLib.h.cpp.o
                0x08000fe4                EClient::get_ethernet_module_status()
 .text._ZN7EClient13ethernet_initEv
                0x08001030       0x54 E:\Visual Code\EcheckList_Stm32\build\sketch\ECheckLib.h.cpp.o
                0x08001030                EClient::ethernet_init()
 .text._ZN7EClient24ethernet_checking_moduleEv
                0x08001084       0x20 E:\Visual Code\EcheckList_Stm32\build\sketch\ECheckLib.h.cpp.o
                0x08001084                EClient::ethernet_checking_module()
 .text._ZN7EClient23start_connect_to_serverEm
                0x080010a4       0x9c E:\Visual Code\EcheckList_Stm32\build\sketch\ECheckLib.h.cpp.o
                0x080010a4                EClient::start_connect_to_server(unsigned long)
 .text._ZN7EClient18ethernet_post_dataEv
                0x08001140       0x94 E:\Visual Code\EcheckList_Stm32\build\sketch\ECheckLib.h.cpp.o
                0x08001140                EClient::ethernet_post_data()
 .text._ZN7EClient30alarm_enable_select_check_itemEb
                0x080011d4       0x28 E:\Visual Code\EcheckList_Stm32\build\sketch\ECheckLib.h.cpp.o
                0x080011d4                EClient::alarm_enable_select_check_item(bool)
 .text._ZN7EClient32alarm_enable_select_check_personEb
                0x080011fc       0x28 E:\Visual Code\EcheckList_Stm32\build\sketch\ECheckLib.h.cpp.o
                0x080011fc                EClient::alarm_enable_select_check_person(bool)
 .text._ZN7EClient22alarm_check_item_indexEi
                0x08001224       0x24 E:\Visual Code\EcheckList_Stm32\build\sketch\ECheckLib.h.cpp.o
                0x08001224                EClient::alarm_check_item_index(int)
 .text._ZN7EClient24alarm_check_person_indexEi
                0x08001248       0x24 E:\Visual Code\EcheckList_Stm32\build\sketch\ECheckLib.h.cpp.o
                0x08001248                EClient::alarm_check_person_index(int)
 .text._ZN7EClient27alarm_check_item_note_indexEi
                0x0800126c       0x24 E:\Visual Code\EcheckList_Stm32\build\sketch\ECheckLib.h.cpp.o
                0x0800126c                EClient::alarm_check_item_note_index(int)
 .text._ZN7EClient23alarm_check_item_statusEv
                0x08001290       0x7c E:\Visual Code\EcheckList_Stm32\build\sketch\ECheckLib.h.cpp.o
                0x08001290                EClient::alarm_check_item_status()
 .text._ZN7EClient29station_select_new_check_itemEbRi
                0x0800130c       0x7c E:\Visual Code\EcheckList_Stm32\build\sketch\ECheckLib.h.cpp.o
                0x0800130c                EClient::station_select_new_check_item(bool, int&)
 .text._ZN7EClient25station_select_new_personEbRi
                0x08001388       0x70 E:\Visual Code\EcheckList_Stm32\build\sketch\ECheckLib.h.cpp.o
                0x08001388                EClient::station_select_new_person(bool, int&)
 .text._ZN7EClient34station_enable_select_check_personEb
                0x080013f8       0x5c E:\Visual Code\EcheckList_Stm32\build\sketch\ECheckLib.h.cpp.o
                0x080013f8                EClient::station_enable_select_check_person(bool)
 .text._ZN7EClient32station_enable_select_check_itemEb
                0x08001454       0x46 E:\Visual Code\EcheckList_Stm32\build\sketch\ECheckLib.h.cpp.o
                0x08001454                EClient::station_enable_select_check_item(bool)
 *fill*         0x0800149a        0x2 
 .text._ZN7EClient31station_select_check_item_notesEbRi
                0x0800149c       0x5c E:\Visual Code\EcheckList_Stm32\build\sketch\ECheckLib.h.cpp.o
                0x0800149c                EClient::station_select_check_item_notes(bool, int&)
 .text._ZN7EClient24alarm_enable_select_noteEv
                0x080014f8       0x60 E:\Visual Code\EcheckList_Stm32\build\sketch\ECheckLib.h.cpp.o
                0x080014f8                EClient::alarm_enable_select_note()
 .text._ZN7EClient37station_enable_select_check_item_noteEb
                0x08001558       0x40 E:\Visual Code\EcheckList_Stm32\build\sketch\ECheckLib.h.cpp.o
                0x08001558                EClient::station_enable_select_check_item_note(bool)
 .text._ZN7EClient28station_set_check_item_stateEh
                0x08001598       0x98 E:\Visual Code\EcheckList_Stm32\build\sketch\ECheckLib.h.cpp.o
                0x08001598                EClient::station_set_check_item_state(unsigned char)
 .text._ZN7EClient26station_pick_current_notesERiS0_
                0x08001630       0xbc E:\Visual Code\EcheckList_Stm32\build\sketch\ECheckLib.h.cpp.o
                0x08001630                EClient::station_pick_current_notes(int&, int&)
 .text._Z10Timer_Initv
                0x080016ec       0x98 E:\Visual Code\EcheckList_Stm32\build\sketch\ECheckLib.h.cpp.o
                0x080016ec                Timer_Init()
 .text._ZN22ArduinoJson6130_00000114CollectionData3addINS_21ConstRamStringAdapterEEEPNS_11VariantDataET_PNS_10MemoryPoolE
                0x08001784       0x18 E:\Visual Code\EcheckList_Stm32\build\sketch\ECheckLib.h.cpp.o
                0x08001784                ArduinoJson6130_000001::VariantData* ArduinoJson6130_000001::CollectionData::add<ArduinoJson6130_000001::ConstRamStringAdapter>(ArduinoJson6130_000001::ConstRamStringAdapter, ArduinoJson6130_000001::MemoryPool*)
 .text._ZNK22ArduinoJson6130_00000114CollectionData3getINS_21ConstRamStringAdapterEEEPNS_11VariantDataET_
                0x0800179c       0x2e E:\Visual Code\EcheckList_Stm32\build\sketch\ECheckLib.h.cpp.o
                0x0800179c                ArduinoJson6130_000001::VariantData* ArduinoJson6130_000001::CollectionData::get<ArduinoJson6130_000001::ConstRamStringAdapter>(ArduinoJson6130_000001::ConstRamStringAdapter) const
 .text._ZN22ArduinoJson6130_00000117BasicJsonDocumentINS_16DefaultAllocatorEEC2EjS1_
                0x080017ca       0x2c E:\Visual Code\EcheckList_Stm32\build\sketch\ECheckLib.h.cpp.o
                0x080017ca                ArduinoJson6130_000001::BasicJsonDocument<ArduinoJson6130_000001::DefaultAllocator>::BasicJsonDocument(unsigned int, ArduinoJson6130_000001::DefaultAllocator)
                0x080017ca                ArduinoJson6130_000001::BasicJsonDocument<ArduinoJson6130_000001::DefaultAllocator>::BasicJsonDocument(unsigned int, ArduinoJson6130_000001::DefaultAllocator)
 *fill*         0x080017f6        0x2 
 .text._ZNSt6vectorI12ECheckItem_tSaIS0_EE17_M_realloc_insertIJRKS0_EEEvN9__gnu_cxx17__normal_iteratorIPS0_S2_EEDpOT_
                0x080017f8       0x94 E:\Visual Code\EcheckList_Stm32\build\sketch\ECheckLib.h.cpp.o
                0x080017f8                void std::vector<ECheckItem_t, std::allocator<ECheckItem_t> >::_M_realloc_insert<ECheckItem_t const&>(__gnu_cxx::__normal_iterator<ECheckItem_t*, std::vector<ECheckItem_t, std::allocator<ECheckItem_t> > >, ECheckItem_t const&)
 .text._ZN15ECheckStation_t9seting_upEi
                0x0800188c       0x8c E:\Visual Code\EcheckList_Stm32\build\sketch\ECheckLib.h.cpp.o
                0x0800188c                ECheckStation_t::seting_up(int)
 .text._ZN15ECheckStation_t22EEPROM_read_local_dataEv
                0x08001918       0x8c E:\Visual Code\EcheckList_Stm32\build\sketch\ECheckLib.h.cpp.o
                0x08001918                ECheckStation_t::EEPROM_read_local_data()
 .text._ZN7EClient12station_initEv
                0x080019a4       0x20 E:\Visual Code\EcheckList_Stm32\build\sketch\ECheckLib.h.cpp.o
                0x080019a4                EClient::station_init()
 .text.setup    0x080019c4       0x34 E:\Visual Code\EcheckList_Stm32\build\sketch\ECheckLib.h.cpp.o
                0x080019c4                setup
 .text._ZN22ArduinoJson6130_00000111VariantData14getOrAddMemberINS_21ConstRamStringAdapterEEEPS0_T_PNS_10MemoryPoolE
                0x080019f8       0x3c E:\Visual Code\EcheckList_Stm32\build\sketch\ECheckLib.h.cpp.o
                0x080019f8                ArduinoJson6130_000001::VariantData* ArduinoJson6130_000001::VariantData::getOrAddMember<ArduinoJson6130_000001::ConstRamStringAdapter>(ArduinoJson6130_000001::ConstRamStringAdapter, ArduinoJson6130_000001::MemoryPool*)
 .text._ZN22ArduinoJson6130_00000116JsonDeserializerINS_6ReaderIPcvEENS_11StringMoverEE7currentEv
                0x08001a34       0x16 E:\Visual Code\EcheckList_Stm32\build\sketch\ECheckLib.h.cpp.o
                0x08001a34                ArduinoJson6130_000001::JsonDeserializer<ArduinoJson6130_000001::Reader<char*, void>, ArduinoJson6130_000001::StringMover>::current()
 .text._ZN22ArduinoJson6130_00000116JsonDeserializerINS_6ReaderIPcvEENS_11StringMoverEE21skipSpacesAndCommentsEv
                0x08001a4a       0x7a E:\Visual Code\EcheckList_Stm32\build\sketch\ECheckLib.h.cpp.o
                0x08001a4a                ArduinoJson6130_000001::JsonDeserializer<ArduinoJson6130_000001::Reader<char*, void>, ArduinoJson6130_000001::StringMover>::skipSpacesAndComments()
 .text._ZN22ArduinoJson6130_00000117objectGetOrCreateINS_21ConstRamStringAdapterEEEPNS_11VariantDataEPNS_14CollectionDataET_PNS_10MemoryPoolE
                0x08001ac4       0x22 E:\Visual Code\EcheckList_Stm32\build\sketch\ECheckLib.h.cpp.o
                0x08001ac4                ArduinoJson6130_000001::VariantData* ArduinoJson6130_000001::objectGetOrCreate<ArduinoJson6130_000001::ConstRamStringAdapter>(ArduinoJson6130_000001::CollectionData*, ArduinoJson6130_000001::ConstRamStringAdapter, ArduinoJson6130_000001::MemoryPool*)
 *fill*         0x08001ae6        0x2 
 .text._ZN22ArduinoJson6130_00000116JsonDeserializerINS_6ReaderIPcvEENS_11StringMoverEE17parseQuotedStringERPKc
                0x08001ae8       0x84 E:\Visual Code\EcheckList_Stm32\build\sketch\ECheckLib.h.cpp.o
                0x08001ae8                ArduinoJson6130_000001::JsonDeserializer<ArduinoJson6130_000001::Reader<char*, void>, ArduinoJson6130_000001::StringMover>::parseQuotedString(char const*&)
 .text._ZN22ArduinoJson6130_00000116JsonDeserializerINS_6ReaderIPcvEENS_11StringMoverEE22canBeInNonQuotedStringEc
                0x08001b6c       0x2e E:\Visual Code\EcheckList_Stm32\build\sketch\ECheckLib.h.cpp.o
                0x08001b6c                ArduinoJson6130_000001::JsonDeserializer<ArduinoJson6130_000001::Reader<char*, void>, ArduinoJson6130_000001::StringMover>::canBeInNonQuotedString(char)
 .text._ZN22ArduinoJson6130_00000116JsonDeserializerINS_6ReaderIPcvEENS_11StringMoverEE8parseKeyERPKc
                0x08001b9a       0x70 E:\Visual Code\EcheckList_Stm32\build\sketch\ECheckLib.h.cpp.o
                0x08001b9a                ArduinoJson6130_000001::JsonDeserializer<ArduinoJson6130_000001::Reader<char*, void>, ArduinoJson6130_000001::StringMover>::parseKey(char const*&)
 *fill*         0x08001c0a        0x2 
 .text._ZN22ArduinoJson6130_00000111parseNumberIfmEENS_12ParsedNumberIT_T0_EEPKc
                0x08001c0c      0x1a4 E:\Visual Code\EcheckList_Stm32\build\sketch\ECheckLib.h.cpp.o
                0x08001c0c                ArduinoJson6130_000001::ParsedNumber<float, unsigned long> ArduinoJson6130_000001::parseNumber<float, unsigned long>(char const*)
 .text._ZN22ArduinoJson6130_00000116JsonDeserializerINS_6ReaderIPcvEENS_11StringMoverEE17parseNumericValueERNS_11VariantDataE
                0x08001db0       0xd4 E:\Visual Code\EcheckList_Stm32\build\sketch\ECheckLib.h.cpp.o
                0x08001db0                ArduinoJson6130_000001::JsonDeserializer<ArduinoJson6130_000001::Reader<char*, void>, ArduinoJson6130_000001::StringMover>::parseNumericValue(ArduinoJson6130_000001::VariantData&)
 .text._ZN22ArduinoJson6130_00000116JsonDeserializerINS_6ReaderIPcvEENS_11StringMoverEE12parseVariantERNS_11VariantDataE
                0x08001e84       0x88 E:\Visual Code\EcheckList_Stm32\build\sketch\ECheckLib.h.cpp.o
                0x08001e84                ArduinoJson6130_000001::JsonDeserializer<ArduinoJson6130_000001::Reader<char*, void>, ArduinoJson6130_000001::StringMover>::parseVariant(ArduinoJson6130_000001::VariantData&)
 .text._ZN7EClient16ethernet_runningEv
                0x08001f0c      0x13c E:\Visual Code\EcheckList_Stm32\build\sketch\ECheckLib.h.cpp.o
                0x08001f0c                EClient::ethernet_running()
 .text._ZN22ArduinoJson6130_00000116JsonDeserializerINS_6ReaderIPcvEENS_11StringMoverEE10parseArrayERNS_14CollectionDataE
                0x08002048       0x8e E:\Visual Code\EcheckList_Stm32\build\sketch\ECheckLib.h.cpp.o
                0x08002048                ArduinoJson6130_000001::JsonDeserializer<ArduinoJson6130_000001::Reader<char*, void>, ArduinoJson6130_000001::StringMover>::parseArray(ArduinoJson6130_000001::CollectionData&)
 .text._ZN22ArduinoJson6130_00000116JsonDeserializerINS_6ReaderIPcvEENS_11StringMoverEE11parseObjectERNS_14CollectionDataE
                0x080020d6       0xdc E:\Visual Code\EcheckList_Stm32\build\sketch\ECheckLib.h.cpp.o
                0x080020d6                ArduinoJson6130_000001::JsonDeserializer<ArduinoJson6130_000001::Reader<char*, void>, ArduinoJson6130_000001::StringMover>::parseObject(ArduinoJson6130_000001::CollectionData&)
 .text._ZN22ArduinoJson6130_00000113TextFormatterINS_18StaticStringWriterEE8writeRawEPKc
                0x080021b2       0x1e E:\Visual Code\EcheckList_Stm32\build\sketch\ECheckLib.h.cpp.o
                0x080021b2                ArduinoJson6130_000001::TextFormatter<ArduinoJson6130_000001::StaticStringWriter>::writeRaw(char const*)
 .text._ZN22ArduinoJson6130_00000113TextFormatterINS_18StaticStringWriterEE8writeRawEc
                0x080021d0       0x22 E:\Visual Code\EcheckList_Stm32\build\sketch\ECheckLib.h.cpp.o
                0x080021d0                ArduinoJson6130_000001::TextFormatter<ArduinoJson6130_000001::StaticStringWriter>::writeRaw(char)
 *fill*         0x080021f2        0x2 
 .text._ZN22ArduinoJson6130_00000113TextFormatterINS_18StaticStringWriterEE11writeStringEPKc
                0x080021f4       0x54 E:\Visual Code\EcheckList_Stm32\build\sketch\ECheckLib.h.cpp.o
                0x080021f4                ArduinoJson6130_000001::TextFormatter<ArduinoJson6130_000001::StaticStringWriter>::writeString(char const*)
 .text._ZN22ArduinoJson6130_00000110FloatPartsIfEC2Ef
                0x08002248      0x16c E:\Visual Code\EcheckList_Stm32\build\sketch\ECheckLib.h.cpp.o
                0x08002248                ArduinoJson6130_000001::FloatParts<float>::FloatParts(float)
                0x08002248                ArduinoJson6130_000001::FloatParts<float>::FloatParts(float)
 .text._ZN22ArduinoJson6130_00000113TextFormatterINS_18StaticStringWriterEE8writeRawEPKcS4_
                0x080023b4       0x12 E:\Visual Code\EcheckList_Stm32\build\sketch\ECheckLib.h.cpp.o
                0x080023b4                ArduinoJson6130_000001::TextFormatter<ArduinoJson6130_000001::StaticStringWriter>::writeRaw(char const*, char const*)
 .text._ZN22ArduinoJson6130_00000113TextFormatterINS_18StaticStringWriterEE20writePositiveIntegerImEEvT_
                0x080023c6       0x2e E:\Visual Code\EcheckList_Stm32\build\sketch\ECheckLib.h.cpp.o
                0x080023c6                void ArduinoJson6130_000001::TextFormatter<ArduinoJson6130_000001::StaticStringWriter>::writePositiveInteger<unsigned long>(unsigned long)
 .text._ZN22ArduinoJson6130_00000113TextFormatterINS_18StaticStringWriterEE10writeFloatIfEEvT_
                0x080023f4      0x118 E:\Visual Code\EcheckList_Stm32\build\sketch\ECheckLib.h.cpp.o
                0x080023f4                void ArduinoJson6130_000001::TextFormatter<ArduinoJson6130_000001::StaticStringWriter>::writeFloat<float>(float)
 .text._ZNK22ArduinoJson6130_00000111VariantData6acceptINS_14JsonSerializerINS_18StaticStringWriterEEEEEvRT_
                0x0800250c      0x104 E:\Visual Code\EcheckList_Stm32\build\sketch\ECheckLib.h.cpp.o
                0x0800250c                void ArduinoJson6130_000001::VariantData::accept<ArduinoJson6130_000001::JsonSerializer<ArduinoJson6130_000001::StaticStringWriter> >(ArduinoJson6130_000001::JsonSerializer<ArduinoJson6130_000001::StaticStringWriter>&) const
 .text._ZN7EClient20serialize_local_dataEv
                0x08002610      0x178 E:\Visual Code\EcheckList_Stm32\build\sketch\ECheckLib.h.cpp.o
                0x08002610                EClient::serialize_local_data()
 .text._ZN7EClient14station_submitEv
                0x08002788       0x74 E:\Visual Code\EcheckList_Stm32\build\sketch\ECheckLib.h.cpp.o
                0x08002788                EClient::station_submit()
 .text.startup._GLOBAL__sub_I__Z10HC595_holdh
                0x080027fc       0xc0 E:\Visual Code\EcheckList_Stm32\build\sketch\ECheckLib.h.cpp.o
 .text.exit._GLOBAL__sub_D__Z10HC595_holdh
                0x080028bc       0x20 E:\Visual Code\EcheckList_Stm32\build\sketch\ECheckLib.h.cpp.o
 .text._Z25debug_port_receiving_datav
                0x080028dc      0x1e8 E:\Visual Code\EcheckList_Stm32\build\sketch\ECheckLib.h.cpp.o
                0x080028dc                debug_port_receiving_data()
 .text.loop     0x08002ac4      0x2a0 E:\Visual Code\EcheckList_Stm32\build\sketch\ECheckLib.h.cpp.o
                0x08002ac4                loop
 .text.startup._GLOBAL__sub_I__ZN9DhcpClass13beginWithDHCPEPhmm
                0x08002d64       0x1c E:\Visual Code\EcheckList_Stm32\build\libraries\Ethernet\Dhcp.cpp.o
 .text._ZN9DNSClient5beginERK9IPAddress
                0x08002d80        0xa E:\Visual Code\EcheckList_Stm32\build\libraries\Ethernet\Dns.cpp.o
                0x08002d80                DNSClient::begin(IPAddress const&)
 .text._ZN9DNSClient9inet_atonEPKcR9IPAddress
                0x08002d8a       0x48 E:\Visual Code\EcheckList_Stm32\build\libraries\Ethernet\Dns.cpp.o
                0x08002d8a                DNSClient::inet_aton(char const*, IPAddress&)
 *fill*         0x08002dd2        0x2 
 .text.startup._GLOBAL__sub_I__ZN9DNSClient5beginERK9IPAddress
                0x08002dd4       0x1c E:\Visual Code\EcheckList_Stm32\build\libraries\Ethernet\Dns.cpp.o
 .text._ZN9DNSClient12BuildRequestEPKc
                0x08002df0       0xea E:\Visual Code\EcheckList_Stm32\build\libraries\Ethernet\Dns.cpp.o
                0x08002df0                DNSClient::BuildRequest(char const*)
 .text._ZN9DNSClient15ProcessResponseEtR9IPAddress
                0x08002eda      0x1d0 E:\Visual Code\EcheckList_Stm32\build\libraries\Ethernet\Dns.cpp.o
                0x08002eda                DNSClient::ProcessResponse(unsigned short, IPAddress&)
 *fill*         0x080030aa        0x2 
 .text._ZN9DNSClient13getHostByNameEPKcR9IPAddresst
                0x080030ac       0x8c E:\Visual Code\EcheckList_Stm32\build\libraries\Ethernet\Dns.cpp.o
                0x080030ac                DNSClient::getHostByName(char const*, IPAddress&, unsigned short)
 .text._ZN11SPISettingsC2Em8BitOrderh
                0x08003138       0x26 E:\Visual Code\EcheckList_Stm32\build\libraries\Ethernet\Ethernet.cpp.o
                0x08003138                SPISettings::SPISettings(unsigned long, BitOrder, unsigned char)
                0x08003138                SPISettings::SPISettings(unsigned long, BitOrder, unsigned char)
 .text._ZN8SPIClass16beginTransactionE11SPISettings
                0x0800315e       0x1c E:\Visual Code\EcheckList_Stm32\build\libraries\Ethernet\Ethernet.cpp.o
                0x0800315e                SPIClass::beginTransaction(SPISettings)
 .text._ZN8SPIClass14endTransactionEv
                0x0800317a        0x6 E:\Visual Code\EcheckList_Stm32\build\libraries\Ethernet\Ethernet.cpp.o
                0x0800317a                SPIClass::endTransaction()
 .text._ZN10W5100Class8writeGAREPKh
                0x08003180        0xa E:\Visual Code\EcheckList_Stm32\build\libraries\Ethernet\Ethernet.cpp.o
                0x08003180                W5100Class::writeGAR(unsigned char const*)
 .text._ZN10W5100Class9writeSUBREPKh
                0x0800318a        0xa E:\Visual Code\EcheckList_Stm32\build\libraries\Ethernet\Ethernet.cpp.o
                0x0800318a                W5100Class::writeSUBR(unsigned char const*)
 .text._ZN10W5100Class9writeSHAREPKh
                0x08003194        0xa E:\Visual Code\EcheckList_Stm32\build\libraries\Ethernet\Ethernet.cpp.o
                0x08003194                W5100Class::writeSHAR(unsigned char const*)
 .text._ZN10W5100Class9writeSIPREPKh
                0x0800319e        0xa E:\Visual Code\EcheckList_Stm32\build\libraries\Ethernet\Ethernet.cpp.o
                0x0800319e                W5100Class::writeSIPR(unsigned char const*)
 .text._ZN13EthernetClass5beginEPh9IPAddressS1_S1_S1_
                0x080031a8       0x64 E:\Visual Code\EcheckList_Stm32\build\libraries\Ethernet\Ethernet.cpp.o
                0x080031a8                EthernetClass::begin(unsigned char*, IPAddress, IPAddress, IPAddress, IPAddress)
 .text._ZN13EthernetClass5beginEPh9IPAddressS1_S1_
                0x0800320c       0x50 E:\Visual Code\EcheckList_Stm32\build\libraries\Ethernet\Ethernet.cpp.o
                0x0800320c                EthernetClass::begin(unsigned char*, IPAddress, IPAddress, IPAddress)
 .text._ZN13EthernetClass5beginEPh9IPAddressS1_
                0x0800325c       0x34 E:\Visual Code\EcheckList_Stm32\build\libraries\Ethernet\Ethernet.cpp.o
                0x0800325c                EthernetClass::begin(unsigned char*, IPAddress, IPAddress)
 .text._ZN13EthernetClass5beginEPh9IPAddress
                0x08003290       0x2c E:\Visual Code\EcheckList_Stm32\build\libraries\Ethernet\Ethernet.cpp.o
                0x08003290                EthernetClass::begin(unsigned char*, IPAddress)
 .text._ZN13EthernetClass4initEh
                0x080032bc        0xc E:\Visual Code\EcheckList_Stm32\build\libraries\Ethernet\Ethernet.cpp.o
                0x080032bc                EthernetClass::init(unsigned char)
 .text._ZN13EthernetClass10linkStatusEv
                0x080032c8       0x14 E:\Visual Code\EcheckList_Stm32\build\libraries\Ethernet\Ethernet.cpp.o
                0x080032c8                EthernetClass::linkStatus()
 .text._ZN13EthernetClass14hardwareStatusEv
                0x080032dc       0x1c E:\Visual Code\EcheckList_Stm32\build\libraries\Ethernet\Ethernet.cpp.o
                0x080032dc                EthernetClass::hardwareStatus()
 .text._ZN13EthernetClass7localIPEv
                0x080032f8       0x40 E:\Visual Code\EcheckList_Stm32\build\libraries\Ethernet\Ethernet.cpp.o
                0x080032f8                EthernetClass::localIP()
 .text.startup._GLOBAL__sub_I__ZN13EthernetClass17_dnsServerAddressE
                0x08003338       0x24 E:\Visual Code\EcheckList_Stm32\build\libraries\Ethernet\Ethernet.cpp.o
 .text._ZN14EthernetClientcvbEv
                0x0800335c        0xc E:\Visual Code\EcheckList_Stm32\build\libraries\Ethernet\EthernetClient.cpp.o
                0x0800335c                EthernetClient::operator bool()
 .text._ZN14EthernetClienteqEb
                0x08003368        0x6 E:\Visual Code\EcheckList_Stm32\build\libraries\Ethernet\EthernetClient.cpp.o
                0x08003368                EthernetClient::operator==(bool)
 .text._ZN14EthernetClientneEb
                0x0800336e        0x4 E:\Visual Code\EcheckList_Stm32\build\libraries\Ethernet\EthernetClient.cpp.o
                0x0800336e                EthernetClient::operator!=(bool)
 .text._ZN14EthernetClientneERKS_
                0x08003372       0x10 E:\Visual Code\EcheckList_Stm32\build\libraries\Ethernet\EthernetClient.cpp.o
                0x08003372                EthernetClient::operator!=(EthernetClient const&)
 .text._ZN14EthernetClient20setConnectionTimeoutEt
                0x08003382        0x4 E:\Visual Code\EcheckList_Stm32\build\libraries\Ethernet\EthernetClient.cpp.o
                0x08003382                EthernetClient::setConnectionTimeout(unsigned short)
 .text._ZN14EthernetClient5writeEh
                0x08003386       0x18 E:\Visual Code\EcheckList_Stm32\build\libraries\Ethernet\EthernetClient.cpp.o
                0x08003386                EthernetClient::write(unsigned char)
 .text._ZN14EthernetClienteqERKS_
                0x0800339e       0x16 E:\Visual Code\EcheckList_Stm32\build\libraries\Ethernet\EthernetClient.cpp.o
                0x0800339e                EthernetClient::operator==(EthernetClient const&)
 .text._ZN14EthernetClient9connectedEv
                0x080033b4       0x40 E:\Visual Code\EcheckList_Stm32\build\libraries\Ethernet\EthernetClient.cpp.o
                0x080033b4                EthernetClient::connected()
 .text._ZN14EthernetClient7connectEPKct
                0x080033f4       0x8c E:\Visual Code\EcheckList_Stm32\build\libraries\Ethernet\EthernetClient.cpp.o
                0x080033f4                EthernetClient::connect(char const*, unsigned short)
 .text._ZN14EthernetClient17availableForWriteEv
                0x08003480       0x12 E:\Visual Code\EcheckList_Stm32\build\libraries\Ethernet\EthernetClient.cpp.o
                0x08003480                EthernetClient::availableForWrite()
 .text._ZN14EthernetClient5flushEv
                0x08003492       0x24 E:\Visual Code\EcheckList_Stm32\build\libraries\Ethernet\EthernetClient.cpp.o
                0x08003492                EthernetClient::flush()
 .text._ZN14EthernetClient5writeEPKhj
                0x080034b6       0x1e E:\Visual Code\EcheckList_Stm32\build\libraries\Ethernet\EthernetClient.cpp.o
                0x080034b6                EthernetClient::write(unsigned char const*, unsigned int)
 .text._ZN14EthernetClient9availableEv
                0x080034d4       0x12 E:\Visual Code\EcheckList_Stm32\build\libraries\Ethernet\EthernetClient.cpp.o
                0x080034d4                EthernetClient::available()
 .text._ZN14EthernetClient4readEPhj
                0x080034e6       0x10 E:\Visual Code\EcheckList_Stm32\build\libraries\Ethernet\EthernetClient.cpp.o
                0x080034e6                EthernetClient::read(unsigned char*, unsigned int)
 .text._ZN14EthernetClient4readEv
                0x080034f6       0x20 E:\Visual Code\EcheckList_Stm32\build\libraries\Ethernet\EthernetClient.cpp.o
                0x080034f6                EthernetClient::read()
 .text._ZN14EthernetClient4peekEv
                0x08003516       0x22 E:\Visual Code\EcheckList_Stm32\build\libraries\Ethernet\EthernetClient.cpp.o
                0x08003516                EthernetClient::peek()
 .text._ZN14EthernetClient4stopEv
                0x08003538       0x3c E:\Visual Code\EcheckList_Stm32\build\libraries\Ethernet\EthernetClient.cpp.o
                0x08003538                EthernetClient::stop()
 .text._ZN14EthernetClient7connectE9IPAddresst
                0x08003574       0x98 E:\Visual Code\EcheckList_Stm32\build\libraries\Ethernet\EthernetClient.cpp.o
                0x08003574                EthernetClient::connect(IPAddress, unsigned short)
 .text._ZN10W5100Class6readSnEhtPht
                0x0800360c       0x20 E:\Visual Code\EcheckList_Stm32\build\libraries\Ethernet\EthernetClient.cpp.o
                0x0800360c                W5100Class::readSn(unsigned char, unsigned short, unsigned char*, unsigned short)
 .text._ZN14EthernetClient9localPortEv
                0x0800362c       0x68 E:\Visual Code\EcheckList_Stm32\build\libraries\Ethernet\EthernetClient.cpp.o
                0x0800362c                EthernetClient::localPort()
 .text._ZN14EthernetClient8remoteIPEv
                0x08003694       0x68 E:\Visual Code\EcheckList_Stm32\build\libraries\Ethernet\EthernetClient.cpp.o
                0x08003694                EthernetClient::remoteIP()
 .text._ZN14EthernetClient10remotePortEv
                0x080036fc       0x68 E:\Visual Code\EcheckList_Stm32\build\libraries\Ethernet\EthernetClient.cpp.o
                0x080036fc                EthernetClient::remotePort()
 .text.startup._GLOBAL__sub_I__ZN14EthernetClient7connectEPKct
                0x08003764       0x1c E:\Visual Code\EcheckList_Stm32\build\libraries\Ethernet\EthernetClient.cpp.o
 .text.startup._GLOBAL__sub_I__ZN14EthernetServer11server_portE
                0x08003780       0x1c E:\Visual Code\EcheckList_Stm32\build\libraries\Ethernet\EthernetServer.cpp.o
 .text._ZN11EthernetUDP4readEPcj
                0x0800379c        0x6 E:\Visual Code\EcheckList_Stm32\build\libraries\Ethernet\EthernetUdp.cpp.o
                0x0800379c                EthernetUDP::read(char*, unsigned int)
 *fill*         0x080037a2        0x2 
 .text._ZN11EthernetUDP8remoteIPEv
                0x080037a4       0x10 E:\Visual Code\EcheckList_Stm32\build\libraries\Ethernet\EthernetUdp.cpp.o
                0x080037a4                EthernetUDP::remoteIP()
 .text._ZN11EthernetUDP10remotePortEv
                0x080037b4        0x4 E:\Visual Code\EcheckList_Stm32\build\libraries\Ethernet\EthernetUdp.cpp.o
                0x080037b4                EthernetUDP::remotePort()
 .text._ZN11EthernetUDP9localPortEv
                0x080037b8        0x4 E:\Visual Code\EcheckList_Stm32\build\libraries\Ethernet\EthernetUdp.cpp.o
                0x080037b8                EthernetUDP::localPort()
 .text._ZN11EthernetUDP9availableEv
                0x080037bc        0x4 E:\Visual Code\EcheckList_Stm32\build\libraries\Ethernet\EthernetUdp.cpp.o
                0x080037bc                EthernetUDP::available()
 .text._ZN11EthernetUDP5writeEh
                0x080037c0       0x18 E:\Visual Code\EcheckList_Stm32\build\libraries\Ethernet\EthernetUdp.cpp.o
                0x080037c0                EthernetUDP::write(unsigned char)
 .text._ZN11EthernetUDP5flushEv
                0x080037d8        0x2 E:\Visual Code\EcheckList_Stm32\build\libraries\Ethernet\EthernetUdp.cpp.o
                0x080037d8                EthernetUDP::flush()
 .text._ZN11EthernetUDP4stopEv
                0x080037da       0x18 E:\Visual Code\EcheckList_Stm32\build\libraries\Ethernet\EthernetUdp.cpp.o
                0x080037da                EthernetUDP::stop()
 .text._ZN11EthernetUDP5beginEt
                0x080037f2       0x2e E:\Visual Code\EcheckList_Stm32\build\libraries\Ethernet\EthernetUdp.cpp.o
                0x080037f2                EthernetUDP::begin(unsigned short)
 .text._ZN11EthernetUDP11beginPacketEPKct
                0x08003820       0x78 E:\Visual Code\EcheckList_Stm32\build\libraries\Ethernet\EthernetUdp.cpp.o
                0x08003820                EthernetUDP::beginPacket(char const*, unsigned short)
 .text._ZN11EthernetUDP11beginPacketE9IPAddresst
                0x08003898       0x12 E:\Visual Code\EcheckList_Stm32\build\libraries\Ethernet\EthernetUdp.cpp.o
                0x08003898                EthernetUDP::beginPacket(IPAddress, unsigned short)
 .text._ZN11EthernetUDP9endPacketEv
                0x080038aa        0xc E:\Visual Code\EcheckList_Stm32\build\libraries\Ethernet\EthernetUdp.cpp.o
                0x080038aa                EthernetUDP::endPacket()
 .text._ZN11EthernetUDP5writeEPKhj
                0x080038b6       0x1a E:\Visual Code\EcheckList_Stm32\build\libraries\Ethernet\EthernetUdp.cpp.o
                0x080038b6                EthernetUDP::write(unsigned char const*, unsigned int)
 .text._ZN11EthernetUDP4readEv
                0x080038d0       0x2e E:\Visual Code\EcheckList_Stm32\build\libraries\Ethernet\EthernetUdp.cpp.o
                0x080038d0                EthernetUDP::read()
 .text._ZN11EthernetUDP4readEPhj
                0x080038fe       0x2a E:\Visual Code\EcheckList_Stm32\build\libraries\Ethernet\EthernetUdp.cpp.o
                0x080038fe                EthernetUDP::read(unsigned char*, unsigned int)
 .text._ZN11EthernetUDP4peekEv
                0x08003928       0x1c E:\Visual Code\EcheckList_Stm32\build\libraries\Ethernet\EthernetUdp.cpp.o
                0x08003928                EthernetUDP::peek()
 .text._ZN11EthernetUDP14beginMulticastE9IPAddresst
                0x08003944       0x40 E:\Visual Code\EcheckList_Stm32\build\libraries\Ethernet\EthernetUdp.cpp.o
                0x08003944                EthernetUDP::beginMulticast(IPAddress, unsigned short)
 .text._ZN11EthernetUDP11parsePacketEv
                0x08003984       0x5a E:\Visual Code\EcheckList_Stm32\build\libraries\Ethernet\EthernetUdp.cpp.o
                0x08003984                EthernetUDP::parsePacket()
 *fill*         0x080039de        0x2 
 .text.startup._GLOBAL__sub_I__ZN11EthernetUDP5beginEt
                0x080039e0       0x1c E:\Visual Code\EcheckList_Stm32\build\libraries\Ethernet\EthernetUdp.cpp.o
 .text._ZN10W5100Class6readSnEht
                0x080039fc       0x28 E:\Visual Code\EcheckList_Stm32\build\libraries\Ethernet\socket.cpp.o
                0x080039fc                W5100Class::readSn(unsigned char, unsigned short)
 .text._ZN10W5100Class7writeSnEhth
                0x08003a24       0x2c E:\Visual Code\EcheckList_Stm32\build\libraries\Ethernet\socket.cpp.o
                0x08003a24                W5100Class::writeSn(unsigned char, unsigned short, unsigned char)
 .text._ZN10W5100Class7writeSnEhtPht
                0x08003a50       0x20 E:\Visual Code\EcheckList_Stm32\build\libraries\Ethernet\socket.cpp.o
                0x08003a50                W5100Class::writeSn(unsigned char, unsigned short, unsigned char*, unsigned short)
 .text._ZL10write_datahtPKht
                0x08003a70       0xa8 E:\Visual Code\EcheckList_Stm32\build\libraries\Ethernet\socket.cpp.o
 .text._ZN10W5100Class8readSnSREh
                0x08003b18        0xa E:\Visual Code\EcheckList_Stm32\build\libraries\Ethernet\socket.cpp.o
                0x08003b18                W5100Class::readSnSR(unsigned char)
 .text._ZN10W5100Class11writeSnPORTEht
                0x08003b22       0x18 E:\Visual Code\EcheckList_Stm32\build\libraries\Ethernet\socket.cpp.o
                0x08003b22                W5100Class::writeSnPORT(unsigned char, unsigned short)
 .text._ZN10W5100Class11writeSnDIPREhPh
                0x08003b3a        0xe E:\Visual Code\EcheckList_Stm32\build\libraries\Ethernet\socket.cpp.o
                0x08003b3a                W5100Class::writeSnDIPR(unsigned char, unsigned char*)
 .text._ZN10W5100Class12writeSnDPORTEht
                0x08003b48       0x18 E:\Visual Code\EcheckList_Stm32\build\libraries\Ethernet\socket.cpp.o
                0x08003b48                W5100Class::writeSnDPORT(unsigned char, unsigned short)
 .text._ZN10W5100Class12readSnTX_FSREh
                0x08003b60       0x1e E:\Visual Code\EcheckList_Stm32\build\libraries\Ethernet\socket.cpp.o
                0x08003b60                W5100Class::readSnTX_FSR(unsigned char)
 *fill*         0x08003b7e        0x2 
 .text._ZL11getSnTX_FSRh
                0x08003b80       0x28 E:\Visual Code\EcheckList_Stm32\build\libraries\Ethernet\socket.cpp.o
 .text._ZN10W5100Class12readSnRX_RSREh
                0x08003ba8       0x1e E:\Visual Code\EcheckList_Stm32\build\libraries\Ethernet\socket.cpp.o
                0x08003ba8                W5100Class::readSnRX_RSR(unsigned char)
 .text._ZN10W5100Class11readSnRX_RDEh
                0x08003bc6       0x1e E:\Visual Code\EcheckList_Stm32\build\libraries\Ethernet\socket.cpp.o
                0x08003bc6                W5100Class::readSnRX_RD(unsigned char)
 .text._ZN10W5100Class5RBASEEh
                0x08003be4       0x18 E:\Visual Code\EcheckList_Stm32\build\libraries\Ethernet\socket.cpp.o
                0x08003be4                W5100Class::RBASE(unsigned char)
 .text._ZN13EthernetClass11socketBeginEht
                0x08003bfc      0x134 E:\Visual Code\EcheckList_Stm32\build\libraries\Ethernet\socket.cpp.o
                0x08003bfc                EthernetClass::socketBegin(unsigned char, unsigned short)
 .text._ZN13EthernetClass20socketBeginMulticastEh9IPAddresst
                0x08003d30      0x178 E:\Visual Code\EcheckList_Stm32\build\libraries\Ethernet\socket.cpp.o
                0x08003d30                EthernetClass::socketBeginMulticast(unsigned char, IPAddress, unsigned short)
 .text._ZN13EthernetClass12socketStatusEh
                0x08003ea8       0x3c E:\Visual Code\EcheckList_Stm32\build\libraries\Ethernet\socket.cpp.o
                0x08003ea8                EthernetClass::socketStatus(unsigned char)
 .text._ZN13EthernetClass11socketCloseEh
                0x08003ee4       0x38 E:\Visual Code\EcheckList_Stm32\build\libraries\Ethernet\socket.cpp.o
                0x08003ee4                EthernetClass::socketClose(unsigned char)
 .text._ZN13EthernetClass13socketConnectEhPht
                0x08003f1c       0x50 E:\Visual Code\EcheckList_Stm32\build\libraries\Ethernet\socket.cpp.o
                0x08003f1c                EthernetClass::socketConnect(unsigned char, unsigned char*, unsigned short)
 .text._ZN13EthernetClass16socketDisconnectEh
                0x08003f6c       0x38 E:\Visual Code\EcheckList_Stm32\build\libraries\Ethernet\socket.cpp.o
                0x08003f6c                EthernetClass::socketDisconnect(unsigned char)
 .text._ZN13EthernetClass10socketRecvEhPhs
                0x08003fa4      0x134 E:\Visual Code\EcheckList_Stm32\build\libraries\Ethernet\socket.cpp.o
                0x08003fa4                EthernetClass::socketRecv(unsigned char, unsigned char*, short)
 .text._ZN13EthernetClass19socketRecvAvailableEh
                0x080040d8       0x5c E:\Visual Code\EcheckList_Stm32\build\libraries\Ethernet\socket.cpp.o
                0x080040d8                EthernetClass::socketRecvAvailable(unsigned char)
 .text._ZN13EthernetClass10socketPeekEh
                0x08004134       0x58 E:\Visual Code\EcheckList_Stm32\build\libraries\Ethernet\socket.cpp.o
                0x08004134                EthernetClass::socketPeek(unsigned char)
 .text._ZN13EthernetClass10socketSendEhPKht
                0x0800418c       0xf8 E:\Visual Code\EcheckList_Stm32\build\libraries\Ethernet\socket.cpp.o
                0x0800418c                EthernetClass::socketSend(unsigned char, unsigned char const*, unsigned short)
 .text._ZN13EthernetClass19socketSendAvailableEh
                0x08004284       0x4c E:\Visual Code\EcheckList_Stm32\build\libraries\Ethernet\socket.cpp.o
                0x08004284                EthernetClass::socketSendAvailable(unsigned char)
 .text._ZN13EthernetClass16socketBufferDataEhtPKht
                0x080042d0       0x58 E:\Visual Code\EcheckList_Stm32\build\libraries\Ethernet\socket.cpp.o
                0x080042d0                EthernetClass::socketBufferData(unsigned char, unsigned short, unsigned char const*, unsigned short)
 .text._ZN13EthernetClass14socketStartUDPEhPht
                0x08004328       0x5c E:\Visual Code\EcheckList_Stm32\build\libraries\Ethernet\socket.cpp.o
                0x08004328                EthernetClass::socketStartUDP(unsigned char, unsigned char*, unsigned short)
 .text._ZN13EthernetClass13socketSendUDPEh
                0x08004384       0xa0 E:\Visual Code\EcheckList_Stm32\build\libraries\Ethernet\socket.cpp.o
                0x08004384                EthernetClass::socketSendUDP(unsigned char)
 .text.startup._GLOBAL__sub_I__ZN13EthernetClass14socketPortRandEt
                0x08004424       0x1c E:\Visual Code\EcheckList_Stm32\build\libraries\Ethernet\socket.cpp.o
 .text._ZN8SPIClass8transferEh15SPITransferMode
                0x08004440        0xa E:\Visual Code\EcheckList_Stm32\build\libraries\Ethernet\utility\w5100.cpp.o
                0x08004440                SPIClass::transfer(unsigned char, SPITransferMode)
 *fill*         0x0800444a        0x2 
 .text._ZN10W5100Class5setSSEv
                0x0800444c       0x10 E:\Visual Code\EcheckList_Stm32\build\libraries\Ethernet\utility\w5100.cpp.o
                0x0800444c                W5100Class::setSS()
 .text._ZN10W5100Class7resetSSEv
                0x0800445c       0x10 E:\Visual Code\EcheckList_Stm32\build\libraries\Ethernet\utility\w5100.cpp.o
                0x0800445c                W5100Class::resetSS()
 .text._ZN10W5100Class5writeEtPKht
                0x0800446c      0x15c E:\Visual Code\EcheckList_Stm32\build\libraries\Ethernet\utility\w5100.cpp.o
                0x0800446c                W5100Class::write(unsigned short, unsigned char const*, unsigned short)
 .text._ZN10W5100Class5writeEth
                0x080045c8       0x18 E:\Visual Code\EcheckList_Stm32\build\libraries\Ethernet\utility\w5100.cpp.o
                0x080045c8                W5100Class::write(unsigned short, unsigned char)
 .text._ZN10W5100Class7writeMREh
                0x080045e0        0xc E:\Visual Code\EcheckList_Stm32\build\libraries\Ethernet\utility\w5100.cpp.o
                0x080045e0                W5100Class::writeMR(unsigned char)
 .text._ZN10W5100Class4readEtPht
                0x080045ec      0x110 E:\Visual Code\EcheckList_Stm32\build\libraries\Ethernet\utility\w5100.cpp.o
                0x080045ec                W5100Class::read(unsigned short, unsigned char*, unsigned short)
 .text._ZN10W5100Class4readEt
                0x080046fc       0x16 E:\Visual Code\EcheckList_Stm32\build\libraries\Ethernet\utility\w5100.cpp.o
                0x080046fc                W5100Class::read(unsigned short)
 .text._ZN10W5100Class6readMREv
                0x08004712        0xa E:\Visual Code\EcheckList_Stm32\build\libraries\Ethernet\utility\w5100.cpp.o
                0x08004712                W5100Class::readMR()
 .text._ZN10W5100Class9softResetEv
                0x0800471c       0x26 E:\Visual Code\EcheckList_Stm32\build\libraries\Ethernet\utility\w5100.cpp.o
                0x0800471c                W5100Class::softReset()
 *fill*         0x08004742        0x2 
 .text._ZN10W5100Class7isW5100Ev
                0x08004744       0x44 E:\Visual Code\EcheckList_Stm32\build\libraries\Ethernet\utility\w5100.cpp.o
                0x08004744                W5100Class::isW5100()
 .text._ZN10W5100Class7isW5200Ev
                0x08004788       0x50 E:\Visual Code\EcheckList_Stm32\build\libraries\Ethernet\utility\w5100.cpp.o
                0x08004788                W5100Class::isW5200()
 .text._ZN10W5100Class7isW5500Ev
                0x080047d8       0x50 E:\Visual Code\EcheckList_Stm32\build\libraries\Ethernet\utility\w5100.cpp.o
                0x080047d8                W5100Class::isW5500()
 .text._ZN10W5100Class4initEv
                0x08004828       0xe4 E:\Visual Code\EcheckList_Stm32\build\libraries\Ethernet\utility\w5100.cpp.o
                0x08004828                W5100Class::init()
 .text._ZN10W5100Class13getLinkStatusEv
                0x0800490c       0xa8 E:\Visual Code\EcheckList_Stm32\build\libraries\Ethernet\utility\w5100.cpp.o
                0x0800490c                W5100Class::getLinkStatus()
 .text._ZN10W5100Class9execCmdSnEh7SockCMD
                0x080049b4       0x28 E:\Visual Code\EcheckList_Stm32\build\libraries\Ethernet\utility\w5100.cpp.o
                0x080049b4                W5100Class::execCmdSn(unsigned char, SockCMD)
 .text.startup._GLOBAL__sub_I__ZN10W5100Class4chipE
                0x080049dc       0x1c E:\Visual Code\EcheckList_Stm32\build\libraries\Ethernet\utility\w5100.cpp.o
 .text._ZN8SPIClass6pinIdxEhNS_12pin_option_tE
                0x080049f8       0x44 E:\Visual Code\EcheckList_Stm32\build\libraries\SPI\SPI.cpp.o
                0x080049f8                SPIClass::pinIdx(unsigned char, SPIClass::pin_option_t)
 .text._ZN8SPIClassC2Ev
                0x08004a3c       0x48 E:\Visual Code\EcheckList_Stm32\build\libraries\SPI\SPI.cpp.o
                0x08004a3c                SPIClass::SPIClass()
                0x08004a3c                SPIClass::SPIClass()
 .text._ZN8SPIClass5beginEh
                0x08004a84       0x50 E:\Visual Code\EcheckList_Stm32\build\libraries\SPI\SPI.cpp.o
                0x08004a84                SPIClass::begin(unsigned char)
 .text._ZN8SPIClass16beginTransactionEh11SPISettings
                0x08004ad4       0x74 E:\Visual Code\EcheckList_Stm32\build\libraries\SPI\SPI.cpp.o
                0x08004ad4                SPIClass::beginTransaction(unsigned char, SPISettings)
 .text._ZN8SPIClass14endTransactionEh
                0x08004b48       0x3c E:\Visual Code\EcheckList_Stm32\build\libraries\SPI\SPI.cpp.o
                0x08004b48                SPIClass::endTransaction(unsigned char)
 .text._ZN8SPIClass8transferEhh15SPITransferMode
                0x08004b84       0x90 E:\Visual Code\EcheckList_Stm32\build\libraries\SPI\SPI.cpp.o
                0x08004b84                SPIClass::transfer(unsigned char, unsigned char, SPITransferMode)
 .text._ZN8SPIClass8transferEhPvj15SPITransferMode
                0x08004c14       0x92 E:\Visual Code\EcheckList_Stm32\build\libraries\SPI\SPI.cpp.o
                0x08004c14                SPIClass::transfer(unsigned char, void*, unsigned int, SPITransferMode)
 *fill*         0x08004ca6        0x2 
 .text.startup._GLOBAL__sub_I_SPI
                0x08004ca8        0xc E:\Visual Code\EcheckList_Stm32\build\libraries\SPI\SPI.cpp.o
 .text.SystemClock_Config
                0x08004cb4       0x60 E:\Visual Code\EcheckList_Stm32\build\core\variant.cpp.o
                0x08004cb4                SystemClock_Config
 .text.Reset_Handler
                0x08004d14       0x48 E:\Visual Code\EcheckList_Stm32\build\core\core.a(startup_stm32yyxx.S.o)
                0x08004d14                Reset_Handler
 .text.Default_Handler
                0x08004d5c        0x2 E:\Visual Code\EcheckList_Stm32\build\core\core.a(startup_stm32yyxx.S.o)
                0x08004d5c                DebugMon_Handler
                0x08004d5c                HardFault_Handler
                0x08004d5c                PVD_IRQHandler
                0x08004d5c                PendSV_Handler
                0x08004d5c                NMI_Handler
                0x08004d5c                UsageFault_Handler
                0x08004d5c                ADC1_2_IRQHandler
                0x08004d5c                SPI1_IRQHandler
                0x08004d5c                TAMPER_IRQHandler
                0x08004d5c                DMA1_Channel4_IRQHandler
                0x08004d5c                RTC_IRQHandler
                0x08004d5c                DMA1_Channel7_IRQHandler
                0x08004d5c                CAN1_RX1_IRQHandler
                0x08004d5c                DMA1_Channel6_IRQHandler
                0x08004d5c                RCC_IRQHandler
                0x08004d5c                TIM1_TRG_COM_IRQHandler
                0x08004d5c                DMA1_Channel1_IRQHandler
                0x08004d5c                Default_Handler
                0x08004d5c                SPI2_IRQHandler
                0x08004d5c                MemManage_Handler
                0x08004d5c                SVC_Handler
                0x08004d5c                DMA1_Channel5_IRQHandler
                0x08004d5c                USB_LP_CAN1_RX0_IRQHandler
                0x08004d5c                USB_HP_CAN1_TX_IRQHandler
                0x08004d5c                DMA1_Channel3_IRQHandler
                0x08004d5c                WWDG_IRQHandler
                0x08004d5c                TIM1_BRK_IRQHandler
                0x08004d5c                DMA1_Channel2_IRQHandler
                0x08004d5c                CAN1_SCE_IRQHandler
                0x08004d5c                FLASH_IRQHandler
                0x08004d5c                BusFault_Handler
                0x08004d5c                USBWakeUp_IRQHandler
 .text.init     0x08004d5e        0x4 E:\Visual Code\EcheckList_Stm32\build\core\core.a(board.c.o)
                0x08004d5e                init
 .text.__empty  0x08004d62        0x2 E:\Visual Code\EcheckList_Stm32\build\core\core.a(hooks.c.o)
                0x08004d62                yield
 .text.HAL_MspInit
                0x08004d64        0x2 E:\Visual Code\EcheckList_Stm32\build\core\core.a(stm32yyxx_hal.c.o)
                0x08004d64                HAL_MspInit
 *fill*         0x08004d66        0x2 
 .text.HAL_InitTick
                0x08004d68       0x48 E:\Visual Code\EcheckList_Stm32\build\core\core.a(stm32yyxx_hal.c.o)
                0x08004d68                HAL_InitTick
 .text.HAL_Init
                0x08004db0       0x24 E:\Visual Code\EcheckList_Stm32\build\core\core.a(stm32yyxx_hal.c.o)
                0x08004db0                HAL_Init
 .text.HAL_IncTick
                0x08004dd4       0x18 E:\Visual Code\EcheckList_Stm32\build\core\core.a(stm32yyxx_hal.c.o)
                0x08004dd4                HAL_IncTick
 .text.HAL_GetTick
                0x08004dec        0xc E:\Visual Code\EcheckList_Stm32\build\core\core.a(stm32yyxx_hal.c.o)
                0x08004dec                HAL_GetTick
 .text.HAL_NVIC_SetPriorityGrouping
                0x08004df8       0x24 E:\Visual Code\EcheckList_Stm32\build\core\core.a(stm32yyxx_hal_cortex.c.o)
                0x08004df8                HAL_NVIC_SetPriorityGrouping
 .text.HAL_NVIC_SetPriority
                0x08004e1c       0x68 E:\Visual Code\EcheckList_Stm32\build\core\core.a(stm32yyxx_hal_cortex.c.o)
                0x08004e1c                HAL_NVIC_SetPriority
 .text.HAL_NVIC_EnableIRQ
                0x08004e84       0x1c E:\Visual Code\EcheckList_Stm32\build\core\core.a(stm32yyxx_hal_cortex.c.o)
                0x08004e84                HAL_NVIC_EnableIRQ
 .text.HAL_NVIC_DisableIRQ
                0x08004ea0       0x28 E:\Visual Code\EcheckList_Stm32\build\core\core.a(stm32yyxx_hal_cortex.c.o)
                0x08004ea0                HAL_NVIC_DisableIRQ
 .text.HAL_SYSTICK_Config
                0x08004ec8       0x2c E:\Visual Code\EcheckList_Stm32\build\core\core.a(stm32yyxx_hal_cortex.c.o)
                0x08004ec8                HAL_SYSTICK_Config
 .text.HAL_NVIC_ClearPendingIRQ
                0x08004ef4       0x20 E:\Visual Code\EcheckList_Stm32\build\core\core.a(stm32yyxx_hal_cortex.c.o)
                0x08004ef4                HAL_NVIC_ClearPendingIRQ
 .text.HAL_SYSTICK_Callback
                0x08004f14        0x2 E:\Visual Code\EcheckList_Stm32\build\core\core.a(stm32yyxx_hal_cortex.c.o)
                0x08004f14                HAL_SYSTICK_Callback
 .text.HAL_SYSTICK_IRQHandler
                0x08004f16        0x8 E:\Visual Code\EcheckList_Stm32\build\core\core.a(stm32yyxx_hal_cortex.c.o)
                0x08004f16                HAL_SYSTICK_IRQHandler
 *fill*         0x08004f1e        0x2 
 .text.HAL_DMA_Abort_IT
                0x08004f20       0x8c E:\Visual Code\EcheckList_Stm32\build\core\core.a(stm32yyxx_hal_dma.c.o)
                0x08004f20                HAL_DMA_Abort_IT
 .text.HAL_DMA_GetState
                0x08004fac        0x6 E:\Visual Code\EcheckList_Stm32\build\core\core.a(stm32yyxx_hal_dma.c.o)
                0x08004fac                HAL_DMA_GetState
 *fill*         0x08004fb2        0x2 
 .text.FLASH_SetErrorCode
                0x08004fb4       0x50 E:\Visual Code\EcheckList_Stm32\build\core\core.a(stm32yyxx_hal_flash.c.o)
 .text.HAL_FLASH_Unlock
                0x08005004       0x24 E:\Visual Code\EcheckList_Stm32\build\core\core.a(stm32yyxx_hal_flash.c.o)
                0x08005004                HAL_FLASH_Unlock
 .text.HAL_FLASH_Lock
                0x08005028       0x14 E:\Visual Code\EcheckList_Stm32\build\core\core.a(stm32yyxx_hal_flash.c.o)
                0x08005028                HAL_FLASH_Lock
 .text.FLASH_WaitForLastOperation
                0x0800503c       0x54 E:\Visual Code\EcheckList_Stm32\build\core\core.a(stm32yyxx_hal_flash.c.o)
                0x0800503c                FLASH_WaitForLastOperation
 .text.HAL_FLASH_Program
                0x08005090       0xa0 E:\Visual Code\EcheckList_Stm32\build\core\core.a(stm32yyxx_hal_flash.c.o)
                0x08005090                HAL_FLASH_Program
 .text.FLASH_MassErase.isra.0
                0x08005130       0x24 E:\Visual Code\EcheckList_Stm32\build\core\core.a(stm32yyxx_hal_flash_ex.c.o)
 .text.FLASH_PageErase
                0x08005154       0x24 E:\Visual Code\EcheckList_Stm32\build\core\core.a(stm32yyxx_hal_flash_ex.c.o)
                0x08005154                FLASH_PageErase
 .text.HAL_FLASHEx_Erase
                0x08005178       0x98 E:\Visual Code\EcheckList_Stm32\build\core\core.a(stm32yyxx_hal_flash_ex.c.o)
                0x08005178                HAL_FLASHEx_Erase
 .text.HAL_GPIO_EXTI_IRQHandler
                0x08005210       0x18 E:\Visual Code\EcheckList_Stm32\build\core\core.a(stm32yyxx_hal_gpio.c.o)
                0x08005210                HAL_GPIO_EXTI_IRQHandler
 .text.HAL_I2C_Slave_Seq_Transmit_IT
                0x08005228       0x7c E:\Visual Code\EcheckList_Stm32\build\core\core.a(stm32yyxx_hal_i2c.c.o)
                0x08005228                HAL_I2C_Slave_Seq_Transmit_IT
 .text.HAL_I2C_Slave_Seq_Receive_IT
                0x080052a4       0x7c E:\Visual Code\EcheckList_Stm32\build\core\core.a(stm32yyxx_hal_i2c.c.o)
                0x080052a4                HAL_I2C_Slave_Seq_Receive_IT
 .text.HAL_I2C_EnableListen_IT
                0x08005320       0x36 E:\Visual Code\EcheckList_Stm32\build\core\core.a(stm32yyxx_hal_i2c.c.o)
                0x08005320                HAL_I2C_EnableListen_IT
 .text.HAL_I2C_MasterTxCpltCallback
                0x08005356        0x2 E:\Visual Code\EcheckList_Stm32\build\core\core.a(stm32yyxx_hal_i2c.c.o)
                0x08005356                HAL_I2C_MasterTxCpltCallback
 .text.HAL_I2C_MasterRxCpltCallback
                0x08005358        0x2 E:\Visual Code\EcheckList_Stm32\build\core\core.a(stm32yyxx_hal_i2c.c.o)
                0x08005358                HAL_I2C_MasterRxCpltCallback
 .text.HAL_I2C_MemTxCpltCallback
                0x0800535a        0x2 E:\Visual Code\EcheckList_Stm32\build\core\core.a(stm32yyxx_hal_i2c.c.o)
                0x0800535a                HAL_I2C_MemTxCpltCallback
 .text.HAL_I2C_MemRxCpltCallback
                0x0800535c        0x2 E:\Visual Code\EcheckList_Stm32\build\core\core.a(stm32yyxx_hal_i2c.c.o)
                0x0800535c                HAL_I2C_MemRxCpltCallback
 .text.HAL_I2C_AbortCpltCallback
                0x0800535e        0x2 E:\Visual Code\EcheckList_Stm32\build\core\core.a(stm32yyxx_hal_i2c.c.o)
                0x0800535e                HAL_I2C_AbortCpltCallback
 .text.I2C_DMAAbort
                0x08005360       0x76 E:\Visual Code\EcheckList_Stm32\build\core\core.a(stm32yyxx_hal_i2c.c.o)
 *fill*         0x080053d6        0x2 
 .text.I2C_ITError
                0x080053d8      0x144 E:\Visual Code\EcheckList_Stm32\build\core\core.a(stm32yyxx_hal_i2c.c.o)
 .text.HAL_I2C_EV_IRQHandler
                0x0800551c      0x850 E:\Visual Code\EcheckList_Stm32\build\core\core.a(stm32yyxx_hal_i2c.c.o)
                0x0800551c                HAL_I2C_EV_IRQHandler
 .text.HAL_I2C_ER_IRQHandler
                0x08005d6c      0x134 E:\Visual Code\EcheckList_Stm32\build\core\core.a(stm32yyxx_hal_i2c.c.o)
                0x08005d6c                HAL_I2C_ER_IRQHandler
 .text.HAL_RCC_OscConfig
                0x08005ea0      0x33c E:\Visual Code\EcheckList_Stm32\build\core\core.a(stm32yyxx_hal_rcc.c.o)
                0x08005ea0                HAL_RCC_OscConfig
 .text.HAL_RCC_GetSysClockFreq
                0x080061dc       0x74 E:\Visual Code\EcheckList_Stm32\build\core\core.a(stm32yyxx_hal_rcc.c.o)
                0x080061dc                HAL_RCC_GetSysClockFreq
 .text.HAL_RCC_ClockConfig
                0x08006250      0x138 E:\Visual Code\EcheckList_Stm32\build\core\core.a(stm32yyxx_hal_rcc.c.o)
                0x08006250                HAL_RCC_ClockConfig
 .text.HAL_RCC_GetPCLK1Freq
                0x08006388       0x20 E:\Visual Code\EcheckList_Stm32\build\core\core.a(stm32yyxx_hal_rcc.c.o)
                0x08006388                HAL_RCC_GetPCLK1Freq
 .text.HAL_RCC_GetPCLK2Freq
                0x080063a8       0x20 E:\Visual Code\EcheckList_Stm32\build\core\core.a(stm32yyxx_hal_rcc.c.o)
                0x080063a8                HAL_RCC_GetPCLK2Freq
 .text.HAL_RCC_GetClockConfig
                0x080063c8       0x3c E:\Visual Code\EcheckList_Stm32\build\core\core.a(stm32yyxx_hal_rcc.c.o)
                0x080063c8                HAL_RCC_GetClockConfig
 .text.HAL_RCCEx_PeriphCLKConfig
                0x08006404       0xf0 E:\Visual Code\EcheckList_Stm32\build\core\core.a(stm32yyxx_hal_rcc_ex.c.o)
                0x08006404                HAL_RCCEx_PeriphCLKConfig
 .text.HAL_RTC_AlarmIRQHandler
                0x080064f4       0x30 E:\Visual Code\EcheckList_Stm32\build\core\core.a(stm32yyxx_hal_rtc.c.o)
                0x080064f4                HAL_RTC_AlarmIRQHandler
 .text.SPI_WaitFlagStateUntilTimeout.constprop.5
                0x08006524       0x76 E:\Visual Code\EcheckList_Stm32\build\core\core.a(stm32yyxx_hal_spi.c.o)
 .text.SPI_EndRxTxTransaction
                0x0800659a       0x1c E:\Visual Code\EcheckList_Stm32\build\core\core.a(stm32yyxx_hal_spi.c.o)
 .text.HAL_SPI_MspInit
                0x080065b6        0x2 E:\Visual Code\EcheckList_Stm32\build\core\core.a(stm32yyxx_hal_spi.c.o)
                0x080065b6                HAL_SPI_MspInit
 .text.HAL_SPI_Init
                0x080065b8       0x76 E:\Visual Code\EcheckList_Stm32\build\core\core.a(stm32yyxx_hal_spi.c.o)
                0x080065b8                HAL_SPI_Init
 .text.HAL_SPI_TransmitReceive
                0x0800662e      0x1d8 E:\Visual Code\EcheckList_Stm32\build\core\core.a(stm32yyxx_hal_spi.c.o)
                0x0800662e                HAL_SPI_TransmitReceive
 *fill*         0x08006806        0x2 
 .text.TIM_OC1_SetConfig
                0x08006808       0x50 E:\Visual Code\EcheckList_Stm32\build\core\core.a(stm32yyxx_hal_tim.c.o)
 .text.TIM_OC3_SetConfig
                0x08006858       0x54 E:\Visual Code\EcheckList_Stm32\build\core\core.a(stm32yyxx_hal_tim.c.o)
 .text.TIM_OC4_SetConfig
                0x080068ac       0x44 E:\Visual Code\EcheckList_Stm32\build\core\core.a(stm32yyxx_hal_tim.c.o)
 .text.HAL_TIM_Base_Start
                0x080068f0       0x24 E:\Visual Code\EcheckList_Stm32\build\core\core.a(stm32yyxx_hal_tim.c.o)
                0x080068f0                HAL_TIM_Base_Start
 .text.HAL_TIM_Base_Start_IT
                0x08006914       0x20 E:\Visual Code\EcheckList_Stm32\build\core\core.a(stm32yyxx_hal_tim.c.o)
                0x08006914                HAL_TIM_Base_Start_IT
 .text.HAL_TIM_PWM_PulseFinishedCallback
                0x08006934        0x2 E:\Visual Code\EcheckList_Stm32\build\core\core.a(stm32yyxx_hal_tim.c.o)
                0x08006934                HAL_TIM_PWM_PulseFinishedCallback
 .text.HAL_TIM_TriggerCallback
                0x08006936        0x2 E:\Visual Code\EcheckList_Stm32\build\core\core.a(stm32yyxx_hal_tim.c.o)
                0x08006936                HAL_TIM_TriggerCallback
 .text.HAL_TIM_IRQHandler
                0x08006938      0x144 E:\Visual Code\EcheckList_Stm32\build\core\core.a(stm32yyxx_hal_tim.c.o)
                0x08006938                HAL_TIM_IRQHandler
 .text.TIM_Base_SetConfig
                0x08006a7c       0x70 E:\Visual Code\EcheckList_Stm32\build\core\core.a(stm32yyxx_hal_tim.c.o)
                0x08006a7c                TIM_Base_SetConfig
 .text.HAL_TIM_Base_Init
                0x08006aec       0x34 E:\Visual Code\EcheckList_Stm32\build\core\core.a(stm32yyxx_hal_tim.c.o)
                0x08006aec                HAL_TIM_Base_Init
 .text.TIM_OC2_SetConfig
                0x08006b20       0x58 E:\Visual Code\EcheckList_Stm32\build\core\core.a(stm32yyxx_hal_tim.c.o)
                0x08006b20                TIM_OC2_SetConfig
 .text.HAL_TIM_OC_ConfigChannel
                0x08006b78       0x5c E:\Visual Code\EcheckList_Stm32\build\core\core.a(stm32yyxx_hal_tim.c.o)
                0x08006b78                HAL_TIM_OC_ConfigChannel
 .text.HAL_TIM_PWM_ConfigChannel
                0x08006bd4       0xc4 E:\Visual Code\EcheckList_Stm32\build\core\core.a(stm32yyxx_hal_tim.c.o)
                0x08006bd4                HAL_TIM_PWM_ConfigChannel
 .text.TIM_TI1_SetConfig
                0x08006c98       0x54 E:\Visual Code\EcheckList_Stm32\build\core\core.a(stm32yyxx_hal_tim.c.o)
                0x08006c98                TIM_TI1_SetConfig
 .text.HAL_TIM_IC_ConfigChannel
                0x08006cec      0x112 E:\Visual Code\EcheckList_Stm32\build\core\core.a(stm32yyxx_hal_tim.c.o)
                0x08006cec                HAL_TIM_IC_ConfigChannel
 .text.TIM_CCxChannelCmd
                0x08006dfe       0x1c E:\Visual Code\EcheckList_Stm32\build\core\core.a(stm32yyxx_hal_tim.c.o)
                0x08006dfe                TIM_CCxChannelCmd
 *fill*         0x08006e1a        0x2 
 .text.HAL_TIM_OC_Start
                0x08006e1c       0x38 E:\Visual Code\EcheckList_Stm32\build\core\core.a(stm32yyxx_hal_tim.c.o)
                0x08006e1c                HAL_TIM_OC_Start
 .text.HAL_TIM_PWM_Start
                0x08006e54        0x4 E:\Visual Code\EcheckList_Stm32\build\core\core.a(stm32yyxx_hal_tim.c.o)
                0x08006e54                HAL_TIM_PWM_Start
 .text.HAL_TIM_OC_Start_IT
                0x08006e58       0x6c E:\Visual Code\EcheckList_Stm32\build\core\core.a(stm32yyxx_hal_tim.c.o)
                0x08006e58                HAL_TIM_OC_Start_IT
 .text.HAL_TIM_PWM_Start_IT
                0x08006ec4        0x4 E:\Visual Code\EcheckList_Stm32\build\core\core.a(stm32yyxx_hal_tim.c.o)
                0x08006ec4                HAL_TIM_PWM_Start_IT
 .text.HAL_TIM_IC_Start
                0x08006ec8       0x24 E:\Visual Code\EcheckList_Stm32\build\core\core.a(stm32yyxx_hal_tim.c.o)
                0x08006ec8                HAL_TIM_IC_Start
 .text.HAL_TIM_IC_Start_IT
                0x08006eec       0x5a E:\Visual Code\EcheckList_Stm32\build\core\core.a(stm32yyxx_hal_tim.c.o)
                0x08006eec                HAL_TIM_IC_Start_IT
 .text.TIM_CCxNChannelCmd
                0x08006f46       0x1c E:\Visual Code\EcheckList_Stm32\build\core\core.a(stm32yyxx_hal_tim_ex.c.o)
 .text.HAL_TIMEx_OCN_Start
                0x08006f62       0x2c E:\Visual Code\EcheckList_Stm32\build\core\core.a(stm32yyxx_hal_tim_ex.c.o)
                0x08006f62                HAL_TIMEx_OCN_Start
 .text.HAL_TIMEx_OCN_Start_IT
                0x08006f8e       0x56 E:\Visual Code\EcheckList_Stm32\build\core\core.a(stm32yyxx_hal_tim_ex.c.o)
                0x08006f8e                HAL_TIMEx_OCN_Start_IT
 .text.HAL_TIMEx_PWMN_Start
                0x08006fe4        0x4 E:\Visual Code\EcheckList_Stm32\build\core\core.a(stm32yyxx_hal_tim_ex.c.o)
                0x08006fe4                HAL_TIMEx_PWMN_Start
 .text.HAL_TIMEx_PWMN_Start_IT
                0x08006fe8        0x4 E:\Visual Code\EcheckList_Stm32\build\core\core.a(stm32yyxx_hal_tim_ex.c.o)
                0x08006fe8                HAL_TIMEx_PWMN_Start_IT
 .text.HAL_TIMEx_CommutCallback
                0x08006fec        0x2 E:\Visual Code\EcheckList_Stm32\build\core\core.a(stm32yyxx_hal_tim_ex.c.o)
                0x08006fec                HAL_TIMEx_CommutCallback
 .text.HAL_TIMEx_BreakCallback
                0x08006fee        0x2 E:\Visual Code\EcheckList_Stm32\build\core\core.a(stm32yyxx_hal_tim_ex.c.o)
                0x08006fee                HAL_TIMEx_BreakCallback
 .text.UART_EndRxTransfer
                0x08006ff0       0x1a E:\Visual Code\EcheckList_Stm32\build\core\core.a(stm32yyxx_hal_uart.c.o)
 *fill*         0x0800700a        0x2 
 .text.UART_SetConfig
                0x0800700c       0x74 E:\Visual Code\EcheckList_Stm32\build\core\core.a(stm32yyxx_hal_uart.c.o)
 .text.UART_WaitOnFlagUntilTimeout.constprop.3
                0x08007080       0x50 E:\Visual Code\EcheckList_Stm32\build\core\core.a(stm32yyxx_hal_uart.c.o)
 .text.HAL_UART_MspInit
                0x080070d0        0x2 E:\Visual Code\EcheckList_Stm32\build\core\core.a(stm32yyxx_hal_uart.c.o)
                0x080070d0                HAL_UART_MspInit
 .text.HAL_UART_Init
                0x080070d2       0x5c E:\Visual Code\EcheckList_Stm32\build\core\core.a(stm32yyxx_hal_uart.c.o)
                0x080070d2                HAL_UART_Init
 .text.HAL_UART_Transmit
                0x0800712e       0xb6 E:\Visual Code\EcheckList_Stm32\build\core\core.a(stm32yyxx_hal_uart.c.o)
                0x0800712e                HAL_UART_Transmit
 .text.HAL_UART_Transmit_IT
                0x080071e4       0x3e E:\Visual Code\EcheckList_Stm32\build\core\core.a(stm32yyxx_hal_uart.c.o)
                0x080071e4                HAL_UART_Transmit_IT
 .text.HAL_UART_Receive_IT
                0x08007222       0x4e E:\Visual Code\EcheckList_Stm32\build\core\core.a(stm32yyxx_hal_uart.c.o)
                0x08007222                HAL_UART_Receive_IT
 .text.UART_Receive_IT
                0x08007270       0x76 E:\Visual Code\EcheckList_Stm32\build\core\core.a(stm32yyxx_hal_uart.c.o)
 *fill*         0x080072e6        0x2 
 .text.HAL_UART_IRQHandler
                0x080072e8      0x140 E:\Visual Code\EcheckList_Stm32\build\core\core.a(stm32yyxx_hal_uart.c.o)
                0x080072e8                HAL_UART_IRQHandler
 .text.UART_DMAAbortOnError
                0x08007428       0x10 E:\Visual Code\EcheckList_Stm32\build\core\core.a(stm32yyxx_hal_uart.c.o)
 .text.HAL_UART_GetState
                0x08007438        0xc E:\Visual Code\EcheckList_Stm32\build\core\core.a(stm32yyxx_hal_uart.c.o)
                0x08007438                HAL_UART_GetState
 .text.set_GPIO_Port_Clock
                0x08007444       0xa8 E:\Visual Code\EcheckList_Stm32\build\core\core.a(PortNames.c.o)
                0x08007444                set_GPIO_Port_Clock
 .text.getCurrentMillis
                0x080074ec        0x4 E:\Visual Code\EcheckList_Stm32\build\core\core.a(clock.c.o)
                0x080074ec                getCurrentMillis
 .text.noOsSystickHandler
                0x080074f0        0x2 E:\Visual Code\EcheckList_Stm32\build\core\core.a(clock.c.o)
                0x080074f0                osSystickHandler
                0x080074f0                noOsSystickHandler
 .text.SysTick_Handler
                0x080074f2       0x10 E:\Visual Code\EcheckList_Stm32\build\core\core.a(clock.c.o)
                0x080074f2                SysTick_Handler
 *fill*         0x08007502        0x2 
 .text.dwt_init
                0x08007504       0x38 E:\Visual Code\EcheckList_Stm32\build\core\core.a(dwt.c.o)
                0x08007504                dwt_init
 .text.hw_config_init
                0x0800753c       0x12 E:\Visual Code\EcheckList_Stm32\build\core\core.a(hw_config.c.o)
                0x0800753c                hw_config_init
 .text.LL_GPIO_SetPinMode
                0x0800754e       0x2c E:\Visual Code\EcheckList_Stm32\build\core\core.a(pinmap.c.o)
 .text.LL_GPIO_SetPinOutputType
                0x0800757a       0x2c E:\Visual Code\EcheckList_Stm32\build\core\core.a(pinmap.c.o)
 .text.pin_in_pinmap
                0x080075a6       0x1e E:\Visual Code\EcheckList_Stm32\build\core\core.a(pinmap.c.o)
                0x080075a6                pin_in_pinmap
 .text.pin_function
                0x080075c4      0x39c E:\Visual Code\EcheckList_Stm32\build\core\core.a(pinmap.c.o)
                0x080075c4                pin_function
 .text.pinmap_pinout
                0x08007960       0x28 E:\Visual Code\EcheckList_Stm32\build\core\core.a(pinmap.c.o)
                0x08007960                pinmap_pinout
 .text.pinmap_find_peripheral
                0x08007988       0x18 E:\Visual Code\EcheckList_Stm32\build\core\core.a(pinmap.c.o)
                0x08007988                pinmap_find_peripheral
 .text.pinmap_peripheral
                0x080079a0        0xc E:\Visual Code\EcheckList_Stm32\build\core\core.a(pinmap.c.o)
                0x080079a0                pinmap_peripheral
 .text.pinmap_find_pin
                0x080079ac       0x18 E:\Visual Code\EcheckList_Stm32\build\core\core.a(pinmap.c.o)
                0x080079ac                pinmap_find_pin
 .text.pinmap_pin
                0x080079c4        0xc E:\Visual Code\EcheckList_Stm32\build\core\core.a(pinmap.c.o)
                0x080079c4                pinmap_pin
 .text.pinmap_merge_peripheral
                0x080079d0       0x12 E:\Visual Code\EcheckList_Stm32\build\core\core.a(pinmap.c.o)
                0x080079d0                pinmap_merge_peripheral
 *fill*         0x080079e2        0x2 
 .text.HAL_RTC_AlarmAEventCallback
                0x080079e4       0x18 E:\Visual Code\EcheckList_Stm32\build\core\core.a(rtc.c.o)
                0x080079e4                HAL_RTC_AlarmAEventCallback
 .text.RTC_Alarm_IRQHandler
                0x080079fc        0xc E:\Visual Code\EcheckList_Stm32\build\core\core.a(rtc.c.o)
                0x080079fc                RTC_Alarm_IRQHandler
 .text.LL_GPIO_SetPinMode
                0x08007a08       0x2c E:\Visual Code\EcheckList_Stm32\build\core\core.a(spi_com.c.o)
 .text.spi_getClkFreqInst
                0x08007a34       0x28 E:\Visual Code\EcheckList_Stm32\build\core\core.a(spi_com.c.o)
                0x08007a34                spi_getClkFreqInst
 .text.spi_init
                0x08007a5c      0x248 E:\Visual Code\EcheckList_Stm32\build\core\core.a(spi_com.c.o)
                0x08007a5c                spi_init
 .text.spi_transfer
                0x08007ca4       0x1e E:\Visual Code\EcheckList_Stm32\build\core\core.a(spi_com.c.o)
                0x08007ca4                spi_transfer
 .text._Error_Handler
                0x08007cc2        0x2 E:\Visual Code\EcheckList_Stm32\build\core\core.a(stm32_def.c.o)
                0x08007cc2                _Error_Handler
 .text.eeprom_buffer_fill
                0x08007cc4       0x18 E:\Visual Code\EcheckList_Stm32\build\core\core.a(stm32_eeprom.c.o)
                0x08007cc4                eeprom_buffer_fill
 .text.eeprom_read_byte
                0x08007cdc       0x14 E:\Visual Code\EcheckList_Stm32\build\core\core.a(stm32_eeprom.c.o)
                0x08007cdc                eeprom_read_byte
 .text.eeprom_buffer_flush
                0x08007cf0       0x60 E:\Visual Code\EcheckList_Stm32\build\core\core.a(stm32_eeprom.c.o)
                0x08007cf0                eeprom_buffer_flush
 .text.eeprom_write_byte
                0x08007d50        0xc E:\Visual Code\EcheckList_Stm32\build\core\core.a(stm32_eeprom.c.o)
                0x08007d50                eeprom_write_byte
 .text.SystemInit
                0x08007d5c       0x4c E:\Visual Code\EcheckList_Stm32\build\core\core.a(system_stm32yyxx.c.o)
                0x08007d5c                SystemInit
 .text.enableTimerClock
                0x08007da8       0x88 E:\Visual Code\EcheckList_Stm32\build\core\core.a(timer.c.o)
                0x08007da8                enableTimerClock
 .text.getTimerUpIrq
                0x08007e30       0x4c E:\Visual Code\EcheckList_Stm32\build\core\core.a(timer.c.o)
                0x08007e30                getTimerUpIrq
 .text.getTimerCCIrq
                0x08007e7c       0x4c E:\Visual Code\EcheckList_Stm32\build\core\core.a(timer.c.o)
                0x08007e7c                getTimerCCIrq
 .text.HAL_TIM_Base_MspInit
                0x08007ec8       0x50 E:\Visual Code\EcheckList_Stm32\build\core\core.a(timer.c.o)
                0x08007ec8                HAL_TIM_Base_MspInit
 .text.getTimerClkSrc
                0x08007f18       0x44 E:\Visual Code\EcheckList_Stm32\build\core\core.a(timer.c.o)
                0x08007f18                getTimerClkSrc
 .text.HAL_I2C_AddrCallback
                0x08007f5c       0x46 E:\Visual Code\EcheckList_Stm32\build\core\core.a(twi.c.o)
                0x08007f5c                HAL_I2C_AddrCallback
 .text.HAL_I2C_ListenCpltCallback
                0x08007fa2       0x2e E:\Visual Code\EcheckList_Stm32\build\core\core.a(twi.c.o)
                0x08007fa2                HAL_I2C_ListenCpltCallback
 .text.HAL_I2C_SlaveRxCpltCallback
                0x08007fd0       0x24 E:\Visual Code\EcheckList_Stm32\build\core\core.a(twi.c.o)
                0x08007fd0                HAL_I2C_SlaveRxCpltCallback
 .text.HAL_I2C_SlaveTxCpltCallback
                0x08007ff4        0x8 E:\Visual Code\EcheckList_Stm32\build\core\core.a(twi.c.o)
                0x08007ff4                HAL_I2C_SlaveTxCpltCallback
 .text.HAL_I2C_ErrorCallback
                0x08007ffc        0xc E:\Visual Code\EcheckList_Stm32\build\core\core.a(twi.c.o)
                0x08007ffc                HAL_I2C_ErrorCallback
 .text.I2C1_EV_IRQHandler
                0x08008008        0xc E:\Visual Code\EcheckList_Stm32\build\core\core.a(twi.c.o)
                0x08008008                I2C1_EV_IRQHandler
 .text.I2C1_ER_IRQHandler
                0x08008014        0xc E:\Visual Code\EcheckList_Stm32\build\core\core.a(twi.c.o)
                0x08008014                I2C1_ER_IRQHandler
 .text.I2C2_EV_IRQHandler
                0x08008020        0xc E:\Visual Code\EcheckList_Stm32\build\core\core.a(twi.c.o)
                0x08008020                I2C2_EV_IRQHandler
 .text.I2C2_ER_IRQHandler
                0x0800802c        0xc E:\Visual Code\EcheckList_Stm32\build\core\core.a(twi.c.o)
                0x0800802c                I2C2_ER_IRQHandler
 .text.uart_init.part.0
                0x08008038      0x138 E:\Visual Code\EcheckList_Stm32\build\core\core.a(uart.c.o)
 .text.uart_init
                0x08008170        0x8 E:\Visual Code\EcheckList_Stm32\build\core\core.a(uart.c.o)
                0x08008170                uart_init
 .text.uart_debug_init
                0x08008178       0x50 E:\Visual Code\EcheckList_Stm32\build\core\core.a(uart.c.o)
                0x08008178                uart_debug_init
 .text.uart_debug_write
                0x080081c8       0xe8 E:\Visual Code\EcheckList_Stm32\build\core\core.a(uart.c.o)
                0x080081c8                uart_debug_write
 .text.serial_rx_active
                0x080082b0       0x24 E:\Visual Code\EcheckList_Stm32\build\core\core.a(uart.c.o)
                0x080082b0                serial_rx_active
 .text.serial_tx_active
                0x080082d4       0x24 E:\Visual Code\EcheckList_Stm32\build\core\core.a(uart.c.o)
                0x080082d4                serial_tx_active
 .text.uart_getc
                0x080082f8       0x38 E:\Visual Code\EcheckList_Stm32\build\core\core.a(uart.c.o)
                0x080082f8                uart_getc
 .text.uart_attach_rx_callback
                0x08008330       0x4c E:\Visual Code\EcheckList_Stm32\build\core\core.a(uart.c.o)
                0x08008330                uart_attach_rx_callback
 .text.uart_attach_tx_callback
                0x0800837c       0x48 E:\Visual Code\EcheckList_Stm32\build\core\core.a(uart.c.o)
                0x0800837c                uart_attach_tx_callback
 .text.HAL_UART_RxCpltCallback
                0x080083c4        0xc E:\Visual Code\EcheckList_Stm32\build\core\core.a(uart.c.o)
                0x080083c4                HAL_UART_RxCpltCallback
 .text.HAL_UART_TxCpltCallback
                0x080083d0       0x26 E:\Visual Code\EcheckList_Stm32\build\core\core.a(uart.c.o)
                0x080083d0                HAL_UART_TxCpltCallback
 .text.HAL_UART_ErrorCallback
                0x080083f6       0x7c E:\Visual Code\EcheckList_Stm32\build\core\core.a(uart.c.o)
                0x080083f6                HAL_UART_ErrorCallback
 *fill*         0x08008472        0x2 
 .text.USART1_IRQHandler
                0x08008474       0x18 E:\Visual Code\EcheckList_Stm32\build\core\core.a(uart.c.o)
                0x08008474                USART1_IRQHandler
 .text.USART2_IRQHandler
                0x0800848c       0x18 E:\Visual Code\EcheckList_Stm32\build\core\core.a(uart.c.o)
                0x0800848c                USART2_IRQHandler
 .text.USART3_IRQHandler
                0x080084a4       0x1c E:\Visual Code\EcheckList_Stm32\build\core\core.a(uart.c.o)
                0x080084a4                USART3_IRQHandler
 .text._sbrk    0x080084c0       0x3c E:\Visual Code\EcheckList_Stm32\build\core\core.a(syscalls.c.o)
                0x080084c0                _sbrk
 .text._close   0x080084fc        0x6 E:\Visual Code\EcheckList_Stm32\build\core\core.a(syscalls.c.o)
                0x080084fc                _close
 .text._fstat   0x08008502        0xa E:\Visual Code\EcheckList_Stm32\build\core\core.a(syscalls.c.o)
                0x08008502                _fstat
 .text._isatty  0x0800850c        0x4 E:\Visual Code\EcheckList_Stm32\build\core\core.a(syscalls.c.o)
                0x0800850c                _isatty
 .text._lseek   0x08008510        0x4 E:\Visual Code\EcheckList_Stm32\build\core\core.a(syscalls.c.o)
                0x08008510                _lseek
 .text._read    0x08008514        0x4 E:\Visual Code\EcheckList_Stm32\build\core\core.a(syscalls.c.o)
                0x08008514                _read
 .text._write   0x08008518        0x8 E:\Visual Code\EcheckList_Stm32\build\core\core.a(syscalls.c.o)
                0x08008518                _write
 .text.pinMode  0x08008520       0x9c E:\Visual Code\EcheckList_Stm32\build\core\core.a(wiring_digital.c.o)
                0x08008520                pinMode
 .text.digitalWrite
                0x080085bc       0x48 E:\Visual Code\EcheckList_Stm32\build\core\core.a(wiring_digital.c.o)
                0x080085bc                digitalWrite
 .text.digitalRead
                0x08008604       0x4c E:\Visual Code\EcheckList_Stm32\build\core\core.a(wiring_digital.c.o)
                0x08008604                digitalRead
 .text.millis   0x08008650        0x4 E:\Visual Code\EcheckList_Stm32\build\core\core.a(wiring_time.c.o)
                0x08008650                millis
 .text.delay    0x08008654       0x1c E:\Visual Code\EcheckList_Stm32\build\core\core.a(wiring_time.c.o)
                0x08008654                delay
 .text._ZN14HardwareSerial16_tx_complete_irqEP8serial_s
                0x08008670       0x22 E:\Visual Code\EcheckList_Stm32\build\core\core.a(HardwareSerial.cpp.o)
                0x08008670                HardwareSerial::_tx_complete_irq(serial_s*)
 .text._ZN14HardwareSerial9availableEv
                0x08008692       0x10 E:\Visual Code\EcheckList_Stm32\build\core\core.a(HardwareSerial.cpp.o)
                0x08008692                HardwareSerial::available()
 .text._ZN14HardwareSerial4peekEv
                0x080086a2       0x18 E:\Visual Code\EcheckList_Stm32\build\core\core.a(HardwareSerial.cpp.o)
                0x080086a2                HardwareSerial::peek()
 .text._ZN14HardwareSerial4readEv
                0x080086ba       0x26 E:\Visual Code\EcheckList_Stm32\build\core\core.a(HardwareSerial.cpp.o)
                0x080086ba                HardwareSerial::read()
 .text._ZN14HardwareSerial16_rx_complete_irqEP8serial_s
                0x080086e0       0x38 E:\Visual Code\EcheckList_Stm32\build\core\core.a(HardwareSerial.cpp.o)
                0x080086e0                HardwareSerial::_rx_complete_irq(serial_s*)
 .text._ZN14HardwareSerial5writeEh
                0x08008718       0x40 E:\Visual Code\EcheckList_Stm32\build\core\core.a(HardwareSerial.cpp.o)
                0x08008718                HardwareSerial::write(unsigned char)
 .text._ZN14HardwareSerial5flushEv
                0x08008758       0x12 E:\Visual Code\EcheckList_Stm32\build\core\core.a(HardwareSerial.cpp.o)
                0x08008758                HardwareSerial::flush()
 .text._ZN14HardwareSerial4initEv
                0x0800876a       0x1c E:\Visual Code\EcheckList_Stm32\build\core\core.a(HardwareSerial.cpp.o)
                0x0800876a                HardwareSerial::init()
 *fill*         0x08008786        0x2 
 .text._ZN14HardwareSerialC2EPv
                0x08008788       0x60 E:\Visual Code\EcheckList_Stm32\build\core\core.a(HardwareSerial.cpp.o)
                0x08008788                HardwareSerial::HardwareSerial(void*)
                0x08008788                HardwareSerial::HardwareSerial(void*)
 .text._ZN14HardwareSerial5beginEmh
                0x080087e8       0x94 E:\Visual Code\EcheckList_Stm32\build\core\core.a(HardwareSerial.cpp.o)
                0x080087e8                HardwareSerial::begin(unsigned long, unsigned char)
 .text.startup._GLOBAL__sub_I_Serial1
                0x0800887c       0x10 E:\Visual Code\EcheckList_Stm32\build\core\core.a(HardwareSerial.cpp.o)
 .text._ZN13HardwareTimer13resumeChannelEm
                0x0800888c      0x130 E:\Visual Code\EcheckList_Stm32\build\core\core.a(HardwareTimer.cpp.o)
                0x0800888c                HardwareTimer::resumeChannel(unsigned long)
 .text._ZN13HardwareTimer6resumeEv
                0x080089bc       0x52 E:\Visual Code\EcheckList_Stm32\build\core\core.a(HardwareTimer.cpp.o)
                0x080089bc                HardwareTimer::resume()
 .text._ZN13HardwareTimer15attachInterruptEPFvPS_E
                0x08008a0e        0x6 E:\Visual Code\EcheckList_Stm32\build\core\core.a(HardwareTimer.cpp.o)
                0x08008a0e                HardwareTimer::attachInterrupt(void (*)(HardwareTimer*))
 .text._ZN13HardwareTimer14updateCallbackEP17TIM_HandleTypeDef
                0x08008a14       0x28 E:\Visual Code\EcheckList_Stm32\build\core\core.a(HardwareTimer.cpp.o)
                0x08008a14                HardwareTimer::updateCallback(TIM_HandleTypeDef*)